
Allocating common symbols
Common symbol       size              file

netbufpool          0x4               binaries/net.o
tmp                 0x4               binaries/control_reg.o
readylist           0x2               binaries/ready.o
rfltab              0x5a0             binaries/rflinit.o
netportseed         0x8               binaries/net.o
sleepq              0x2               binaries/clkinit.o
ffslist             0x8               binaries/initialize.o
nnames              0x4               binaries/naminit.o
udptab              0x168             binaries/udp.o
minheap             0x4               binaries/meminit.o
marks               0x50              binaries/mark.o
currpid             0x4               binaries/initialize.o
Lf_data             0x20c             binaries/lfsinit.o
porttab             0x2d0             binaries/ptinit.o
girmask             0x2               binaries/evec.o
ttytab              0x110             binaries/ttyinit.o
proctab             0x1c20            binaries/initialize.o
prcount             0x4               binaries/initialize.o
pdtlist             0x8               binaries/initialize.o
lfltab              0xf00             binaries/lflinit.o
rdstab              0x8c              binaries/rdsinit.o
ethertab            0x130             binaries/ethinit.o
NetData             0xb0              binaries/net.o
nmarks              0x4               binaries/mark.o
initsp              0x4               binaries/i386.o
Defer               0x8               binaries/resched.o
semtab              0x4b0             binaries/initialize.o
maxheap             0x4               binaries/meminit.o
preempt             0x4               binaries/clkinit.o
buftab              0xf0              binaries/bufinit.o
Rf_data             0x18              binaries/rfsinit.o
mkmutex             0x4               binaries/mark.o
clktime             0x4               binaries/clkinit.o
arpcache            0x140             binaries/arp.o
icmptab             0x230             binaries/icmp.o
nbpools             0x4               binaries/bufinit.o
queuetab            0x980             binaries/queue.o
ptnextid            0x4               binaries/ptinit.o
Ram                 0x19000           binaries/raminit.o
swplist             0x8               binaries/initialize.o
ipoqueue            0x2c              binaries/ip.o
memlist             0x8               binaries/initialize.o
nametab             0x19a0            binaries/naminit.o
ptfree              0x4               binaries/ptinit.o

Discarded input sections

 .group         0x0000000000000000        0x8 binaries/ascdate.o
 .group         0x0000000000000000        0x8 binaries/bufinit.o
 .group         0x0000000000000000        0x8 binaries/chprio.o
 .group         0x0000000000000000        0x8 binaries/clkhandler.o
 .text.__x86.get_pc_thunk.bx
                0x0000000000000000        0x4 binaries/clkhandler.o
 .group         0x0000000000000000        0x8 binaries/clkinit.o
 .text.__x86.get_pc_thunk.bx
                0x0000000000000000        0x4 binaries/clkinit.o
 .group         0x0000000000000000        0x8 binaries/close.o
 .text.__x86.get_pc_thunk.bx
                0x0000000000000000        0x4 binaries/close.o
 .group         0x0000000000000000        0x8 binaries/control.o
 .text.__x86.get_pc_thunk.bx
                0x0000000000000000        0x4 binaries/control.o
 .group         0x0000000000000000        0x8 binaries/control_reg.o
 .group         0x0000000000000000        0x8 binaries/control_reg.o
 .text.__x86.get_pc_thunk.ax
                0x0000000000000000        0x4 binaries/control_reg.o
 .text.__x86.get_pc_thunk.bx
                0x0000000000000000        0x4 binaries/control_reg.o
 .group         0x0000000000000000        0x8 binaries/create.o
 .group         0x0000000000000000        0x8 binaries/create.o
 .text.__x86.get_pc_thunk.cx
                0x0000000000000000        0x4 binaries/create.o
 .text.__x86.get_pc_thunk.bx
                0x0000000000000000        0x4 binaries/create.o
 .group         0x0000000000000000        0x8 binaries/debugging.o
 .group         0x0000000000000000        0x8 binaries/debugging.o
 .text.__x86.get_pc_thunk.ax
                0x0000000000000000        0x4 binaries/debugging.o
 .text.__x86.get_pc_thunk.bx
                0x0000000000000000        0x4 binaries/debugging.o
 .group         0x0000000000000000        0x8 binaries/evec.o
 .group         0x0000000000000000        0x8 binaries/evec.o
 .text.__x86.get_pc_thunk.ax
                0x0000000000000000        0x4 binaries/evec.o
 .text.__x86.get_pc_thunk.bx
                0x0000000000000000        0x4 binaries/evec.o
 .group         0x0000000000000000        0x8 binaries/exit.o
 .text.__x86.get_pc_thunk.bx
                0x0000000000000000        0x4 binaries/exit.o
 .group         0x0000000000000000        0x8 binaries/freebuf.o
 .text.__x86.get_pc_thunk.bx
[...]
Memory Configuration

Name             Origin             Length             Attributes
*default*        0x0000000000000000 0xffffffffffffffff

Linker script and memory map

                0x0000000000100000                physbase = 0x100000
                0x0000000000100000                . = physbase
                0x0000000000100000                . = ALIGN (0x1000)

.text           0x0000000000100000    0x1f000
                0x0000000000100000                text = ABSOLUTE (.)
 *(.text .text.*)
 .text          0x0000000000100000      0x165 binaries/start.o
                0x0000000000100020                entry
                0x000000000010003d                start
                0x00000000001000a5                inb
                0x00000000001000ad                inw
                0x00000000001000b6                inl
                0x00000000001000be                outb
                0x00000000001000c8                outw
                0x00000000001000d3                outl
                0x00000000001000dd                _rtcin
                0x00000000001000e8                ___udivsi3
                0x00000000001000f3                ___divsi3
                0x00000000001000ff                sbzero
                0x000000000010010f                bcopy
                0x0000000000100123                insw
                0x0000000000100139                outsw
                0x000000000010014f                lidt
                0x0000000000100157                jumptocode
                0x000000000010015e                jumptobootcode
 .text          0x0000000000100165      0x404 binaries/ascdate.o
                0x0000000000100165                ascdate
 .text.__x86.get_pc_thunk.cx
                0x0000000000100569        0x4 binaries/ascdate.o
                0x0000000000100569                __x86.get_pc_thunk.cx
 .text          0x000000000010056d       0x20 binaries/bufinit.o
                0x000000000010056d                bufinit
 .text.__x86.get_pc_thunk.ax
                0x000000000010058d        0x4 binaries/bufinit.o
                0x000000000010058d                __x86.get_pc_thunk.ax
 .text          0x0000000000100591       0xa2 binaries/chprio.o
                0x0000000000100591                chprio
 .text.__x86.get_pc_thunk.bx
                0x0000000000100633        0x4 binaries/chprio.o
                0x0000000000100633                __x86.get_pc_thunk.bx
 .text          0x0000000000100637       0xd7 binaries/clkhandler.o
                0x0000000000100637                clkhandler
 .text          0x000000000010070e       0x95 binaries/clkinit.o
                0x000000000010070e                clkinit
 .text          0x00000000001007a3       0x86 binaries/close.o
                0x00000000001007a3                close
 .text          0x0000000000100829        0x0 binaries/conf.o
 .text          0x0000000000100829       0x8c binaries/control.o
                0x0000000000100829                control
 .text          0x00000000001008b5      0x20d binaries/control_reg.o
                0x00000000001008b5                read_cr0
                0x00000000001008fa                read_cr2
                0x000000000010093f                read_cr3
                0x0000000000100984                read_cr4
                0x00000000001009c9                write_cr0
                0x0000000000100a0c                write_cr3
                0x0000000000100a4f                write_cr4
                0x0000000000100a92                enable_paging
 .text          0x0000000000100ac2      0x303 binaries/create.o
                0x0000000000100ac2                create
                0x0000000000100d3f                newpid
 .text          0x0000000000100dc5      0x10b binaries/debugging.o
                0x0000000000100dc5                free_ffs_pages
                0x0000000000100e48                free_swap_pages
                0x0000000000100e7e                allocated_virtual_pages
                0x0000000000100ea7                used_ffs_frames
 .text          0x0000000000100ed0      0x3cc binaries/evec.o
                0x0000000000100ed0                initevec
                0x0000000000100f3c                set_evec
                0x0000000000100ffc                trap
 .text          0x000000000010129c       0x29 binaries/exit.o
                0x000000000010129c                exit
 .text          0x00000000001012c5       0xa1 binaries/freebuf.o
                0x00000000001012c5                freebuf
 .text          0x0000000000101366      0x5b3 binaries/freemem.o
                0x0000000000101366                freemem
                0x00000000001014fb                freeptmem
                0x0000000000101672                freeffsmem
                0x00000000001017e9                free_virtual_mem
 .text          0x0000000000101919       0x9f binaries/getbuf.o
                0x0000000000101919                getbuf
 .text          0x00000000001019b8       0x86 binaries/getc.o
                0x00000000001019b8                getc
 .text          0x0000000000101a3e       0x86 binaries/getdev.o
                0x0000000000101a3e                getdev
 .text          0x0000000000101ac4      0x111 binaries/getitem.o
                0x0000000000101ac4                getfirst
                0x0000000000101b1a                getlast
                0x0000000000101b72                getitem
 .text.__x86.get_pc_thunk.dx
                0x0000000000101bd5        0x4 binaries/getitem.o
                0x0000000000101bd5                __x86.get_pc_thunk.dx
 .text          0x0000000000101bd9      0x3fc binaries/getmem.o
                0x0000000000101bd9                getmem
                0x0000000000101d0b                getptmem
                0x0000000000101e3d                getffsmem
 .text          0x0000000000101fd5       0x17 binaries/getpid.o
                0x0000000000101fd5                getpid
 .text          0x0000000000101fec       0x8c binaries/getprio.o
                0x0000000000101fec                getprio
 .text          0x0000000000102078      0x119 binaries/getstk.o
                0x0000000000102078                getstk
 .text          0x0000000000102191       0x20 binaries/getticks.o
                0x0000000000102191                getticks
 .text          0x00000000001021b1       0x4a binaries/gettime.o
                0x00000000001021b1                gettime
 .text          0x00000000001021fb      0x21c binaries/getutime.o
                0x00000000001021fb                getutime
 .text          0x0000000000102417      0x43f binaries/i386.o
                0x0000000000102417                setsegs
                0x000000000010255a                init8259
                0x000000000010261c                pseg
                0x00000000001027e4                setirmask
 .text          0x0000000000102856       0x86 binaries/init.o
                0x0000000000102856                init
 .text          0x00000000001028dc      0x46e binaries/initialize.o
                0x00000000001028dc                nulluser
                0x0000000000102cd7                stop
                0x0000000000102d12                delay
 .text          0x0000000000102d4a      0x105 binaries/insert.o
                0x0000000000102d4a                insert
 .text          0x0000000000102e4f      0x13e binaries/insertd.o
                0x0000000000102e4f                insertd
 .text          0x0000000000102f8d       0x14 binaries/ioerr.o
                0x0000000000102f8d                ioerr
 .text          0x0000000000102fa1       0x14 binaries/ionull.o
                0x0000000000102fa1                ionull
 .text          0x0000000000102fb5      0x1f5 binaries/kill.o
                0x0000000000102fb5                kill
 .text          0x00000000001031aa      0x182 binaries/kprintf.o
                0x00000000001031aa                kputc
                0x000000000010324e                kgetc
                0x00000000001032f0                kprintf
 .text          0x000000000010332c      0xa11 binaries/main.o
                0x000000000010332c                sync_printf
                0x00000000001033e6                process_info
                0x0000000000103446                empty_process
                0x0000000000103471                vmalloc_process
                0x00000000001037cd                vmalloc_process2
                0x0000000000103a18                main
 .text          0x0000000000103d3d       0xf0 binaries/mark.o
                0x0000000000103d3d                markinit
                0x0000000000103d78                mark
 .text          0x0000000000103e2d      0x203 binaries/meminit.o
                0x0000000000103e2d                meminit
                0x0000000000103f16                ptmeminit
                0x0000000000103fa8                ffsmeminit
 .text          0x0000000000104030      0x194 binaries/mkbufpool.o
                0x0000000000104030                mkbufpool
 .text          0x00000000001041c4       0xbb binaries/newqueue.o
                0x00000000001041c4                newqueue
 .text          0x000000000010427f       0x8c binaries/open.o
                0x000000000010427f                open
 .text          0x000000000010430b      0x1f9 binaries/pagefault_handler.o
                0x000000000010430b                pagefault_handler
 .text          0x0000000000104504      0x35d binaries/paging.o
                0x0000000000104504                initialize_page_tables
                0x00000000001046c3                allocate_pdpt
 .text          0x0000000000104861       0x2e binaries/panic.o
                0x0000000000104861                panic
 .text          0x000000000010488f      0x540 binaries/pci.o
                0x000000000010488f                pci_init
                0x0000000000104ba9                find_pci_device
                0x0000000000104c04                pci_bios_read_config_byte
                0x0000000000104c50                pci_bios_read_config_word
                0x0000000000104c9f                pci_bios_read_config_dword
                0x0000000000104ceb                pci_bios_write_config_byte
                0x0000000000104d39                pci_bios_write_config_word
                0x0000000000104d87                pci_bios_write_config_dword
 .text.__x86.get_pc_thunk.si
                0x0000000000104dcf        0x4 binaries/pci.o
                0x0000000000104dcf                __x86.get_pc_thunk.si
 .text          0x0000000000104dd3      0x105 binaries/ptclear.o
                0x0000000000104dd3                _ptclear
 .text          0x0000000000104ed8       0xaf binaries/ptcount.o
                0x0000000000104ed8                ptcount
 .text          0x0000000000104f87      0x138 binaries/ptcreate.o
                0x0000000000104f87                ptcreate
 .text          0x00000000001050bf       0x94 binaries/ptdelete.o
                0x00000000001050bf                ptdelete
 .text          0x0000000000105153       0xe7 binaries/ptinit.o
                0x0000000000105153                ptinit
 .text          0x000000000010523a      0x135 binaries/ptrecv.o
                0x000000000010523a                ptrecv
 .text          0x000000000010536f       0x89 binaries/ptreset.o
                0x000000000010536f                ptreset
 .text          0x00000000001053f8      0x15a binaries/ptsend.o
                0x00000000001053f8                ptsend
 .text          0x0000000000105552       0x91 binaries/putc.o
                0x0000000000105552                putc
 .text          0x00000000001055e3      0x146 binaries/queue.o
                0x00000000001055e3                enqueue
                0x00000000001056a4                dequeue
 .text          0x0000000000105729       0x8c binaries/read.o
                0x0000000000105729                read
 .text          0x00000000001057b5       0x8c binaries/ready.o
                0x00000000001057b5                ready
 .text          0x0000000000105841       0x74 binaries/receive.o
                0x0000000000105841                receive
 .text          0x00000000001058b5       0x70 binaries/recvclr.o
                0x00000000001058b5                recvclr
 .text          0x0000000000105925       0xd5 binaries/recvtime.o
                0x0000000000105925                recvtime
 .text          0x00000000001059fa      0x1e0 binaries/resched.o
                0x00000000001059fa                resched
                0x0000000000105b3c                resched_cntl
 .text          0x0000000000105bda       0xbf binaries/resume.o
                0x0000000000105bda                resume
 .text          0x0000000000105c99       0x8a binaries/seek.o
                0x0000000000105c99                seek
 .text          0x0000000000105d23       0x87 binaries/semcount.o
                0x0000000000105d23                semcount
 .text          0x0000000000105daa      0x100 binaries/semcreate.o
                0x0000000000105daa                semcreate
 .text          0x0000000000105eaa       0xdf binaries/semdelete.o
                0x0000000000105eaa                semdelete
 .text          0x0000000000105f89       0xe3 binaries/semreset.o
                0x0000000000105f89                semreset
 .text          0x000000000010606c       0xfb binaries/send.o
                0x000000000010606c                send
 .text          0x0000000000106167       0xba binaries/signal.o
                0x0000000000106167                signal
 .text          0x0000000000106221       0xe8 binaries/signaln.o
                0x0000000000106221                signaln
 .text          0x0000000000106309      0x10e binaries/sleep.o
                0x0000000000106309                sleep
                0x0000000000106361                sleepms
 .text          0x0000000000106417      0x1b4 binaries/stacktrace.o
                0x0000000000106417                stacktrace
 .text          0x00000000001065cb       0xf5 binaries/suspend.o
                0x00000000001065cb                suspend
 .text          0x00000000001066c0      0x100 binaries/unsleep.o
                0x00000000001066c0                unsleep
 .text          0x00000000001067c0       0x29 binaries/userret.o
                0x00000000001067c0                userret
 .text          0x00000000001067e9      0x2cf binaries/vcreate.o
                0x00000000001067e9                vcreate
 .text          0x0000000000106ab8      0x555 binaries/vfree.o
                0x0000000000106ab8                vfree
 .text          0x000000000010700d      0x4d5 binaries/vmalloc.o
                0x000000000010700d                vmalloc
 .text          0x00000000001074e2       0xf5 binaries/wait.o
                0x00000000001074e2                wait
 .text          0x00000000001075d7       0x98 binaries/wakeup.o
                0x00000000001075d7                wakeup
 .text          0x000000000010766f       0x8c binaries/write.o
                0x000000000010766f                write
 .text          0x00000000001076fb       0x2f binaries/xdone.o
                0x00000000001076fb                xdone
 .text          0x000000000010772a       0x37 binaries/yield.o
                0x000000000010772a                yield
 .text          0x0000000000107761       0x1b binaries/abs.o
                0x0000000000107761                abs
 .text          0x000000000010777c       0x99 binaries/atoi.o
                0x000000000010777c                atoi
 .text          0x0000000000107815       0x99 binaries/atol.o
                0x0000000000107815                atol
 .text          0x00000000001078ae       0x3c binaries/bzero.o
                0x00000000001078ae                bzero
 .text          0x00000000001078ea        0x0 binaries/ctype_.o
 .text          0x00000000001078ea      0x94d binaries/doprnt.o
                0x00000000001078ea                _doprnt
 .text          0x0000000000108237      0x6cb binaries/doscan.o
                0x0000000000108237                _doscan
 .text.__x86.get_pc_thunk.di
                0x0000000000108902        0x4 binaries/doscan.o
                0x0000000000108902                __x86.get_pc_thunk.di
 .text          0x0000000000108906      0x76a binaries/fdoprnt.o
                0x0000000000108906                _fdoprnt
 .text          0x0000000000109070       0x39 binaries/fgetc.o
                0x0000000000109070                fgetc
 .text          0x00000000001090a9       0x84 binaries/fgets.o
                0x00000000001090a9                fgets
 .text          0x000000000010912d       0x3c binaries/fprintf.o
                0x000000000010912d                fprintf
 .text          0x0000000000109169       0x3c binaries/fputc.o
                0x0000000000109169                fputc
 .text          0x00000000001091a5       0x52 binaries/fputs.o
                0x00000000001091a5                fputs
 .text          0x00000000001091f7       0xb8 binaries/fscanf.o
                0x00000000001091f7                fscanf
 .text          0x00000000001092af       0x46 binaries/getchar.o
                0x00000000001092af                getchar
 .text          0x00000000001092f5       0x1b binaries/labs.o
                0x00000000001092f5                labs
 .text          0x0000000000109310        0x0 binaries/memchr.o
 .text          0x0000000000109310       0x5b binaries/memcmp.o
                0x0000000000109310                memcmp
 .text          0x000000000010936b       0x49 binaries/memcpy.o
                0x000000000010936b                memcpy
 .text          0x00000000001093b4       0x3a binaries/memset.o
                0x00000000001093b4                memset
 .text          0x00000000001093ee       0x5e binaries/printf.o
                0x00000000001093ee                printf
 .text          0x000000000010944c       0x49 binaries/putchar.o
                0x000000000010944c                putchar
 .text          0x0000000000109495      0x2b7 binaries/qsort.o
                0x0000000000109495                qsort
 .text          0x000000000010974c       0x81 binaries/rand.o
                0x000000000010974c                rand
                0x0000000000109770                rand_r
                0x00000000001097b4                srand
 .text          0x00000000001097cd       0x82 binaries/sprintf.o
                0x00000000001097cd                sprintf
 .text          0x000000000010984f       0x98 binaries/sscanf.o
                0x000000000010984f                sscanf
 .text          0x00000000001098e7       0x46 binaries/strchr.o
                0x00000000001098e7                strchr
 .text          0x000000000010992d       0x4f binaries/strcmp.o
                0x000000000010992d                strcmp
 .text          0x000000000010997c       0x31 binaries/strcpy.o
                0x000000000010997c                strcpy
 .text          0x00000000001099ad       0x30 binaries/strlen.o
                0x00000000001099ad                strlen
 .text          0x00000000001099dd       0x60 binaries/strncat.o
                0x00000000001099dd                strncat
 .text          0x0000000000109a3d       0x68 binaries/strncmp.o
                0x0000000000109a3d                strncmp
 .text          0x0000000000109aa5       0x59 binaries/strncpy.o
                0x0000000000109aa5                strncpy
 .text          0x0000000000109afe       0x38 binaries/strnlen.o
                0x0000000000109afe                strnlen
 .text          0x0000000000109b36       0x4f binaries/strrchr.o
                0x0000000000109b36                strrchr
 .text          0x0000000000109b85       0x78 binaries/strstr.o
                0x0000000000109b85                strstr
 .text          0x0000000000109bfd       0xfb binaries/ttycontrol.o
                0x0000000000109bfd                ttycontrol
 .text          0x0000000000109cf8       0xab binaries/ttygetc.o
                0x0000000000109cf8                ttygetc
 .text          0x0000000000109da3      0x72b binaries/ttyhandle_in.o
                0x0000000000109da3                ttyhandle_in
 .text          0x000000000010a4ce      0x1c2 binaries/ttyhandle_out.o
                0x000000000010a4ce                ttyhandle_out
 .text          0x000000000010a690       0xe7 binaries/ttyhandler.o
                0x000000000010a690                ttyhandler
 .text          0x000000000010a777      0x241 binaries/ttyinit.o
                0x000000000010a777                ttyinit
 .text          0x000000000010a9b8       0x2b binaries/ttykickout.o
                0x000000000010a9b8                ttykickout
 .text          0x000000000010a9e3       0xc9 binaries/ttyputc.o
                0x000000000010a9e3                ttyputc
 .text          0x000000000010aaac      0x12d binaries/ttyread.o
                0x000000000010aaac                ttyread
 .text          0x000000000010abd9       0x5c binaries/ttywrite.o
                0x000000000010abd9                ttywrite
 .text          0x000000000010ac35      0x174 binaries/mount.o
                0x000000000010ac35                mount
                0x000000000010ad69                namlen
 .text          0x000000000010ada9      0x220 binaries/naminit.o
                0x000000000010ada9                naminit
 .text          0x000000000010afc9      0x243 binaries/nammap.o
                0x000000000010afc9                nammap
                0x000000000010b066                namrepl
                0x000000000010b1b2                namcpy
 .text          0x000000000010b20c       0x5d binaries/namopen.o
                0x000000000010b20c                namopen
 .text          0x000000000010b269      0xf37 binaries/82545EMInit.o
                0x000000000010b2e6                _82545EMInit
                0x000000000010bff6                _82545EM_read_phy_reg
                0x000000000010c0c7                _82545EM_write_phy_reg
 .text          0x000000000010c1a0      0x28a binaries/ethcontrol.o
                0x000000000010c21d                ethcontrol
                0x000000000010c3a7                ethIrqDisable
                0x000000000010c3e7                ethIrqEnable
 .text          0x000000000010c42a      0x29a binaries/ethhandler.o
                0x000000000010c5cb                ethhandler
 .text          0x000000000010c6c4      0x13e binaries/ethinit.o
                0x000000000010c6c4                ethinit
 .text          0x000000000010c802      0x227 binaries/ethread.o
                0x000000000010c87f                ethread
 .text          0x000000000010ca29      0x1d0 binaries/ethwrite.o
                0x000000000010caa6                ethwrite
 .text          0x000000000010cbf9       0xaf binaries/rdsbufalloc.o
                0x000000000010cbf9                rdsbufalloc
 .text          0x000000000010cca8       0xcf binaries/rdsclose.o
                0x000000000010cca8                rdsclose
 .text          0x000000000010cd77      0x304 binaries/rdscomm.o
                0x000000000010cd77                rdscomm
 .text          0x000000000010d07b      0x242 binaries/rdscontrol.o
                0x000000000010d07b                rdscontrol
 .text          0x000000000010d2bd      0x204 binaries/rdsinit.o
                0x000000000010d2bd                rdsinit
 .text          0x000000000010d4c1      0x1a4 binaries/rdsopen.o
                0x000000000010d4c1                rdsopen
 .text          0x000000000010d665      0x471 binaries/rdsprocess.o
                0x000000000010d665                rdsprocess
 .text          0x000000000010dad6      0x262 binaries/rdsread.o
                0x000000000010dad6                rdsread
 .text          0x000000000010dd38      0x202 binaries/rdswrite.o
                0x000000000010dd38                rdswrite
 .text          0x000000000010df3a       0x14 binaries/ramclose.o
                0x000000000010df3a                ramclose
 .text          0x000000000010df4e       0x58 binaries/raminit.o
                0x000000000010df4e                raminit
 .text          0x000000000010dfa6       0x14 binaries/ramopen.o
                0x000000000010dfa6                ramopen
 .text          0x000000000010dfba       0x47 binaries/ramread.o
                0x000000000010dfba                ramread
 .text          0x000000000010e001       0x47 binaries/ramwrite.o
                0x000000000010e001                ramwrite
 .text          0x000000000010e048       0xc4 binaries/lfdballoc.o
                0x000000000010e048                lfdballoc
 .text          0x000000000010e10c       0x6c binaries/lfdbfree.o
                0x000000000010e10c                lfdbfree
 .text          0x000000000010e178       0xe0 binaries/lfflush.o
                0x000000000010e178                lfflush
 .text          0x000000000010e258       0xe2 binaries/lfgetmode.o
                0x000000000010e258                lfgetmode
 .text          0x000000000010e33a       0x92 binaries/lfiballoc.o
                0x000000000010e33a                lfiballoc
 .text          0x000000000010e3cc       0x45 binaries/lfibclear.o
                0x000000000010e3cc                lfibclear
 .text          0x000000000010e411       0xbc binaries/lfibget.o
                0x000000000010e411                lfibget
 .text          0x000000000010e4cd       0xeb binaries/lfibput.o
                0x000000000010e4cd                lfibput
 .text          0x000000000010e5b8       0xbb binaries/lflclose.o
                0x000000000010e5b8                lflclose
 .text          0x000000000010e673       0xef binaries/lflcontrol.o
                0x000000000010e673                lflcontrol
 .text          0x000000000010e762      0x104 binaries/lflgetc.o
                0x000000000010e762                lflgetc
 .text          0x000000000010e866      0x102 binaries/lflinit.o
                0x000000000010e866                lflinit
 .text          0x000000000010e968      0x13a binaries/lflputc.o
                0x000000000010e968                lflputc
 .text          0x000000000010eaa2       0x7f binaries/lflread.o
                0x000000000010eaa2                lflread
 .text          0x000000000010eb21       0xbe binaries/lflseek.o
                0x000000000010eb21                lflseek
 .text          0x000000000010ebdf       0x64 binaries/lflwrite.o
                0x000000000010ebdf                lflwrite
 .text          0x000000000010ec43       0x6c binaries/lfscheck.o
                0x000000000010ec43                lfscheck
 .text          0x000000000010ecaf      0x194 binaries/lfsckfmt.o
                0x000000000010ecaf                lfsckfmt
 .text          0x000000000010ee43      0x1be binaries/lfscreate.o
                0x000000000010ee43                lfscreate
 .text          0x000000000010f001      0x2a3 binaries/lfsetup.o
                0x000000000010f001                lfsetup
 .text          0x000000000010f2a4       0x81 binaries/lfsinit.o
                0x000000000010f2a4                lfsinit
 .text          0x000000000010f325      0x411 binaries/lfsopen.o
                0x000000000010f325                lfsopen
 .text          0x000000000010f736      0x18a binaries/lftruncate.o
                0x000000000010f736                lftruncate
 .text          0x000000000010f8c0       0x8f binaries/rflclose.o
                0x000000000010f8c0                rflclose
 .text          0x000000000010f94f       0x42 binaries/rflgetc.o
                0x000000000010f94f                rflgetc
 .text          0x000000000010f991       0x86 binaries/rflinit.o
                0x000000000010f991                rflinit
 .text          0x000000000010fa17       0x43 binaries/rflputc.o
                0x000000000010fa17                rflputc
 .text          0x000000000010fa5a      0x396 binaries/rflread.o
                0x000000000010fa5a                rflread
 .text          0x000000000010fdf0       0x92 binaries/rflseek.o
                0x000000000010fdf0                rflseek
 .text          0x000000000010fe82      0x381 binaries/rflwrite.o
                0x000000000010fe82                rflwrite
 .text          0x0000000000110203      0x21d binaries/rfscomm.o
                0x0000000000110203                rfscomm
 .text          0x0000000000110420      0x2ae binaries/rfscontrol.o
                0x0000000000110420                rfscontrol
 .text          0x00000000001106ce       0xe2 binaries/rfsgetmode.o
                0x00000000001106ce                rfsgetmode
 .text          0x00000000001107b0       0xb5 binaries/rfsinit.o
                0x00000000001107b0                rfsinit
 .text          0x0000000000110865      0x122 binaries/rfsndmsg.o
                0x0000000000110865                rfsndmsg
 .text          0x0000000000110987      0x2e3 binaries/rfsopen.o
                0x0000000000110987                rfsopen
 .text          0x0000000000110c6a      0x8e6 binaries/arp.o
                0x0000000000110c6a                arp_init
                0x0000000000110cb0                arp_resolve
                0x0000000000110f9e                arp_in
                0x0000000000111280                arp_alloc
                0x0000000000111362                arp_ntoh
                0x0000000000111459                arp_hton
 .text          0x0000000000111550      0x97b binaries/dhcp.o
                0x0000000000111550                dhcp_get_opt_val
                0x00000000001115b3                dhcp_bld_bootp_msg
                0x00000000001116da                dhcp_bld_disc
                0x00000000001117cd                dhcp_bld_req
                0x0000000000111950                getlocalip
 .text          0x0000000000111ecb      0x5f4 binaries/dns.o
                0x0000000000111ecb                dnslookup
 .text          0x00000000001124bf       0xf4 binaries/dot2ip.o
                0x00000000001124bf                dot2ip
 .text          0x00000000001125b3      0x528 binaries/hexdump.o
                0x00000000001125b3                hexdump
                0x0000000000112781                hexadump
 .text          0x0000000000112adb      0x940 binaries/icmp.o
                0x0000000000112adb                icmp_init
                0x0000000000112b21                icmp_in
                0x0000000000112d02                icmp_register
                0x0000000000112e0c                icmp_recv
                0x0000000000112faa                icmp_send
                0x000000000011303f                icmp_mkpkt
                0x0000000000113173                icmp_release
                0x0000000000113280                icmp_cksum
                0x000000000011331d                icmp_hton
                0x000000000011339c                icmp_ntoh
 .text          0x000000000011341b      0x96c binaries/ip.o
                0x000000000011341b                ip_in
                0x00000000001135c0                ip_send
                0x0000000000113742                ip_local
                0x00000000001137a3                ip_out
                0x00000000001138eb                ipcksum
                0x000000000011397b                ip_ntoh
                0x0000000000113a72                ip_hton
                0x0000000000113b69                ipout
                0x0000000000113cc0                ip_enqueue
 .text          0x0000000000113d87      0x337 binaries/net.o
                0x0000000000113d87                net_init
                0x0000000000113ee7                netin
                0x0000000000113fb5                eth_hton
                0x0000000000113fea                eth_ntoh
                0x000000000011401f                getport
 .text          0x00000000001140be     0x15bc binaries/pdump.o
                0x00000000001140be                pdump
                0x0000000000114f16                pdumph
 .text          0x000000000011567a      0x65e binaries/tftp.o
                0x000000000011567a                tftp_send1
                0x000000000011580d                tftpget
                0x0000000000115849                tftpget_mb
 .text          0x0000000000115cd8      0xc36 binaries/udp.o
                0x0000000000115cd8                udp_init
                0x0000000000115d1e                udp_in
                0x0000000000115e71                udp_register
                0x0000000000115fc0                udp_recv
                0x000000000011616f                udp_recvaddr
                0x0000000000116336                udp_send
                0x0000000000116539                udp_sendto
                0x0000000000116704                udp_release
                0x0000000000116810                udp_ntoh
                0x000000000011688f                udp_hton
 .text          0x000000000011690e      0x14d binaries/addargs.o
                0x000000000011690e                addargs
 .text          0x0000000000116a5b      0x2d1 binaries/lexan.o
                0x0000000000116a5b                lexan
 .text          0x0000000000116d2c      0x6dd binaries/shell.o
                0x0000000000116d2c                shell
 .text          0x0000000000117409       0x7e binaries/xsh_argecho.o
                0x0000000000117409                xsh_argecho
 .text          0x0000000000117487      0x2cc binaries/xsh_arp.o
                0x0000000000117487                xsh_arp
 .text          0x0000000000117753      0x2ae binaries/xsh_cat.o
                0x0000000000117753                xsh_cat
 .text          0x0000000000117a01       0x7a binaries/xsh_clear.o
                0x0000000000117a01                xsh_clear
 .text          0x0000000000117a7b      0x354 binaries/xsh_date.o
                0x0000000000117a7b                xsh_date
 .text          0x0000000000117dcf       0xcb binaries/xsh_devdump.o
                0x0000000000117dcf                xsh_devdump
 .text          0x0000000000117e9a       0x87 binaries/xsh_echo.o
                0x0000000000117e9a                xsh_echo
 .text          0x0000000000117f21       0x14 binaries/xsh_exit.o
                0x0000000000117f21                xsh_exit
 .text          0x0000000000117f35      0x3e9 binaries/xsh_help.o
                0x0000000000117f35                xsh_help
 .text          0x000000000011831e      0x287 binaries/xsh_kill.o
                0x000000000011831e                xsh_kill
 .text          0x00000000001185a5      0x5ad binaries/xsh_memdump.o
                0x00000000001185a5                xsh_memdump
 .text          0x0000000000118b52      0x316 binaries/xsh_memstat.o
                0x0000000000118b52                xsh_memstat
 .text          0x0000000000118e68      0x5d5 binaries/xsh_netinfo.o
                0x0000000000118e68                xsh_netinfo
 .text          0x000000000011943d      0x4e7 binaries/xsh_ping.o
                0x000000000011943d                xsh_ping
 .text          0x0000000000119924      0x303 binaries/xsh_ps.o
                0x0000000000119924                do_something
                0x000000000011997d                xsh_ps
 .text          0x0000000000119c27      0x265 binaries/xsh_sleep.o
                0x0000000000119c27                xsh_sleep
 .text          0x0000000000119e8c      0x2d8 binaries/xsh_udpdump.o
                0x0000000000119e8c                xsh_udpdump
 .text          0x000000000011a164      0x532 binaries/xsh_udpecho.o
                0x000000000011a164                xsh_udpecho
 .text          0x000000000011a696      0x2fb binaries/xsh_udpserver.o
                0x000000000011a696                xsh_udpeserver
 .text          0x000000000011a991      0x230 binaries/xsh_uptime.o
                0x000000000011a991                xsh_uptime
 .text          0x000000000011abc1        0xe binaries/clkdisp.o
                0x000000000011abc1                clkdisp
 .text          0x000000000011abcf       0x19 binaries/ctxsw.o
                0x000000000011abcf                ctxsw
 .text          0x000000000011abe8      0x368 binaries/intr.o
                0x000000000011abe8                disable
                0x000000000011abf1                restore
                0x000000000011abff                enable
                0x000000000011ac01                pause
                0x000000000011ac08                halt
                0x000000000011ac0b                spurious_irq7
                0x000000000011ac10                spurious_irq15
                0x000000000011ac1f                _Xint0
                0x000000000011ac2a                _Xint1
                0x000000000011ac35                _Xint2
                0x000000000011ac40                _Xint3
                0x000000000011ac4b                _Xint4
                0x000000000011ac56                _Xint5
                0x000000000011ac61                _Xint6
                0x000000000011ac6c                _Xint7
                0x000000000011ac77                _Xint8
                0x000000000011ac82                _Xint9
                0x000000000011ac8d                _Xint10
                0x000000000011ac98                _Xint11
                0x000000000011aca6                _Xint12
                0x000000000011acb4                _Xint13
                0x000000000011acc2                _Xint14
                0x000000000011acd0                _Xint15
                0x000000000011acde                _Xint16
                0x000000000011acec                _Xint17
                0x000000000011acfa                _Xint18
                0x000000000011ad08                _Xint19
                0x000000000011ad16                _Xint20
                0x000000000011ad24                _Xint21
                0x000000000011ad32                _Xint22
                0x000000000011ad40                _Xint23
                0x000000000011ad4e                _Xint24
                0x000000000011ad5c                _Xint25
                0x000000000011ad6a                _Xint26
                0x000000000011ad78                _Xint27
                0x000000000011ad86                _Xint28
                0x000000000011ad94                _Xint29
                0x000000000011ada2                _Xint30
                0x000000000011adb0                _Xint31
                0x000000000011adbe                _Xint32
                0x000000000011adcc                _Xint33
                0x000000000011adda                _Xint34
                0x000000000011ade8                _Xint35
                0x000000000011adf6                _Xint36
                0x000000000011ae04                _Xint37
                0x000000000011ae12                _Xint38
                0x000000000011ae20                _Xint39
                0x000000000011ae2e                _Xint40
                0x000000000011ae3c                _Xint41
                0x000000000011ae4a                _Xint42
                0x000000000011ae58                _Xint43
                0x000000000011ae66                _Xint44
                0x000000000011ae74                _Xint45
                0x000000000011ae82                _Xint46
                0x000000000011ae90                defevec
 .text          0x000000000011af50        0xd binaries/pagefault_handler_disp.o
                0x000000000011af50                pagefault_handler_disp
 .text          0x000000000011af5d        0xf binaries/ttydispatch.o
                0x000000000011af5d                ttydispatch
 .text          0x000000000011af6c       0x13 binaries/ethdispatch.o
                0x000000000011af6c                ethdispatch
 *(.rodata .rodata.*)
 *fill*         0x000000000011af7f        0x1 
 .rodata        0x000000000011af80       0x8e binaries/ascdate.o
 .rodata        0x000000000011b00e       0xae binaries/conf.o
 .rodata        0x000000000011b0bc      0x22f binaries/evec.o
 *fill*         0x000000000011b2eb        0x1 
 .rodata        0x000000000011b2ec       0x61 binaries/getutime.o
 *fill*         0x000000000011b34d        0x3 
 .rodata        0x000000000011b350       0x90 binaries/i386.o
 .rodata        0x000000000011b3e0      0x186 binaries/initialize.o
 *fill*         0x000000000011b566        0x2 
 .rodata        0x000000000011b568       0x20 binaries/kill.o
 .rodata        0x000000000011b588      0x57b binaries/main.o
 .rodata        0x000000000011bb03       0x1a binaries/pagefault_handler.o
 .rodata        0x000000000011bb1d        0xf binaries/panic.o
 .rodata        0x000000000011bb2c      0x1ec binaries/pci.o
 .rodata        0x000000000011bd18       0x1d binaries/ptinit.o
 *fill*         0x000000000011bd35        0x3 
 .rodata        0x000000000011bd38       0x25 binaries/ptsend.o
 *fill*         0x000000000011bd5d        0x3 
 .rodata        0x000000000011bd60       0xb7 binaries/stacktrace.o
 *fill*         0x000000000011be17        0x1 
 .rodata        0x000000000011be18       0x27 binaries/xdone.o
 *fill*         0x000000000011be3f        0x1 
 .rodata        0x000000000011be40       0x81 binaries/ctype_.o
                0x000000000011be40                _ctype_
 *fill*         0x000000000011bec1        0x3 
 .rodata        0x000000000011bec4       0xee binaries/doprnt.o
 *fill*         0x000000000011bfb2        0x2 
 .rodata        0x000000000011bfb4       0x98 binaries/doscan.o
 .rodata        0x000000000011c04c       0xae binaries/fdoprnt.o
 *fill*         0x000000000011c0fa        0x2 
 .rodata        0x000000000011c0fc       0x20 binaries/ttycontrol.o
 .rodata        0x000000000011c11c       0x34 binaries/ttyhandler.o
 .rodata        0x000000000011c150       0x80 binaries/naminit.o
 .rodata        0x000000000011c1d0       0x2e binaries/82545EMInit.o
 *fill*         0x000000000011c1fe        0x2 
 .rodata        0x000000000011c200       0x78 binaries/ethinit.o
 .rodata        0x000000000011c278       0x18 binaries/ethread.o
 .rodata        0x000000000011c290       0x2c binaries/rdsbufalloc.o
 .rodata        0x000000000011c2bc       0x76 binaries/rdscomm.o
 *fill*         0x000000000011c332        0x2 
 .rodata        0x000000000011c334       0x48 binaries/rdscontrol.o
 .rodata        0x000000000011c37c       0x96 binaries/rdsinit.o
 *fill*         0x000000000011c412        0x2 
 .rodata        0x000000000011c414       0x22 binaries/rdsopen.o
 *fill*         0x000000000011c436        0x2 
 .rodata        0x000000000011c438       0x4d binaries/rdsprocess.o
 .rodata        0x000000000011c485        0x9 binaries/raminit.o
 *fill*         0x000000000011c48e        0x2 
 .rodata        0x000000000011c490       0x37 binaries/lfdballoc.o
 .rodata        0x000000000011c4c7       0x14 binaries/lfiballoc.o
 *fill*         0x000000000011c4db        0x1 
 .rodata        0x000000000011c4dc       0x23 binaries/lflcontrol.o
 *fill*         0x000000000011c4ff        0x1 
 .rodata        0x000000000011c500      0x11b binaries/lfsckfmt.o
 *fill*         0x000000000011c61b        0x1 
 .rodata        0x000000000011c61c       0x2a binaries/lfsopen.o
 *fill*         0x000000000011c646        0x2 
 .rodata        0x000000000011c648       0x21 binaries/rflread.o
 *fill*         0x000000000011c669        0x3 
 .rodata        0x000000000011c66c       0x21 binaries/rflwrite.o
 *fill*         0x000000000011c68d        0x3 
 .rodata        0x000000000011c690       0x75 binaries/rfscomm.o
 *fill*         0x000000000011c705        0x3 
 .rodata        0x000000000011c708       0x3c binaries/rfscontrol.o
 .rodata        0x000000000011c744       0x63 binaries/rfsinit.o
 *fill*         0x000000000011c7a7        0x1 
 .rodata        0x000000000011c7a8       0x2a binaries/rfsndmsg.o
 *fill*         0x000000000011c7d2        0x2 
 .rodata        0x000000000011c7d4       0x22 binaries/rfsopen.o
 *fill*         0x000000000011c7f6        0x2 
 .rodata        0x000000000011c7f8       0x3a binaries/arp.o
 *fill*         0x000000000011c832        0x2 
 .rodata        0x000000000011c834       0xcf binaries/dhcp.o
 .rodata        0x000000000011c903       0x1a binaries/dns.o
 *fill*         0x000000000011c91d        0x3 
 .rodata        0x000000000011c920       0xc9 binaries/hexdump.o
 *fill*         0x000000000011c9e9        0x3 
 .rodata        0x000000000011c9ec       0x29 binaries/icmp.o
 *fill*         0x000000000011ca15        0x3 
 .rodata        0x000000000011ca18       0x6e binaries/ip.o
 *fill*         0x000000000011ca86        0x2 
 .rodata        0x000000000011ca88       0x4f binaries/net.o
 *fill*         0x000000000011cad7        0x1 
 .rodata        0x000000000011cad8      0x26f binaries/pdump.o
 *fill*         0x000000000011cd47        0x1 
 .rodata        0x000000000011cd48      0x154 binaries/tftp.o
 .rodata        0x000000000011ce9c      0x2c1 binaries/shell.o
 .rodata        0x000000000011d15d       0x28 binaries/xsh_argecho.o
 *fill*         0x000000000011d185        0x3 
 .rodata        0x000000000011d188      0x123 binaries/xsh_arp.o
 *fill*         0x000000000011d2ab        0x1 
 .rodata        0x000000000011d2ac       0xc9 binaries/xsh_cat.o
 .rodata        0x000000000011d375       0x19 binaries/xsh_clear.o
 *fill*         0x000000000011d38e        0x2 
 .rodata        0x000000000011d390      0x1c3 binaries/xsh_date.o
 .rodata        0x000000000011d553       0x5d binaries/xsh_devdump.o
 .rodata        0x000000000011d5b0        0x9 binaries/xsh_echo.o
 *fill*         0x000000000011d5b9        0x3 
 .rodata        0x000000000011d5bc      0x169 binaries/xsh_help.o
 *fill*         0x000000000011d725        0x3 
 .rodata        0x000000000011d728      0x12e binaries/xsh_kill.o
 *fill*         0x000000000011d856        0x2 
 .rodata        0x000000000011d858      0x266 binaries/xsh_memdump.o
 *fill*         0x000000000011dabe        0x2 
 .rodata        0x000000000011dac0      0x225 binaries/xsh_memstat.o
 *fill*         0x000000000011dce5        0x3 
 .rodata        0x000000000011dce8      0x1b0 binaries/xsh_netinfo.o
 .rodata        0x000000000011de98      0x1a1 binaries/xsh_ping.o
 *fill*         0x000000000011e039        0x3 
 .rodata        0x000000000011e03c      0x1c7 binaries/xsh_ps.o
 *fill*         0x000000000011e203        0x1 
 .rodata        0x000000000011e204       0xeb binaries/xsh_sleep.o
 *fill*         0x000000000011e2ef        0x1 
 .rodata        0x000000000011e2f0      0x1b8 binaries/xsh_udpdump.o
 .rodata        0x000000000011e4a8      0x215 binaries/xsh_udpecho.o
 *fill*         0x000000000011e6bd        0x3 
 .rodata        0x000000000011e6c0      0x12b binaries/xsh_udpserver.o
 *fill*         0x000000000011e7eb        0x1 
 .rodata        0x000000000011e7ec      0x105 binaries/xsh_uptime.o
                0x000000000011e8f1                etext = ABSOLUTE (.)
                0x000000000011f000                . = ALIGN (0x1000)
 *fill*         0x000000000011e8f1      0x70f 

.eh_frame       0x000000000011f000     0x3520
 .eh_frame      0x000000000011f000       0x50 binaries/ascdate.o
 .eh_frame      0x000000000011f050       0x34 binaries/bufinit.o
                                         0x4c (size before relaxing)
 .eh_frame      0x000000000011f084       0x38 binaries/chprio.o
                                         0x50 (size before relaxing)
 .eh_frame      0x000000000011f0bc       0x24 binaries/clkhandler.o
                                         0x50 (size before relaxing)
 .eh_frame      0x000000000011f0e0       0x24 binaries/clkinit.o
                                         0x50 (size before relaxing)
 .eh_frame      0x000000000011f104       0x24 binaries/close.o
                                         0x50 (size before relaxing)
 .eh_frame      0x000000000011f128       0x24 binaries/control.o
                                         0x50 (size before relaxing)
 .eh_frame      0x000000000011f14c      0x11c binaries/control_reg.o
                                        0x15c (size before relaxing)
 .eh_frame      0x000000000011f268       0x48 binaries/create.o
                                         0x88 (size before relaxing)
 .eh_frame      0x000000000011f2b0       0x84 binaries/debugging.o
                                         0xc4 (size before relaxing)
 .eh_frame      0x000000000011f334       0x6c binaries/evec.o
                                         0xac (size before relaxing)
 .eh_frame      0x000000000011f3a0       0x24 binaries/exit.o
                                         0x50 (size before relaxing)
 .eh_frame      0x000000000011f3c4       0x24 binaries/freebuf.o
                                         0x50 (size before relaxing)
 .eh_frame      0x000000000011f3e8       0x90 binaries/freemem.o
                                         0xd0 (size before relaxing)
 .eh_frame      0x000000000011f478       0x24 binaries/getbuf.o
                                         0x50 (size before relaxing)
 .eh_frame      0x000000000011f49c       0x24 binaries/getc.o
                                         0x50 (size before relaxing)
 .eh_frame      0x000000000011f4c0       0x24 binaries/getdev.o
                                         0x50 (size before relaxing)
 .eh_frame      0x000000000011f4e4       0x78 binaries/getitem.o
                                         0xa4 (size before relaxing)
 .eh_frame      0x000000000011f55c       0x6c binaries/getmem.o
                                         0x98 (size before relaxing)
 .eh_frame      0x000000000011f5c8       0x20 binaries/getpid.o
                                         0x4c (size before relaxing)
 .eh_frame      0x000000000011f5e8       0x24 binaries/getprio.o
                                         0x50 (size before relaxing)
 .eh_frame      0x000000000011f60c       0x24 binaries/getstk.o
                                         0x50 (size before relaxing)
 .eh_frame      0x000000000011f630       0x20 binaries/getticks.o
                                         0x4c (size before relaxing)
 .eh_frame      0x000000000011f650       0x24 binaries/gettime.o
                                         0x50 (size before relaxing)
 .eh_frame      0x000000000011f674       0x24 binaries/getutime.o
                                         0x50 (size before relaxing)
 .eh_frame      0x000000000011f698       0x9c binaries/i386.o
                                         0xc8 (size before relaxing)
 .eh_frame      0x000000000011f734       0x24 binaries/init.o
                                         0x50 (size before relaxing)
 .eh_frame      0x000000000011f758       0xa8 binaries/initialize.o
                                         0xe8 (size before relaxing)
 .eh_frame      0x000000000011f800       0x24 binaries/insert.o
                                         0x50 (size before relaxing)
 .eh_frame      0x000000000011f824       0x28 binaries/insertd.o
                                         0x54 (size before relaxing)
 .eh_frame      0x000000000011f84c       0x20 binaries/ioerr.o
                                         0x4c (size before relaxing)
 .eh_frame      0x000000000011f86c       0x20 binaries/ionull.o
                                         0x4c (size before relaxing)
 .eh_frame      0x000000000011f88c       0x2c binaries/kill.o
                                         0x58 (size before relaxing)
 .eh_frame      0x000000000011f8b8       0x6c binaries/kprintf.o
                                         0xac (size before relaxing)
 .eh_frame      0x000000000011f924       0xf0 binaries/main.o
                                        0x130 (size before relaxing)
 .eh_frame      0x000000000011fa14       0x48 binaries/mark.o
                                         0x74 (size before relaxing)
 .eh_frame      0x000000000011fa5c       0x60 binaries/meminit.o
                                         0x8c (size before relaxing)
 .eh_frame      0x000000000011fabc       0x24 binaries/mkbufpool.o
                                         0x50 (size before relaxing)
 .eh_frame      0x000000000011fae0       0x24 binaries/newqueue.o
                                         0x50 (size before relaxing)
 .eh_frame      0x000000000011fb04       0x24 binaries/open.o
                                         0x50 (size before relaxing)
 .eh_frame      0x000000000011fb28       0x2c binaries/pagefault_handler.o
                                         0x58 (size before relaxing)
 .eh_frame      0x000000000011fb54       0x48 binaries/paging.o
                                         0x74 (size before relaxing)
 .eh_frame      0x000000000011fb9c       0x1c binaries/panic.o
                                         0x48 (size before relaxing)
 .eh_frame      0x000000000011fbb8      0x1ec binaries/pci.o
                                        0x240 (size before relaxing)
 .eh_frame      0x000000000011fda4       0x24 binaries/ptclear.o
                                         0x50 (size before relaxing)
 .eh_frame      0x000000000011fdc8       0x24 binaries/ptcount.o
                                         0x50 (size before relaxing)
 .eh_frame      0x000000000011fdec       0x24 binaries/ptcreate.o
                                         0x50 (size before relaxing)
 .eh_frame      0x000000000011fe10       0x24 binaries/ptdelete.o
                                         0x50 (size before relaxing)
 .eh_frame      0x000000000011fe34       0x24 binaries/ptinit.o
                                         0x50 (size before relaxing)
 .eh_frame      0x000000000011fe58       0x24 binaries/ptrecv.o
                                         0x50 (size before relaxing)
 .eh_frame      0x000000000011fe7c       0x24 binaries/ptreset.o
                                         0x50 (size before relaxing)
 .eh_frame      0x000000000011fea0       0x24 binaries/ptsend.o
                                         0x50 (size before relaxing)
 .eh_frame      0x000000000011fec4       0x24 binaries/putc.o
                                         0x50 (size before relaxing)
 .eh_frame      0x000000000011fee8       0x48 binaries/queue.o
                                         0x88 (size before relaxing)
 .eh_frame      0x000000000011ff30       0x24 binaries/read.o
                                         0x50 (size before relaxing)
 .eh_frame      0x000000000011ff54       0x28 binaries/ready.o
                                         0x54 (size before relaxing)
 .eh_frame      0x000000000011ff7c       0x24 binaries/receive.o
                                         0x50 (size before relaxing)
 .eh_frame      0x000000000011ffa0       0x24 binaries/recvclr.o
                                         0x50 (size before relaxing)
 .eh_frame      0x000000000011ffc4       0x24 binaries/recvtime.o
                                         0x50 (size before relaxing)
 .eh_frame      0x000000000011ffe8       0x48 binaries/resched.o
                                         0x88 (size before relaxing)
 .eh_frame      0x0000000000120030       0x24 binaries/resume.o
                                         0x50 (size before relaxing)
 .eh_frame      0x0000000000120054       0x24 binaries/seek.o
                                         0x50 (size before relaxing)
 .eh_frame      0x0000000000120078       0x24 binaries/semcount.o
                                         0x50 (size before relaxing)
 .eh_frame      0x000000000012009c       0x48 binaries/semcreate.o
                                         0x88 (size before relaxing)
 .eh_frame      0x00000000001200e4       0x24 binaries/semdelete.o
                                         0x50 (size before relaxing)
 .eh_frame      0x0000000000120108       0x24 binaries/semreset.o
                                         0x50 (size before relaxing)
 .eh_frame      0x000000000012012c       0x24 binaries/send.o
                                         0x50 (size before relaxing)
 .eh_frame      0x0000000000120150       0x24 binaries/signal.o
                                         0x50 (size before relaxing)
 .eh_frame      0x0000000000120174       0x24 binaries/signaln.o
                                         0x50 (size before relaxing)
 .eh_frame      0x0000000000120198       0x44 binaries/sleep.o
                                         0x84 (size before relaxing)
 .eh_frame      0x00000000001201dc       0x24 binaries/stacktrace.o
                                         0x50 (size before relaxing)
 .eh_frame      0x0000000000120200       0x24 binaries/suspend.o
                                         0x50 (size before relaxing)
 .eh_frame      0x0000000000120224       0x24 binaries/unsleep.o
                                         0x50 (size before relaxing)
 .eh_frame      0x0000000000120248       0x24 binaries/userret.o
                                         0x50 (size before relaxing)
 .eh_frame      0x000000000012026c       0x24 binaries/vcreate.o
                                         0x50 (size before relaxing)
 .eh_frame      0x0000000000120290       0x2c binaries/vfree.o
                                         0x58 (size before relaxing)
 .eh_frame      0x00000000001202bc       0x2c binaries/vmalloc.o
                                         0x58 (size before relaxing)
 .eh_frame      0x00000000001202e8       0x24 binaries/wait.o
                                         0x50 (size before relaxing)
 .eh_frame      0x000000000012030c       0x24 binaries/wakeup.o
                                         0x50 (size before relaxing)
 .eh_frame      0x0000000000120330       0x24 binaries/write.o
                                         0x50 (size before relaxing)
 .eh_frame      0x0000000000120354       0x24 binaries/xdone.o
                                         0x50 (size before relaxing)
 .eh_frame      0x0000000000120378       0x24 binaries/yield.o
                                         0x50 (size before relaxing)
 .eh_frame      0x000000000012039c       0x20 binaries/abs.o
                                         0x4c (size before relaxing)
 .eh_frame      0x00000000001203bc       0x20 binaries/atoi.o
                                         0x4c (size before relaxing)
 .eh_frame      0x00000000001203dc       0x20 binaries/atol.o
                                         0x4c (size before relaxing)
 .eh_frame      0x00000000001203fc       0x20 binaries/bzero.o
                                         0x4c (size before relaxing)
 .eh_frame      0x000000000012041c       0xec binaries/doprnt.o
                                        0x140 (size before relaxing)
 .eh_frame      0x0000000000120508       0xc8 binaries/doscan.o
                                         0xf4 (size before relaxing)
 .eh_frame      0x00000000001205d0       0xcc binaries/fdoprnt.o
                                        0x10c (size before relaxing)
 .eh_frame      0x000000000012069c       0x24 binaries/fgetc.o
                                         0x50 (size before relaxing)
 .eh_frame      0x00000000001206c0       0x24 binaries/fgets.o
                                         0x50 (size before relaxing)
 .eh_frame      0x00000000001206e4       0x24 binaries/fprintf.o
                                         0x50 (size before relaxing)
 .eh_frame      0x0000000000120708       0x24 binaries/fputc.o
                                         0x50 (size before relaxing)
 .eh_frame      0x000000000012072c       0x24 binaries/fputs.o
                                         0x50 (size before relaxing)
 .eh_frame      0x0000000000120750       0x68 binaries/fscanf.o
                                         0x94 (size before relaxing)
 .eh_frame      0x00000000001207b8       0x24 binaries/getchar.o
                                         0x50 (size before relaxing)
 .eh_frame      0x00000000001207dc       0x20 binaries/labs.o
                                         0x4c (size before relaxing)
 .eh_frame      0x00000000001207fc       0x20 binaries/memcmp.o
                                         0x4c (size before relaxing)
 .eh_frame      0x000000000012081c       0x24 binaries/memcpy.o
                                         0x50 (size before relaxing)
 .eh_frame      0x0000000000120840       0x24 binaries/memset.o
                                         0x50 (size before relaxing)
 .eh_frame      0x0000000000120864       0x24 binaries/printf.o
                                         0x50 (size before relaxing)
 .eh_frame      0x0000000000120888       0x24 binaries/putchar.o
                                         0x50 (size before relaxing)
 .eh_frame      0x00000000001208ac       0xa4 binaries/qsort.o
                                         0xd0 (size before relaxing)
 .eh_frame      0x0000000000120950       0x60 binaries/rand.o
                                         0x8c (size before relaxing)
 .eh_frame      0x00000000001209b0       0x44 binaries/sprintf.o
                                         0x70 (size before relaxing)
 .eh_frame      0x00000000001209f4       0x64 binaries/sscanf.o
                                         0x90 (size before relaxing)
 .eh_frame      0x0000000000120a58       0x20 binaries/strchr.o
                                         0x4c (size before relaxing)
 .eh_frame      0x0000000000120a78       0x20 binaries/strcmp.o
                                         0x4c (size before relaxing)
 .eh_frame      0x0000000000120a98       0x20 binaries/strcpy.o
                                         0x4c (size before relaxing)
 .eh_frame      0x0000000000120ab8       0x20 binaries/strlen.o
                                         0x4c (size before relaxing)
 .eh_frame      0x0000000000120ad8       0x20 binaries/strncat.o
                                         0x4c (size before relaxing)
 .eh_frame      0x0000000000120af8       0x20 binaries/strncmp.o
                                         0x4c (size before relaxing)
 .eh_frame      0x0000000000120b18       0x28 binaries/strncpy.o
                                         0x54 (size before relaxing)
 .eh_frame      0x0000000000120b40       0x20 binaries/strnlen.o
                                         0x4c (size before relaxing)
 .eh_frame      0x0000000000120b60       0x20 binaries/strrchr.o
                                         0x4c (size before relaxing)
 .eh_frame      0x0000000000120b80       0x20 binaries/strstr.o
                                         0x4c (size before relaxing)
 .eh_frame      0x0000000000120ba0       0x24 binaries/ttycontrol.o
                                         0x50 (size before relaxing)
 .eh_frame      0x0000000000120bc4       0x24 binaries/ttygetc.o
                                         0x50 (size before relaxing)
 .eh_frame      0x0000000000120be8       0x88 binaries/ttyhandle_in.o
                                         0xdc (size before relaxing)
 .eh_frame      0x0000000000120c70       0x24 binaries/ttyhandle_out.o
                                         0x50 (size before relaxing)
 .eh_frame      0x0000000000120c94       0x24 binaries/ttyhandler.o
                                         0x50 (size before relaxing)
 .eh_frame      0x0000000000120cb8       0x24 binaries/ttyinit.o
                                         0x50 (size before relaxing)
 .eh_frame      0x0000000000120cdc       0x24 binaries/ttykickout.o
                                         0x50 (size before relaxing)
 .eh_frame      0x0000000000120d00       0x24 binaries/ttyputc.o
                                         0x50 (size before relaxing)
 .eh_frame      0x0000000000120d24       0x24 binaries/ttyread.o
                                         0x50 (size before relaxing)
 .eh_frame      0x0000000000120d48       0x24 binaries/ttywrite.o
                                         0x50 (size before relaxing)
 .eh_frame      0x0000000000120d6c       0x44 binaries/mount.o
                                         0x84 (size before relaxing)
 .eh_frame      0x0000000000120db0       0x24 binaries/naminit.o
                                         0x50 (size before relaxing)
 .eh_frame      0x0000000000120dd4       0x68 binaries/nammap.o
                                         0xa8 (size before relaxing)
 .eh_frame      0x0000000000120e3c       0x24 binaries/namopen.o
                                         0x50 (size before relaxing)
 .eh_frame      0x0000000000120e60      0x158 binaries/82545EMInit.o
                                        0x198 (size before relaxing)
 .eh_frame      0x0000000000120fb8       0xac binaries/ethcontrol.o
                                        0x100 (size before relaxing)
 .eh_frame      0x0000000000121064       0x90 binaries/ethhandler.o
                                         0xd0 (size before relaxing)
 .eh_frame      0x00000000001210f4       0x24 binaries/ethinit.o
                                         0x50 (size before relaxing)
 .eh_frame      0x0000000000121118       0x6c binaries/ethread.o
                                         0x98 (size before relaxing)
 .eh_frame      0x0000000000121184       0x6c binaries/ethwrite.o
                                         0x98 (size before relaxing)
 .eh_frame      0x00000000001211f0       0x24 binaries/rdsbufalloc.o
                                         0x50 (size before relaxing)
 .eh_frame      0x0000000000121214       0x20 binaries/rdsclose.o
                                         0x4c (size before relaxing)
 .eh_frame      0x0000000000121234       0x24 binaries/rdscomm.o
                                         0x50 (size before relaxing)
 .eh_frame      0x0000000000121258       0x24 binaries/rdscontrol.o
                                         0x50 (size before relaxing)
 .eh_frame      0x000000000012127c       0x24 binaries/rdsinit.o
                                         0x50 (size before relaxing)
 .eh_frame      0x00000000001212a0       0x24 binaries/rdsopen.o
                                         0x50 (size before relaxing)
 .eh_frame      0x00000000001212c4       0x1c binaries/rdsprocess.o
                                         0x48 (size before relaxing)
 .eh_frame      0x00000000001212e0       0x24 binaries/rdsread.o
                                         0x50 (size before relaxing)
 .eh_frame      0x0000000000121304       0x24 binaries/rdswrite.o
                                         0x50 (size before relaxing)
 .eh_frame      0x0000000000121328       0x20 binaries/ramclose.o
                                         0x4c (size before relaxing)
 .eh_frame      0x0000000000121348       0x24 binaries/raminit.o
                                         0x50 (size before relaxing)
 .eh_frame      0x000000000012136c       0x20 binaries/ramopen.o
                                         0x4c (size before relaxing)
 .eh_frame      0x000000000012138c       0x24 binaries/ramread.o
                                         0x50 (size before relaxing)
 .eh_frame      0x00000000001213b0       0x24 binaries/ramwrite.o
                                         0x50 (size before relaxing)
 .eh_frame      0x00000000001213d4       0x24 binaries/lfdballoc.o
                                         0x50 (size before relaxing)
 .eh_frame      0x00000000001213f8       0x24 binaries/lfdbfree.o
                                         0x50 (size before relaxing)
 .eh_frame      0x000000000012141c       0x24 binaries/lfflush.o
                                         0x50 (size before relaxing)
 .eh_frame      0x0000000000121440       0x20 binaries/lfgetmode.o
                                         0x4c (size before relaxing)
 .eh_frame      0x0000000000121460       0x24 binaries/lfiballoc.o
                                         0x50 (size before relaxing)
 .eh_frame      0x0000000000121484       0x20 binaries/lfibclear.o
                                         0x4c (size before relaxing)
 .eh_frame      0x00000000001214a4       0x24 binaries/lfibget.o
                                         0x50 (size before relaxing)
 .eh_frame      0x00000000001214c8       0x24 binaries/lfibput.o
                                         0x50 (size before relaxing)
 .eh_frame      0x00000000001214ec       0x24 binaries/lflclose.o
                                         0x50 (size before relaxing)
 .eh_frame      0x0000000000121510       0x24 binaries/lflcontrol.o
                                         0x50 (size before relaxing)
 .eh_frame      0x0000000000121534       0x24 binaries/lflgetc.o
                                         0x50 (size before relaxing)
 .eh_frame      0x0000000000121558       0x24 binaries/lflinit.o
                                         0x50 (size before relaxing)
 .eh_frame      0x000000000012157c       0x24 binaries/lflputc.o
                                         0x50 (size before relaxing)
 .eh_frame      0x00000000001215a0       0x24 binaries/lflread.o
                                         0x50 (size before relaxing)
 .eh_frame      0x00000000001215c4       0x24 binaries/lflseek.o
                                         0x50 (size before relaxing)
 .eh_frame      0x00000000001215e8       0x24 binaries/lflwrite.o
                                         0x50 (size before relaxing)
 .eh_frame      0x000000000012160c       0x20 binaries/lfscheck.o
                                         0x4c (size before relaxing)
 .eh_frame      0x000000000012162c       0x24 binaries/lfsckfmt.o
                                         0x50 (size before relaxing)
 .eh_frame      0x0000000000121650       0x24 binaries/lfscreate.o
                                         0x50 (size before relaxing)
 .eh_frame      0x0000000000121674       0x24 binaries/lfsetup.o
                                         0x50 (size before relaxing)
 .eh_frame      0x0000000000121698       0x24 binaries/lfsinit.o
                                         0x50 (size before relaxing)
 .eh_frame      0x00000000001216bc       0x24 binaries/lfsopen.o
                                         0x50 (size before relaxing)
 .eh_frame      0x00000000001216e0       0x24 binaries/lftruncate.o
                                         0x50 (size before relaxing)
 .eh_frame      0x0000000000121704       0x24 binaries/rflclose.o
                                         0x50 (size before relaxing)
 .eh_frame      0x0000000000121728       0x24 binaries/rflgetc.o
                                         0x50 (size before relaxing)
 .eh_frame      0x000000000012174c       0x20 binaries/rflinit.o
                                         0x4c (size before relaxing)
 .eh_frame      0x000000000012176c       0x24 binaries/rflputc.o
                                         0x50 (size before relaxing)
 .eh_frame      0x0000000000121790       0x24 binaries/rflread.o
                                         0x50 (size before relaxing)
 .eh_frame      0x00000000001217b4       0x24 binaries/rflseek.o
                                         0x50 (size before relaxing)
 .eh_frame      0x00000000001217d8       0x24 binaries/rflwrite.o
                                         0x50 (size before relaxing)
 .eh_frame      0x00000000001217fc       0x24 binaries/rfscomm.o
                                         0x50 (size before relaxing)
 .eh_frame      0x0000000000121820       0x24 binaries/rfscontrol.o
                                         0x50 (size before relaxing)
 .eh_frame      0x0000000000121844       0x20 binaries/rfsgetmode.o
                                         0x4c (size before relaxing)
 .eh_frame      0x0000000000121864       0x24 binaries/rfsinit.o
                                         0x50 (size before relaxing)
 .eh_frame      0x0000000000121888       0x24 binaries/rfsndmsg.o
                                         0x50 (size before relaxing)
 .eh_frame      0x00000000001218ac       0x24 binaries/rfsopen.o
                                         0x50 (size before relaxing)
 .eh_frame      0x00000000001218d0       0xd0 binaries/arp.o
                                        0x124 (size before relaxing)
 .eh_frame      0x00000000001219a0       0xac binaries/dhcp.o
                                         0xec (size before relaxing)
 .eh_frame      0x0000000000121a4c       0x90 binaries/dns.o
                                         0xd0 (size before relaxing)
 .eh_frame      0x0000000000121adc       0x20 binaries/dot2ip.o
                                         0x4c (size before relaxing)
 .eh_frame      0x0000000000121afc       0x48 binaries/hexdump.o
                                         0x74 (size before relaxing)
 .eh_frame      0x0000000000121b44      0x168 binaries/icmp.o
                                        0x1bc (size before relaxing)
 .eh_frame      0x0000000000121cac      0x130 binaries/ip.o
                                        0x170 (size before relaxing)
 .eh_frame      0x0000000000121ddc       0xa8 binaries/net.o
                                         0xfc (size before relaxing)
 .eh_frame      0x0000000000121e84       0x60 binaries/pdump.o
                                         0xa0 (size before relaxing)
 .eh_frame      0x0000000000121ee4       0x68 binaries/tftp.o
                                         0xa8 (size before relaxing)
 .eh_frame      0x0000000000121f4c      0x160 binaries/udp.o
                                        0x1b4 (size before relaxing)
 .eh_frame      0x00000000001220ac       0x24 binaries/addargs.o
                                         0x50 (size before relaxing)
 .eh_frame      0x00000000001220d0       0x20 binaries/lexan.o
                                         0x4c (size before relaxing)
 .eh_frame      0x00000000001220f0       0x2c binaries/shell.o
                                         0x58 (size before relaxing)
 .eh_frame      0x000000000012211c       0x24 binaries/xsh_argecho.o
                                         0x50 (size before relaxing)
 .eh_frame      0x0000000000122140       0x48 binaries/xsh_arp.o
                                         0x74 (size before relaxing)
 .eh_frame      0x0000000000122188       0x2c binaries/xsh_cat.o
                                         0x58 (size before relaxing)
 .eh_frame      0x00000000001221b4       0x28 binaries/xsh_clear.o
                                         0x54 (size before relaxing)
 .eh_frame      0x00000000001221dc       0x2c binaries/xsh_date.o
                                         0x58 (size before relaxing)
 .eh_frame      0x0000000000122208       0x24 binaries/xsh_devdump.o
                                         0x50 (size before relaxing)
 .eh_frame      0x000000000012222c       0x24 binaries/xsh_echo.o
                                         0x50 (size before relaxing)
 .eh_frame      0x0000000000122250       0x20 binaries/xsh_exit.o
                                         0x4c (size before relaxing)
 .eh_frame      0x0000000000122270       0x2c binaries/xsh_help.o
                                         0x58 (size before relaxing)
 .eh_frame      0x000000000012229c       0x2c binaries/xsh_kill.o
                                         0x58 (size before relaxing)
 .eh_frame      0x00000000001222c8       0x4c binaries/xsh_memdump.o
                                         0x8c (size before relaxing)
 .eh_frame      0x0000000000122314       0x74 binaries/xsh_memstat.o
                                         0xa0 (size before relaxing)
 .eh_frame      0x0000000000122388       0x30 binaries/xsh_netinfo.o
                                         0x5c (size before relaxing)
 .eh_frame      0x00000000001223b8       0x30 binaries/xsh_ping.o
                                         0x5c (size before relaxing)
 .eh_frame      0x00000000001223e8       0x54 binaries/xsh_ps.o
                                         0x80 (size before relaxing)
 .eh_frame      0x000000000012243c       0x2c binaries/xsh_sleep.o
                                         0x58 (size before relaxing)
 .eh_frame      0x0000000000122468       0x2c binaries/xsh_udpdump.o
                                         0x58 (size before relaxing)
 .eh_frame      0x0000000000122494       0x30 binaries/xsh_udpecho.o
                                         0x5c (size before relaxing)
 .eh_frame      0x00000000001224c4       0x30 binaries/xsh_udpserver.o
                                         0x5c (size before relaxing)
 .eh_frame      0x00000000001224f4       0x2c binaries/xsh_uptime.o
                                         0x58 (size before relaxing)

.iplt           0x0000000000122520        0x0
 .iplt          0x0000000000122520        0x0 binaries/start.o

.rel.dyn        0x0000000000122520        0x0
 .rel.got       0x0000000000122520        0x0 binaries/start.o
 .rel.iplt      0x0000000000122520        0x0 binaries/start.o
 .rel.text      0x0000000000122520        0x0 binaries/start.o

.data           0x0000000000122520     0x1ae0
                0x0000000000122520                data = ABSOLUTE (.)
 *(.data .data.*)
 .data          0x0000000000122520      0x460 binaries/start.o
                0x0000000000122520                gdt
                0x0000000000122560                gdtr
                0x0000000000122566                idt
                0x0000000000122966                idtr
                0x000000000012296c                cpudelay
                0x0000000000122970                _bootdev
                0x0000000000122974                _cyloffset
 .data          0x0000000000122980        0x0 binaries/ascdate.o
 .data.rel.local
                0x0000000000122980       0x88 binaries/ascdate.o
                0x0000000000122980                Date
 .data          0x0000000000122a08        0x0 binaries/bufinit.o
 .data          0x0000000000122a08        0x0 binaries/chprio.o
 .data          0x0000000000122a08        0x4 binaries/clkhandler.o
 .data          0x0000000000122a0c        0x0 binaries/clkinit.o
 .data          0x0000000000122a0c        0x0 binaries/close.o
 .data          0x0000000000122a0c        0x0 binaries/conf.o
 *fill*         0x0000000000122a0c       0x14 
 .data.rel      0x0000000000122a20      0x5a0 binaries/conf.o
                0x0000000000122a20                devtab
 .data          0x0000000000122fc0        0x0 binaries/control.o
 .data          0x0000000000122fc0        0x0 binaries/control_reg.o
 .data          0x0000000000122fc0        0x4 binaries/create.o
 .data          0x0000000000122fc4        0x0 binaries/debugging.o
 .data          0x0000000000122fc4        0x0 binaries/evec.o
 *fill*         0x0000000000122fc4       0x1c 
 .data.rel.local
                0x0000000000122fe0       0x40 binaries/evec.o
                0x0000000000122fe0                inames
 .data          0x0000000000123020        0x0 binaries/exit.o
 .data          0x0000000000123020        0x0 binaries/freebuf.o
 .data          0x0000000000123020        0x0 binaries/freemem.o
 .data          0x0000000000123020        0x0 binaries/getbuf.o
 .data          0x0000000000123020        0x0 binaries/getc.o
 .data          0x0000000000123020        0x0 binaries/getdev.o
 .data          0x0000000000123020        0x0 binaries/getitem.o
 .data          0x0000000000123020        0x0 binaries/getmem.o
 .data          0x0000000000123020        0x0 binaries/getpid.o
 .data          0x0000000000123020        0x0 binaries/getprio.o
 .data          0x0000000000123020        0x0 binaries/getstk.o
 .data          0x0000000000123020        0x0 binaries/getticks.o
 .data          0x0000000000123020        0x0 binaries/gettime.o
 .data          0x0000000000123020        0x0 binaries/getutime.o
 .data          0x0000000000123020       0x40 binaries/i386.o
                0x0000000000123020                gdt_copy
 .data          0x0000000000123060        0x0 binaries/init.o
 .data          0x0000000000123060        0x0 binaries/initialize.o
 .data          0x0000000000123060        0x0 binaries/insert.o
 .data          0x0000000000123060        0x0 binaries/insertd.o
 .data          0x0000000000123060        0x0 binaries/ioerr.o
 .data          0x0000000000123060        0x0 binaries/ionull.o
 .data          0x0000000000123060        0x0 binaries/kill.o
 .data          0x0000000000123060        0x0 binaries/kprintf.o
 .data          0x0000000000123060        0x0 binaries/main.o
 .data          0x0000000000123060        0x0 binaries/mark.o
 .data          0x0000000000123060        0x0 binaries/meminit.o
 .data          0x0000000000123060        0x0 binaries/mkbufpool.o
 .data          0x0000000000123060        0x2 binaries/newqueue.o
 .data          0x0000000000123062        0x0 binaries/open.o
 .data          0x0000000000123062        0x0 binaries/pagefault_handler.o
 .data          0x0000000000123062        0x0 binaries/paging.o
 .data          0x0000000000123062        0x0 binaries/panic.o
 *fill*         0x0000000000123062        0x2 
 .data          0x0000000000123064       0x10 binaries/pci.o
 .data          0x0000000000123074        0x0 binaries/ptclear.o
 .data          0x0000000000123074        0x0 binaries/ptcount.o
 .data          0x0000000000123074        0x0 binaries/ptcreate.o
 .data          0x0000000000123074        0x0 binaries/ptdelete.o
 .data          0x0000000000123074        0x0 binaries/ptinit.o
 .data          0x0000000000123074        0x0 binaries/ptrecv.o
 .data          0x0000000000123074        0x0 binaries/ptreset.o
 .data          0x0000000000123074        0x0 binaries/ptsend.o
 .data          0x0000000000123074        0x0 binaries/putc.o
 .data          0x0000000000123074        0x0 binaries/queue.o
 .data          0x0000000000123074        0x0 binaries/read.o
 .data          0x0000000000123074        0x0 binaries/ready.o
 .data          0x0000000000123074        0x0 binaries/receive.o
 .data          0x0000000000123074        0x0 binaries/recvclr.o
 .data          0x0000000000123074        0x0 binaries/recvtime.o
 .data          0x0000000000123074        0x0 binaries/resched.o
 .data          0x0000000000123074        0x0 binaries/resume.o
 .data          0x0000000000123074        0x0 binaries/seek.o
 .data          0x0000000000123074        0x0 binaries/semcount.o
 .data          0x0000000000123074        0x0 binaries/semcreate.o
 .data          0x0000000000123074        0x0 binaries/semdelete.o
 .data          0x0000000000123074        0x0 binaries/semreset.o
 .data          0x0000000000123074        0x0 binaries/send.o
 .data          0x0000000000123074        0x0 binaries/signal.o
 .data          0x0000000000123074        0x0 binaries/signaln.o
 .data          0x0000000000123074        0x0 binaries/sleep.o
 .data          0x0000000000123074        0x0 binaries/stacktrace.o
 .data          0x0000000000123074        0x0 binaries/suspend.o
 .data          0x0000000000123074        0x0 binaries/unsleep.o
 .data          0x0000000000123074        0x0 binaries/userret.o
 .data          0x0000000000123074        0x0 binaries/vcreate.o
 .data          0x0000000000123074        0x0 binaries/vfree.o
 .data          0x0000000000123074        0x0 binaries/vmalloc.o
 .data          0x0000000000123074        0x0 binaries/wait.o
 .data          0x0000000000123074        0x0 binaries/wakeup.o
 .data          0x0000000000123074        0x0 binaries/write.o
 .data          0x0000000000123074        0x0 binaries/xdone.o
 .data          0x0000000000123074        0x0 binaries/yield.o
 .data          0x0000000000123074        0x0 binaries/abs.o
 .data          0x0000000000123074        0x0 binaries/atoi.o
 .data          0x0000000000123074        0x0 binaries/atol.o
 .data          0x0000000000123074        0x0 binaries/bzero.o
 .data          0x0000000000123074        0x0 binaries/ctype_.o
 .data          0x0000000000123074        0x0 binaries/doprnt.o
 *fill*         0x0000000000123074        0xc 
 .data          0x0000000000123080       0x80 binaries/doscan.o
                0x0000000000123080                _sctab
 .data          0x0000000000123100        0x0 binaries/fdoprnt.o
 .data          0x0000000000123100        0x0 binaries/fgetc.o
 .data          0x0000000000123100        0x0 binaries/fgets.o
 .data          0x0000000000123100        0x0 binaries/fprintf.o
 .data          0x0000000000123100        0x0 binaries/fputc.o
 .data          0x0000000000123100        0x0 binaries/fputs.o
 .data          0x0000000000123100        0x0 binaries/fscanf.o
 .data          0x0000000000123100        0x0 binaries/getchar.o
 .data          0x0000000000123100        0x0 binaries/labs.o
 .data          0x0000000000123100        0x0 binaries/memchr.o
 .data          0x0000000000123100        0x0 binaries/memcmp.o
 .data          0x0000000000123100        0x0 binaries/memcpy.o
 .data          0x0000000000123100        0x0 binaries/memset.o
 .data          0x0000000000123100        0x0 binaries/printf.o
 .data          0x0000000000123100        0x0 binaries/putchar.o
 .data          0x0000000000123100        0x0 binaries/qsort.o
 .data          0x0000000000123100        0x4 binaries/rand.o
 .data          0x0000000000123104        0x0 binaries/sprintf.o
 .data          0x0000000000123104        0x0 binaries/sscanf.o
 .data          0x0000000000123104        0x0 binaries/strchr.o
 .data          0x0000000000123104        0x0 binaries/strcmp.o
 .data          0x0000000000123104        0x0 binaries/strcpy.o
 .data          0x0000000000123104        0x0 binaries/strlen.o
 .data          0x0000000000123104        0x0 binaries/strncat.o
 .data          0x0000000000123104        0x0 binaries/strncmp.o
 .data          0x0000000000123104        0x0 binaries/strncpy.o
 .data          0x0000000000123104        0x0 binaries/strnlen.o
 .data          0x0000000000123104        0x0 binaries/strrchr.o
 .data          0x0000000000123104        0x0 binaries/strstr.o
 .data          0x0000000000123104        0x0 binaries/ttycontrol.o
 .data          0x0000000000123104        0x0 binaries/ttygetc.o
 .data          0x0000000000123104        0x0 binaries/ttyhandle_in.o
 .data          0x0000000000123104        0x0 binaries/ttyhandle_out.o
 .data          0x0000000000123104        0x0 binaries/ttyhandler.o
 .data          0x0000000000123104        0x0 binaries/ttyinit.o
 .data          0x0000000000123104        0x0 binaries/ttykickout.o
 .data          0x0000000000123104        0x0 binaries/ttyputc.o
 .data          0x0000000000123104        0x0 binaries/ttyread.o
 .data          0x0000000000123104        0x0 binaries/ttywrite.o
 .data          0x0000000000123104        0x0 binaries/mount.o
 .data          0x0000000000123104        0x0 binaries/naminit.o
 .data          0x0000000000123104        0x0 binaries/nammap.o
 .data          0x0000000000123104        0x0 binaries/namopen.o
 .data          0x0000000000123104        0x0 binaries/82545EMInit.o
 .data          0x0000000000123104        0x0 binaries/ethcontrol.o
 .data          0x0000000000123104        0x0 binaries/ethhandler.o
 .data          0x0000000000123104        0x0 binaries/ethinit.o
 .data          0x0000000000123104        0x0 binaries/ethread.o
 .data          0x0000000000123104        0x0 binaries/ethwrite.o
 .data          0x0000000000123104        0x0 binaries/rdsbufalloc.o
 .data          0x0000000000123104        0x0 binaries/rdsclose.o
 .data          0x0000000000123104        0x0 binaries/rdscomm.o
 .data          0x0000000000123104        0x0 binaries/rdscontrol.o
 .data          0x0000000000123104        0x0 binaries/rdsinit.o
 .data          0x0000000000123104        0x0 binaries/rdsopen.o
 .data          0x0000000000123104        0x0 binaries/rdsprocess.o
 .data          0x0000000000123104        0x0 binaries/rdsread.o
 .data          0x0000000000123104        0x0 binaries/rdswrite.o
 .data          0x0000000000123104        0x0 binaries/ramclose.o
 .data          0x0000000000123104        0x0 binaries/raminit.o
 .data          0x0000000000123104        0x0 binaries/ramopen.o
 .data          0x0000000000123104        0x0 binaries/ramread.o
 .data          0x0000000000123104        0x0 binaries/ramwrite.o
 .data          0x0000000000123104        0x0 binaries/lfdballoc.o
 .data          0x0000000000123104        0x0 binaries/lfdbfree.o
 .data          0x0000000000123104        0x0 binaries/lfflush.o
 .data          0x0000000000123104        0x0 binaries/lfgetmode.o
 .data          0x0000000000123104        0x0 binaries/lfiballoc.o
 .data          0x0000000000123104        0x0 binaries/lfibclear.o
 .data          0x0000000000123104        0x0 binaries/lfibget.o
 .data          0x0000000000123104        0x0 binaries/lfibput.o
 .data          0x0000000000123104        0x0 binaries/lflclose.o
 .data          0x0000000000123104        0x0 binaries/lflcontrol.o
 .data          0x0000000000123104        0x0 binaries/lflgetc.o
 .data          0x0000000000123104        0x0 binaries/lflinit.o
 .data          0x0000000000123104        0x0 binaries/lflputc.o
 .data          0x0000000000123104        0x0 binaries/lflread.o
 .data          0x0000000000123104        0x0 binaries/lflseek.o
 .data          0x0000000000123104        0x0 binaries/lflwrite.o
 .data          0x0000000000123104        0x0 binaries/lfscheck.o
 .data          0x0000000000123104        0x0 binaries/lfsckfmt.o
 .data          0x0000000000123104        0x0 binaries/lfscreate.o
 .data          0x0000000000123104        0x0 binaries/lfsetup.o
 .data          0x0000000000123104        0x0 binaries/lfsinit.o
 .data          0x0000000000123104        0x0 binaries/lfsopen.o
 .data          0x0000000000123104        0x0 binaries/lftruncate.o
 .data          0x0000000000123104        0x0 binaries/rflclose.o
 .data          0x0000000000123104        0x0 binaries/rflgetc.o
 .data          0x0000000000123104        0x0 binaries/rflinit.o
 .data          0x0000000000123104        0x0 binaries/rflputc.o
 .data          0x0000000000123104        0x0 binaries/rflread.o
 .data          0x0000000000123104        0x0 binaries/rflseek.o
 .data          0x0000000000123104        0x0 binaries/rflwrite.o
 .data          0x0000000000123104        0x0 binaries/rfscomm.o
 .data          0x0000000000123104        0x0 binaries/rfscontrol.o
 .data          0x0000000000123104        0x0 binaries/rfsgetmode.o
 .data          0x0000000000123104        0x0 binaries/rfsinit.o
 .data          0x0000000000123104        0x0 binaries/rfsndmsg.o
 .data          0x0000000000123104        0x0 binaries/rfsopen.o
 .data          0x0000000000123104        0x0 binaries/arp.o
 .data          0x0000000000123104        0x0 binaries/dhcp.o
 .data          0x0000000000123104        0x0 binaries/dns.o
 .data          0x0000000000123104        0x0 binaries/dot2ip.o
 .data          0x0000000000123104        0x0 binaries/hexdump.o
 .data          0x0000000000123104        0x4 binaries/icmp.o
 .data          0x0000000000123108        0x0 binaries/ip.o
 .data          0x0000000000123108        0x0 binaries/net.o
 .data          0x0000000000123108        0x0 binaries/pdump.o
 .data          0x0000000000123108        0x0 binaries/tftp.o
 .data          0x0000000000123108        0x4 binaries/udp.o
 .data          0x000000000012310c        0x0 binaries/addargs.o
 .data          0x000000000012310c        0x0 binaries/lexan.o
 .data          0x000000000012310c        0x4 binaries/shell.o
                0x000000000012310c                ncmd
 *fill*         0x0000000000123110       0x10 
 .data.rel.ro   0x0000000000123120       0xfc binaries/shell.o
                0x0000000000123120                cmdtab
 .data          0x000000000012321c        0x0 binaries/xsh_argecho.o
 .data          0x000000000012321c        0x0 binaries/xsh_arp.o
 .data          0x000000000012321c        0x0 binaries/xsh_cat.o
 .data          0x000000000012321c        0x0 binaries/xsh_clear.o
 .data          0x000000000012321c        0x0 binaries/xsh_date.o
 .data          0x000000000012321c        0x0 binaries/xsh_devdump.o
 .data          0x000000000012321c        0x0 binaries/xsh_echo.o
 .data          0x000000000012321c        0x0 binaries/xsh_exit.o
 .data          0x000000000012321c        0x0 binaries/xsh_help.o
 .data          0x000000000012321c        0x0 binaries/xsh_kill.o
 .data          0x000000000012321c        0x0 binaries/xsh_memdump.o
 .data          0x000000000012321c        0x0 binaries/xsh_memstat.o
 .data          0x000000000012321c        0x0 binaries/xsh_netinfo.o
 .data          0x000000000012321c        0x0 binaries/xsh_ping.o
 *fill*         0x000000000012321c        0x4 
 .data          0x0000000000123220       0x20 binaries/xsh_ps.o
 .data          0x0000000000123240        0x0 binaries/xsh_sleep.o
 .data          0x0000000000123240        0x0 binaries/xsh_udpdump.o
 .data          0x0000000000123240        0x0 binaries/xsh_udpecho.o
 .data          0x0000000000123240        0x0 binaries/xsh_udpserver.o
 .data          0x0000000000123240        0x0 binaries/xsh_uptime.o
 .data          0x0000000000123240        0x0 binaries/clkdisp.o
 .data          0x0000000000123240        0x0 binaries/ctxsw.o
 .data          0x0000000000123240        0x0 binaries/intr.o
 .data          0x0000000000123240        0x0 binaries/pagefault_handler_disp.o
 .data          0x0000000000123240        0x0 binaries/ttydispatch.o
 .data          0x0000000000123240        0x0 binaries/ethdispatch.o
                0x0000000000123240                edata = ABSOLUTE (.)
                0x0000000000123240                _edata = ABSOLUTE (.)
                0x0000000000124000                . = ALIGN (0x1000)
 *fill*         0x0000000000123240      0xdc0 

.got            0x0000000000124000        0x0
 .got           0x0000000000124000        0x0 binaries/start.o

.got.plt        0x0000000000124000        0xc
 .got.plt       0x0000000000124000        0xc binaries/start.o
                0x0000000000124000                _GLOBAL_OFFSET_TABLE_

.igot.plt       0x000000000012400c        0x0
 .igot.plt      0x000000000012400c        0x0 binaries/start.o

.bss            0x0000000000124020    0x1ffe0
                0x0000000000124020                bss = ABSOLUTE (.)
 *(.bss .bss.*)
 .bss           0x0000000000124020        0x0 binaries/start.o
 .bss           0x0000000000124020        0x0 binaries/ascdate.o
 .bss           0x0000000000124020        0x0 binaries/bufinit.o
 .bss           0x0000000000124020        0x0 binaries/chprio.o
 .bss           0x0000000000124020        0x0 binaries/clkhandler.o
 .bss           0x0000000000124020        0x4 binaries/clkinit.o
                0x0000000000124020                ctr1000
 .bss           0x0000000000124024        0x0 binaries/close.o
 .bss           0x0000000000124024        0x0 binaries/conf.o
 .bss           0x0000000000124024        0x0 binaries/control.o
 .bss           0x0000000000124024        0x0 binaries/control_reg.o
 .bss           0x0000000000124024        0x0 binaries/create.o