
Allocating common symbols
Common symbol       size              file

netbufpool          0x4               binaries/net.o
tmp                 0x4               binaries/control_reg.o
readylist           0x2               binaries/ready.o
rfltab              0x5a0             binaries/rflinit.o
netportseed         0x8               binaries/net.o
sleepq              0x2               binaries/clkinit.o
ffslist             0x8               binaries/initialize.o
nnames              0x4               binaries/naminit.o
udptab              0x168             binaries/udp.o
minheap             0x4               binaries/meminit.o
marks               0x50              binaries/mark.o
currpid             0x4               binaries/initialize.o
Lf_data             0x20c             binaries/lfsinit.o
porttab             0x2d0             binaries/ptinit.o
girmask             0x2               binaries/evec.o
ttytab              0x110             binaries/ttyinit.o
proctab             0x1c20            binaries/initialize.o
prcount             0x4               binaries/initialize.o
pdtlist             0x8               binaries/initialize.o
lfltab              0xf00             binaries/lflinit.o
rdstab              0x8c              binaries/rdsinit.o
ethertab            0x130             binaries/ethinit.o
NetData             0xb0              binaries/net.o
nmarks              0x4               binaries/mark.o
initsp              0x4               binaries/i386.o
Defer               0x8               binaries/resched.o
semtab              0x4b0             binaries/initialize.o
maxheap             0x4               binaries/meminit.o
preempt             0x4               binaries/clkinit.o
buftab              0xf0              binaries/bufinit.o
Rf_data             0x18              binaries/rfsinit.o
mkmutex             0x4               binaries/mark.o
clktime             0x4               binaries/clkinit.o
arpcache            0x140             binaries/arp.o
icmptab             0x230             binaries/icmp.o
nbpools             0x4               binaries/bufinit.o
queuetab            0x980             binaries/queue.o
ptnextid            0x4               binaries/ptinit.o
Ram                 0x19000           binaries/raminit.o
swplist             0x8               binaries/initialize.o
ipoqueue            0x2c              binaries/ip.o
memlist             0x8               binaries/initialize.o
nametab             0x19a0            binaries/naminit.o
ptfree              0x4               binaries/ptinit.o

Discarded input sections

 .group         0x0000000000000000        0x8 binaries/ascdate.o
 .group         0x0000000000000000        0x8 binaries/bufinit.o
 .group         0x0000000000000000        0x8 binaries/chprio.o
 .group         0x0000000000000000        0x8 binaries/clkhandler.o
 .text.__x86.get_pc_thunk.bx
                0x0000000000000000        0x4 binaries/clkhandler.o
 .group         0x0000000000000000        0x8 binaries/clkinit.o
 .text.__x86.get_pc_thunk.bx
                0x0000000000000000        0x4 binaries/clkinit.o
 .group         0x0000000000000000        0x8 binaries/close.o
 .text.__x86.get_pc_thunk.bx
                0x0000000000000000        0x4 binaries/close.o
 .group         0x0000000000000000        0x8 binaries/control.o
 .text.__x86.get_pc_thunk.bx
                0x0000000000000000        0x4 binaries/control.o
 .group         0x0000000000000000        0x8 binaries/control_reg.o
 .text.__x86.get_pc_thunk.bx
                0x0000000000000000        0x4 binaries/control_reg.o
 .group         0x0000000000000000        0x8 binaries/create.o
 .group         0x0000000000000000        0x8 binaries/create.o
 .text.__x86.get_pc_thunk.cx
                0x0000000000000000        0x4 binaries/create.o
 .text.__x86.get_pc_thunk.bx
                0x0000000000000000        0x4 binaries/create.o
 .group         0x0000000000000000        0x8 binaries/evec.o
 .group         0x0000000000000000        0x8 binaries/evec.o
 .text.__x86.get_pc_thunk.ax
                0x0000000000000000        0x4 binaries/evec.o
 .text.__x86.get_pc_thunk.bx
                0x0000000000000000        0x4 binaries/evec.o
 .group         0x0000000000000000        0x8 binaries/exit.o
 .text.__x86.get_pc_thunk.bx
                0x0000000000000000        0x4 binaries/exit.o
 .group         0x0000000000000000        0x8 binaries/freebuf.o
 .text.__x86.get_pc_thunk.bx
                0x0000000000000000        0x4 binaries/freebuf.o
 .group         0x0000000000000000        0x8 binaries/freemem.o
 .text.__x86.get_pc_thunk.bx
                0x0000000000000000        0x4 binaries/freemem.o
 .group         0x0000000000000000        0x8 binaries/getbuf.o
 .text.__x86.get_pc_thunk.bx
                0x0000000000000000        0x4 binaries/getbuf.o
 .group         0x0000000000000000        0x8 binaries/getc.o
 .text.__x86.get_pc_thunk.bx
                0x0000000000000000        0x4 binaries/getc.o
[...]
Memory Configuration

Name             Origin             Length             Attributes
*default*        0x0000000000000000 0xffffffffffffffff

Linker script and memory map

                0x0000000000100000                physbase = 0x100000
                0x0000000000100000                . = physbase
                0x0000000000100000                . = ALIGN (0x1000)

.text           0x0000000000100000    0x1d000
                0x0000000000100000                text = ABSOLUTE (.)
 *(.text .text.*)
 .text          0x0000000000100000      0x165 binaries/start.o
                0x0000000000100020                entry
                0x000000000010003d                start
                0x00000000001000a5                inb
                0x00000000001000ad                inw
                0x00000000001000b6                inl
                0x00000000001000be                outb
                0x00000000001000c8                outw
                0x00000000001000d3                outl
                0x00000000001000dd                _rtcin
                0x00000000001000e8                ___udivsi3
                0x00000000001000f3                ___divsi3
                0x00000000001000ff                sbzero
                0x000000000010010f                bcopy
                0x0000000000100123                insw
                0x0000000000100139                outsw
                0x000000000010014f                lidt
                0x0000000000100157                jumptocode
                0x000000000010015e                jumptobootcode
 .text          0x0000000000100165      0x404 binaries/ascdate.o
                0x0000000000100165                ascdate
 .text.__x86.get_pc_thunk.cx
                0x0000000000100569        0x4 binaries/ascdate.o
                0x0000000000100569                __x86.get_pc_thunk.cx
 .text          0x000000000010056d       0x20 binaries/bufinit.o
                0x000000000010056d                bufinit
 .text.__x86.get_pc_thunk.ax
                0x000000000010058d        0x4 binaries/bufinit.o
                0x000000000010058d                __x86.get_pc_thunk.ax
 .text          0x0000000000100591       0xa2 binaries/chprio.o
                0x0000000000100591                chprio
 .text.__x86.get_pc_thunk.bx
                0x0000000000100633        0x4 binaries/chprio.o
                0x0000000000100633                __x86.get_pc_thunk.bx
 .text          0x0000000000100637       0xd7 binaries/clkhandler.o
                0x0000000000100637                clkhandler
 .text          0x000000000010070e       0x95 binaries/clkinit.o
                0x000000000010070e                clkinit
 .text          0x00000000001007a3       0x86 binaries/close.o
                0x00000000001007a3                close
 .text          0x0000000000100829        0x0 binaries/conf.o
 .text          0x0000000000100829       0x8c binaries/control.o
                0x0000000000100829                control
 .text          0x00000000001008b5      0x227 binaries/control_reg.o
                0x00000000001008b5                read_cr0
                0x00000000001008fa                read_cr2
                0x000000000010093f                read_cr3
                0x0000000000100984                read_cr4
                0x00000000001009c9                write_cr0
                0x0000000000100a0c                write_cr3
                0x0000000000100a4f                write_cr4
                0x0000000000100a92                enable_paging
 .text          0x0000000000100adc      0x303 binaries/create.o
                0x0000000000100adc                create
                0x0000000000100d59                newpid
 .text          0x0000000000100ddf      0x3cc binaries/evec.o
                0x0000000000100ddf                initevec
                0x0000000000100e4b                set_evec
                0x0000000000100f0b                trap
 .text          0x00000000001011ab       0x29 binaries/exit.o
                0x00000000001011ab                exit
 .text          0x00000000001011d4       0xa1 binaries/freebuf.o
                0x00000000001011d4                freebuf
 .text          0x0000000000101275      0x483 binaries/freemem.o
                0x0000000000101275                freemem
                0x000000000010140a                freeptmem
                0x0000000000101581                freeffsmem
 .text          0x00000000001016f8       0x9f binaries/getbuf.o
                0x00000000001016f8                getbuf
 .text          0x0000000000101797       0x86 binaries/getc.o
                0x0000000000101797                getc
 .text          0x000000000010181d       0x86 binaries/getdev.o
                0x000000000010181d                getdev
 .text          0x00000000001018a3      0x111 binaries/getitem.o
                0x00000000001018a3                getfirst
                0x00000000001018f9                getlast
                0x0000000000101951                getitem
 .text.__x86.get_pc_thunk.dx
                0x00000000001019b4        0x4 binaries/getitem.o
                0x00000000001019b4                __x86.get_pc_thunk.dx
 .text          0x00000000001019b8      0x3da binaries/getmem.o
                0x00000000001019b8                getmem
                0x0000000000101aea                getptmem
                0x0000000000101c3e                getffsmem
 .text          0x0000000000101d92       0x17 binaries/getpid.o
                0x0000000000101d92                getpid
 .text          0x0000000000101da9       0x8c binaries/getprio.o
                0x0000000000101da9                getprio
 .text          0x0000000000101e35      0x119 binaries/getstk.o
                0x0000000000101e35                getstk
 .text          0x0000000000101f4e       0x20 binaries/getticks.o
                0x0000000000101f4e                getticks
 .text          0x0000000000101f6e       0x4a binaries/gettime.o
                0x0000000000101f6e                gettime
 .text          0x0000000000101fb8      0x21c binaries/getutime.o
                0x0000000000101fb8                getutime
 .text          0x00000000001021d4      0x43f binaries/i386.o
                0x00000000001021d4                setsegs
                0x0000000000102317                init8259
                0x00000000001023d9                pseg
                0x00000000001025a1                setirmask
 .text          0x0000000000102613       0x86 binaries/init.o
                0x0000000000102613                init
 .text          0x0000000000102699      0x514 binaries/initialize.o
                0x0000000000102699                nulluser
                0x0000000000102b3a                stop
                0x0000000000102b75                delay
 .text          0x0000000000102bad      0x105 binaries/insert.o
                0x0000000000102bad                insert
 .text          0x0000000000102cb2      0x13e binaries/insertd.o
                0x0000000000102cb2                insertd
 .text          0x0000000000102df0       0x14 binaries/ioerr.o
                0x0000000000102df0                ioerr
 .text          0x0000000000102e04       0x14 binaries/ionull.o
                0x0000000000102e04                ionull
 .text          0x0000000000102e18      0x1c8 binaries/kill.o
                0x0000000000102e18                kill
 .text          0x0000000000102fe0      0x182 binaries/kprintf.o
                0x0000000000102fe0                kputc
                0x0000000000103084                kgetc
                0x0000000000103126                kprintf
 .text          0x0000000000103162       0xa8 binaries/main.o
                0x0000000000103162                main
 .text          0x000000000010320a       0xf0 binaries/mark.o
                0x000000000010320a                markinit
                0x0000000000103245                mark
 .text          0x00000000001032fa      0x24e binaries/meminit.o
                0x00000000001032fa                meminit
                0x00000000001033e3                ptmeminit
                0x00000000001034c0                ffsmeminit
 .text          0x0000000000103548      0x194 binaries/mkbufpool.o
                0x0000000000103548                mkbufpool
 .text          0x00000000001036dc       0xbb binaries/newqueue.o
                0x00000000001036dc                newqueue
 .text          0x0000000000103797       0x8c binaries/open.o
                0x0000000000103797                open
 .text          0x0000000000103823      0x1ee binaries/pagefault_handler.o
                0x0000000000103823                pagefault_handler
 .text          0x0000000000103a11      0x39c binaries/paging.o
                0x0000000000103a11                initialize_page_tables
                0x0000000000103bbd                allocate_pdpt
 .text          0x0000000000103dad       0x2e binaries/panic.o
                0x0000000000103dad                panic
 .text          0x0000000000103ddb      0x540 binaries/pci.o
                0x0000000000103ddb                pci_init
                0x00000000001040f5                find_pci_device
                0x0000000000104150                pci_bios_read_config_byte
                0x000000000010419c                pci_bios_read_config_word
                0x00000000001041eb                pci_bios_read_config_dword
                0x0000000000104237                pci_bios_write_config_byte
                0x0000000000104285                pci_bios_write_config_word
                0x00000000001042d3                pci_bios_write_config_dword
 .text.__x86.get_pc_thunk.si
                0x000000000010431b        0x4 binaries/pci.o
                0x000000000010431b                __x86.get_pc_thunk.si
 .text          0x000000000010431f      0x105 binaries/ptclear.o
                0x000000000010431f                _ptclear
 .text          0x0000000000104424       0xaf binaries/ptcount.o
                0x0000000000104424                ptcount
 .text          0x00000000001044d3      0x138 binaries/ptcreate.o
                0x00000000001044d3                ptcreate
 .text          0x000000000010460b       0x94 binaries/ptdelete.o
                0x000000000010460b                ptdelete
 .text          0x000000000010469f       0xe7 binaries/ptinit.o
                0x000000000010469f                ptinit
 .text          0x0000000000104786      0x135 binaries/ptrecv.o
                0x0000000000104786                ptrecv
 .text          0x00000000001048bb       0x89 binaries/ptreset.o
                0x00000000001048bb                ptreset
 .text          0x0000000000104944      0x15a binaries/ptsend.o
                0x0000000000104944                ptsend
 .text          0x0000000000104a9e       0x91 binaries/putc.o
                0x0000000000104a9e                putc
 .text          0x0000000000104b2f      0x146 binaries/queue.o
                0x0000000000104b2f                enqueue
                0x0000000000104bf0                dequeue
 .text          0x0000000000104c75       0x8c binaries/read.o
                0x0000000000104c75                read
 .text          0x0000000000104d01       0x8c binaries/ready.o
                0x0000000000104d01                ready
 .text          0x0000000000104d8d       0x74 binaries/receive.o
                0x0000000000104d8d                receive
 .text          0x0000000000104e01       0x70 binaries/recvclr.o
                0x0000000000104e01                recvclr
 .text          0x0000000000104e71       0xd5 binaries/recvtime.o
                0x0000000000104e71                recvtime
 .text          0x0000000000104f46      0x1ce binaries/resched.o
                0x0000000000104f46                resched
                0x0000000000105076                resched_cntl
 .text          0x0000000000105114       0xbf binaries/resume.o
                0x0000000000105114                resume
 .text          0x00000000001051d3       0x8a binaries/seek.o
                0x00000000001051d3                seek
 .text          0x000000000010525d       0x87 binaries/semcount.o
                0x000000000010525d                semcount
 .text          0x00000000001052e4      0x100 binaries/semcreate.o
                0x00000000001052e4                semcreate
 .text          0x00000000001053e4       0xdf binaries/semdelete.o
                0x00000000001053e4                semdelete
 .text          0x00000000001054c3       0xe3 binaries/semreset.o
                0x00000000001054c3                semreset
 .text          0x00000000001055a6       0xfb binaries/send.o
                0x00000000001055a6                send
 .text          0x00000000001056a1       0xba binaries/signal.o
                0x00000000001056a1                signal
 .text          0x000000000010575b       0xe8 binaries/signaln.o
                0x000000000010575b                signaln
 .text          0x0000000000105843      0x10e binaries/sleep.o
                0x0000000000105843                sleep
                0x000000000010589b                sleepms
 .text          0x0000000000105951      0x1b4 binaries/stacktrace.o
                0x0000000000105951                stacktrace
 .text          0x0000000000105b05       0xf5 binaries/suspend.o
                0x0000000000105b05                suspend
 .text          0x0000000000105bfa      0x100 binaries/unsleep.o
                0x0000000000105bfa                unsleep
 .text          0x0000000000105cfa       0x29 binaries/userret.o
                0x0000000000105cfa                userret
 .text          0x0000000000105d23      0x280 binaries/vcreate.o
                0x0000000000105d23                vcreate
 .text          0x0000000000105fa3      0x122 binaries/vmalloc.o
                0x0000000000105fa3                vmalloc
 .text          0x00000000001060c5       0xf5 binaries/wait.o
                0x00000000001060c5                wait
 .text          0x00000000001061ba       0x98 binaries/wakeup.o
                0x00000000001061ba                wakeup
 .text          0x0000000000106252       0x8c binaries/write.o
                0x0000000000106252                write
 .text          0x00000000001062de       0x2f binaries/xdone.o
                0x00000000001062de                xdone
 .text          0x000000000010630d       0x37 binaries/yield.o
                0x000000000010630d                yield
 .text          0x0000000000106344       0x1b binaries/abs.o
                0x0000000000106344                abs
 .text          0x000000000010635f       0x99 binaries/atoi.o
                0x000000000010635f                atoi
 .text          0x00000000001063f8       0x99 binaries/atol.o
                0x00000000001063f8                atol
 .text          0x0000000000106491       0x3c binaries/bzero.o
                0x0000000000106491                bzero
 .text          0x00000000001064cd        0x0 binaries/ctype_.o
 .text          0x00000000001064cd      0x94d binaries/doprnt.o
                0x00000000001064cd                _doprnt
 .text          0x0000000000106e1a      0x6cb binaries/doscan.o
                0x0000000000106e1a                _doscan
 .text.__x86.get_pc_thunk.di
                0x00000000001074e5        0x4 binaries/doscan.o
                0x00000000001074e5                __x86.get_pc_thunk.di
 .text          0x00000000001074e9      0x76a binaries/fdoprnt.o
                0x00000000001074e9                _fdoprnt
 .text          0x0000000000107c53       0x39 binaries/fgetc.o
                0x0000000000107c53                fgetc
 .text          0x0000000000107c8c       0x84 binaries/fgets.o
                0x0000000000107c8c                fgets
 .text          0x0000000000107d10       0x3c binaries/fprintf.o
                0x0000000000107d10                fprintf
 .text          0x0000000000107d4c       0x3c binaries/fputc.o
                0x0000000000107d4c                fputc
 .text          0x0000000000107d88       0x52 binaries/fputs.o
                0x0000000000107d88                fputs
 .text          0x0000000000107dda       0xb8 binaries/fscanf.o
                0x0000000000107dda                fscanf
 .text          0x0000000000107e92       0x46 binaries/getchar.o
                0x0000000000107e92                getchar
 .text          0x0000000000107ed8       0x1b binaries/labs.o
                0x0000000000107ed8                labs
 .text          0x0000000000107ef3        0x0 binaries/memchr.o
 .text          0x0000000000107ef3       0x5b binaries/memcmp.o
                0x0000000000107ef3                memcmp
 .text          0x0000000000107f4e       0x49 binaries/memcpy.o
                0x0000000000107f4e                memcpy
 .text          0x0000000000107f97       0x3a binaries/memset.o
                0x0000000000107f97                memset
 .text          0x0000000000107fd1       0x5e binaries/printf.o
                0x0000000000107fd1                printf
 .text          0x000000000010802f       0x49 binaries/putchar.o
                0x000000000010802f                putchar
 .text          0x0000000000108078      0x2b7 binaries/qsort.o
                0x0000000000108078                qsort
 .text          0x000000000010832f       0x81 binaries/rand.o
                0x000000000010832f                rand
                0x0000000000108353                rand_r
                0x0000000000108397                srand
 .text          0x00000000001083b0       0x82 binaries/sprintf.o
                0x00000000001083b0                sprintf
 .text          0x0000000000108432       0x98 binaries/sscanf.o
                0x0000000000108432                sscanf
 .text          0x00000000001084ca       0x46 binaries/strchr.o
                0x00000000001084ca                strchr
 .text          0x0000000000108510       0x4f binaries/strcmp.o
                0x0000000000108510                strcmp
 .text          0x000000000010855f       0x31 binaries/strcpy.o
                0x000000000010855f                strcpy
 .text          0x0000000000108590       0x30 binaries/strlen.o
                0x0000000000108590                strlen
 .text          0x00000000001085c0       0x60 binaries/strncat.o
                0x00000000001085c0                strncat
 .text          0x0000000000108620       0x68 binaries/strncmp.o
                0x0000000000108620                strncmp
 .text          0x0000000000108688       0x59 binaries/strncpy.o
                0x0000000000108688                strncpy
 .text          0x00000000001086e1       0x38 binaries/strnlen.o
                0x00000000001086e1                strnlen
 .text          0x0000000000108719       0x4f binaries/strrchr.o
                0x0000000000108719                strrchr
 .text          0x0000000000108768       0x78 binaries/strstr.o
                0x0000000000108768                strstr
 .text          0x00000000001087e0       0xfb binaries/ttycontrol.o
                0x00000000001087e0                ttycontrol
 .text          0x00000000001088db       0xab binaries/ttygetc.o
                0x00000000001088db                ttygetc
 .text          0x0000000000108986      0x72b binaries/ttyhandle_in.o
                0x0000000000108986                ttyhandle_in
 .text          0x00000000001090b1      0x1c2 binaries/ttyhandle_out.o
                0x00000000001090b1                ttyhandle_out
 .text          0x0000000000109273       0xe7 binaries/ttyhandler.o
                0x0000000000109273                ttyhandler
 .text          0x000000000010935a      0x241 binaries/ttyinit.o
                0x000000000010935a                ttyinit
 .text          0x000000000010959b       0x2b binaries/ttykickout.o
                0x000000000010959b                ttykickout
 .text          0x00000000001095c6       0xc9 binaries/ttyputc.o
                0x00000000001095c6                ttyputc
 .text          0x000000000010968f      0x12d binaries/ttyread.o
                0x000000000010968f                ttyread
 .text          0x00000000001097bc       0x5c binaries/ttywrite.o
                0x00000000001097bc                ttywrite
 .text          0x0000000000109818      0x174 binaries/mount.o
                0x0000000000109818                mount
                0x000000000010994c                namlen
 .text          0x000000000010998c      0x220 binaries/naminit.o
                0x000000000010998c                naminit
 .text          0x0000000000109bac      0x243 binaries/nammap.o
                0x0000000000109bac                nammap
                0x0000000000109c49                namrepl
                0x0000000000109d95                namcpy
 .text          0x0000000000109def       0x5d binaries/namopen.o
                0x0000000000109def                namopen
 .text          0x0000000000109e4c      0xf37 binaries/82545EMInit.o
                0x0000000000109ec9                _82545EMInit
                0x000000000010abd9                _82545EM_read_phy_reg
                0x000000000010acaa                _82545EM_write_phy_reg
 .text          0x000000000010ad83      0x28a binaries/ethcontrol.o
                0x000000000010ae00                ethcontrol
                0x000000000010af8a                ethIrqDisable
                0x000000000010afca                ethIrqEnable
 .text          0x000000000010b00d      0x29a binaries/ethhandler.o
                0x000000000010b1ae                ethhandler
 .text          0x000000000010b2a7      0x13e binaries/ethinit.o
                0x000000000010b2a7                ethinit
 .text          0x000000000010b3e5      0x227 binaries/ethread.o
                0x000000000010b462                ethread
 .text          0x000000000010b60c      0x1d0 binaries/ethwrite.o
                0x000000000010b689                ethwrite
 .text          0x000000000010b7dc       0xaf binaries/rdsbufalloc.o
                0x000000000010b7dc                rdsbufalloc
 .text          0x000000000010b88b       0xcf binaries/rdsclose.o
                0x000000000010b88b                rdsclose
 .text          0x000000000010b95a      0x304 binaries/rdscomm.o
                0x000000000010b95a                rdscomm
 .text          0x000000000010bc5e      0x242 binaries/rdscontrol.o
                0x000000000010bc5e                rdscontrol
 .text          0x000000000010bea0      0x204 binaries/rdsinit.o
                0x000000000010bea0                rdsinit
 .text          0x000000000010c0a4      0x1a4 binaries/rdsopen.o
                0x000000000010c0a4                rdsopen
 .text          0x000000000010c248      0x471 binaries/rdsprocess.o
                0x000000000010c248                rdsprocess
 .text          0x000000000010c6b9      0x262 binaries/rdsread.o
                0x000000000010c6b9                rdsread
 .text          0x000000000010c91b      0x202 binaries/rdswrite.o
                0x000000000010c91b                rdswrite
 .text          0x000000000010cb1d       0x14 binaries/ramclose.o
                0x000000000010cb1d                ramclose
 .text          0x000000000010cb31       0x58 binaries/raminit.o
                0x000000000010cb31                raminit
 .text          0x000000000010cb89       0x14 binaries/ramopen.o
                0x000000000010cb89                ramopen
 .text          0x000000000010cb9d       0x47 binaries/ramread.o
                0x000000000010cb9d                ramread
 .text          0x000000000010cbe4       0x47 binaries/ramwrite.o
                0x000000000010cbe4                ramwrite
 .text          0x000000000010cc2b       0xc4 binaries/lfdballoc.o
                0x000000000010cc2b                lfdballoc
 .text          0x000000000010ccef       0x6c binaries/lfdbfree.o
                0x000000000010ccef                lfdbfree
 .text          0x000000000010cd5b       0xe0 binaries/lfflush.o
                0x000000000010cd5b                lfflush
 .text          0x000000000010ce3b       0xe2 binaries/lfgetmode.o
                0x000000000010ce3b                lfgetmode
 .text          0x000000000010cf1d       0x92 binaries/lfiballoc.o
                0x000000000010cf1d                lfiballoc
 .text          0x000000000010cfaf       0x45 binaries/lfibclear.o
                0x000000000010cfaf                lfibclear
 .text          0x000000000010cff4       0xbc binaries/lfibget.o
                0x000000000010cff4                lfibget
 .text          0x000000000010d0b0       0xeb binaries/lfibput.o
                0x000000000010d0b0                lfibput
 .text          0x000000000010d19b       0xbb binaries/lflclose.o
                0x000000000010d19b                lflclose
 .text          0x000000000010d256       0xef binaries/lflcontrol.o
                0x000000000010d256                lflcontrol
 .text          0x000000000010d345      0x104 binaries/lflgetc.o
                0x000000000010d345                lflgetc
 .text          0x000000000010d449      0x102 binaries/lflinit.o
                0x000000000010d449                lflinit
 .text          0x000000000010d54b      0x13a binaries/lflputc.o
                0x000000000010d54b                lflputc
 .text          0x000000000010d685       0x7f binaries/lflread.o
                0x000000000010d685                lflread
 .text          0x000000000010d704       0xbe binaries/lflseek.o
                0x000000000010d704                lflseek
 .text          0x000000000010d7c2       0x64 binaries/lflwrite.o
                0x000000000010d7c2                lflwrite
 .text          0x000000000010d826       0x6c binaries/lfscheck.o
                0x000000000010d826                lfscheck
 .text          0x000000000010d892      0x194 binaries/lfsckfmt.o
                0x000000000010d892                lfsckfmt
 .text          0x000000000010da26      0x1be binaries/lfscreate.o
                0x000000000010da26                lfscreate
 .text          0x000000000010dbe4      0x2a3 binaries/lfsetup.o
                0x000000000010dbe4                lfsetup
 .text          0x000000000010de87       0x81 binaries/lfsinit.o
                0x000000000010de87                lfsinit
 .text          0x000000000010df08      0x411 binaries/lfsopen.o
                0x000000000010df08                lfsopen
 .text          0x000000000010e319      0x18a binaries/lftruncate.o
                0x000000000010e319                lftruncate
 .text          0x000000000010e4a3       0x8f binaries/rflclose.o
                0x000000000010e4a3                rflclose
 .text          0x000000000010e532       0x42 binaries/rflgetc.o
                0x000000000010e532                rflgetc
 .text          0x000000000010e574       0x86 binaries/rflinit.o
                0x000000000010e574                rflinit
 .text          0x000000000010e5fa       0x43 binaries/rflputc.o
                0x000000000010e5fa                rflputc
 .text          0x000000000010e63d      0x396 binaries/rflread.o
                0x000000000010e63d                rflread
 .text          0x000000000010e9d3       0x92 binaries/rflseek.o
                0x000000000010e9d3                rflseek
 .text          0x000000000010ea65      0x381 binaries/rflwrite.o
                0x000000000010ea65                rflwrite
 .text          0x000000000010ede6      0x21d binaries/rfscomm.o
                0x000000000010ede6                rfscomm
 .text          0x000000000010f003      0x2ae binaries/rfscontrol.o
                0x000000000010f003                rfscontrol
 .text          0x000000000010f2b1       0xe2 binaries/rfsgetmode.o
                0x000000000010f2b1                rfsgetmode
 .text          0x000000000010f393       0xb5 binaries/rfsinit.o
                0x000000000010f393                rfsinit
 .text          0x000000000010f448      0x122 binaries/rfsndmsg.o
                0x000000000010f448                rfsndmsg
 .text          0x000000000010f56a      0x2e3 binaries/rfsopen.o
                0x000000000010f56a                rfsopen
 .text          0x000000000010f84d      0x8e6 binaries/arp.o
                0x000000000010f84d                arp_init
                0x000000000010f893                arp_resolve
                0x000000000010fb81                arp_in
                0x000000000010fe63                arp_alloc
                0x000000000010ff45                arp_ntoh
                0x000000000011003c                arp_hton
 .text          0x0000000000110133      0x97b binaries/dhcp.o
                0x0000000000110133                dhcp_get_opt_val
                0x0000000000110196                dhcp_bld_bootp_msg
                0x00000000001102bd                dhcp_bld_disc
                0x00000000001103b0                dhcp_bld_req
                0x0000000000110533                getlocalip
 .text          0x0000000000110aae      0x5f4 binaries/dns.o
                0x0000000000110aae                dnslookup
 .text          0x00000000001110a2       0xf4 binaries/dot2ip.o
                0x00000000001110a2                dot2ip
 .text          0x0000000000111196      0x528 binaries/hexdump.o
                0x0000000000111196                hexdump
                0x0000000000111364                hexadump
 .text          0x00000000001116be      0x940 binaries/icmp.o
                0x00000000001116be                icmp_init
                0x0000000000111704                icmp_in
                0x00000000001118e5                icmp_register
                0x00000000001119ef                icmp_recv
                0x0000000000111b8d                icmp_send
                0x0000000000111c22                icmp_mkpkt
                0x0000000000111d56                icmp_release
                0x0000000000111e63                icmp_cksum
                0x0000000000111f00                icmp_hton
                0x0000000000111f7f                icmp_ntoh
 .text          0x0000000000111ffe      0x96c binaries/ip.o
                0x0000000000111ffe                ip_in
                0x00000000001121a3                ip_send
                0x0000000000112325                ip_local
                0x0000000000112386                ip_out
                0x00000000001124ce                ipcksum
                0x000000000011255e                ip_ntoh
                0x0000000000112655                ip_hton
                0x000000000011274c                ipout
                0x00000000001128a3                ip_enqueue
 .text          0x000000000011296a      0x337 binaries/net.o
                0x000000000011296a                net_init
                0x0000000000112aca                netin
                0x0000000000112b98                eth_hton
                0x0000000000112bcd                eth_ntoh
                0x0000000000112c02                getport
 .text          0x0000000000112ca1     0x15bc binaries/pdump.o
                0x0000000000112ca1                pdump
                0x0000000000113af9                pdumph
 .text          0x000000000011425d      0x65e binaries/tftp.o
                0x000000000011425d                tftp_send1
                0x00000000001143f0                tftpget
                0x000000000011442c                tftpget_mb
 .text          0x00000000001148bb      0xc36 binaries/udp.o
                0x00000000001148bb                udp_init
                0x0000000000114901                udp_in
                0x0000000000114a54                udp_register
                0x0000000000114ba3                udp_recv
                0x0000000000114d52                udp_recvaddr
                0x0000000000114f19                udp_send
                0x000000000011511c                udp_sendto
                0x00000000001152e7                udp_release
                0x00000000001153f3                udp_ntoh
                0x0000000000115472                udp_hton
 .text          0x00000000001154f1      0x14d binaries/addargs.o
                0x00000000001154f1                addargs
 .text          0x000000000011563e      0x2d1 binaries/lexan.o
                0x000000000011563e                lexan
 .text          0x000000000011590f      0x6dd binaries/shell.o
                0x000000000011590f                shell
 .text          0x0000000000115fec       0x7e binaries/xsh_argecho.o
                0x0000000000115fec                xsh_argecho
 .text          0x000000000011606a      0x2cc binaries/xsh_arp.o
                0x000000000011606a                xsh_arp
 .text          0x0000000000116336      0x2ae binaries/xsh_cat.o
                0x0000000000116336                xsh_cat
 .text          0x00000000001165e4       0x7a binaries/xsh_clear.o
                0x00000000001165e4                xsh_clear
 .text          0x000000000011665e      0x354 binaries/xsh_date.o
                0x000000000011665e                xsh_date
 .text          0x00000000001169b2       0xcb binaries/xsh_devdump.o
                0x00000000001169b2                xsh_devdump
 .text          0x0000000000116a7d       0x87 binaries/xsh_echo.o
                0x0000000000116a7d                xsh_echo
 .text          0x0000000000116b04       0x14 binaries/xsh_exit.o
                0x0000000000116b04                xsh_exit
 .text          0x0000000000116b18      0x3e9 binaries/xsh_help.o
                0x0000000000116b18                xsh_help
 .text          0x0000000000116f01      0x287 binaries/xsh_kill.o
                0x0000000000116f01                xsh_kill
 .text          0x0000000000117188      0x5ad binaries/xsh_memdump.o
                0x0000000000117188                xsh_memdump
 .text          0x0000000000117735      0x316 binaries/xsh_memstat.o
                0x0000000000117735                xsh_memstat
 .text          0x0000000000117a4b      0x5d5 binaries/xsh_netinfo.o
                0x0000000000117a4b                xsh_netinfo
 .text          0x0000000000118020      0x4e7 binaries/xsh_ping.o
                0x0000000000118020                xsh_ping
 .text          0x0000000000118507      0x27c binaries/xsh_ps.o
                0x0000000000118507                xsh_ps
 .text          0x0000000000118783      0x265 binaries/xsh_sleep.o
                0x0000000000118783                xsh_sleep
 .text          0x00000000001189e8      0x2d8 binaries/xsh_udpdump.o
                0x00000000001189e8                xsh_udpdump
 .text          0x0000000000118cc0      0x532 binaries/xsh_udpecho.o
                0x0000000000118cc0                xsh_udpecho
 .text          0x00000000001191f2      0x2fb binaries/xsh_udpserver.o
                0x00000000001191f2                xsh_udpeserver
 .text          0x00000000001194ed      0x230 binaries/xsh_uptime.o
                0x00000000001194ed                xsh_uptime
 .text          0x000000000011971d        0xe binaries/clkdisp.o
                0x000000000011971d                clkdisp
 .text          0x000000000011972b       0x19 binaries/ctxsw.o
                0x000000000011972b                ctxsw
 .text          0x0000000000119744      0x368 binaries/intr.o
                0x0000000000119744                disable
                0x000000000011974d                restore
                0x000000000011975b                enable
                0x000000000011975d                pause
                0x0000000000119764                halt
                0x0000000000119767                spurious_irq7
                0x000000000011976c                spurious_irq15
                0x000000000011977b                _Xint0
                0x0000000000119786                _Xint1
                0x0000000000119791                _Xint2
                0x000000000011979c                _Xint3
                0x00000000001197a7                _Xint4
                0x00000000001197b2                _Xint5
                0x00000000001197bd                _Xint6
                0x00000000001197c8                _Xint7
                0x00000000001197d3                _Xint8
                0x00000000001197de                _Xint9
                0x00000000001197e9                _Xint10
                0x00000000001197f4                _Xint11
                0x0000000000119802                _Xint12
                0x0000000000119810                _Xint13
                0x000000000011981e                _Xint14
                0x000000000011982c                _Xint15
                0x000000000011983a                _Xint16
                0x0000000000119848                _Xint17
                0x0000000000119856                _Xint18
                0x0000000000119864                _Xint19
                0x0000000000119872                _Xint20
                0x0000000000119880                _Xint21
                0x000000000011988e                _Xint22
                0x000000000011989c                _Xint23
                0x00000000001198aa                _Xint24
                0x00000000001198b8                _Xint25
                0x00000000001198c6                _Xint26
                0x00000000001198d4                _Xint27
                0x00000000001198e2                _Xint28
                0x00000000001198f0                _Xint29
                0x00000000001198fe                _Xint30
                0x000000000011990c                _Xint31
                0x000000000011991a                _Xint32
                0x0000000000119928                _Xint33
                0x0000000000119936                _Xint34
                0x0000000000119944                _Xint35
                0x0000000000119952                _Xint36
                0x0000000000119960                _Xint37
                0x000000000011996e                _Xint38
                0x000000000011997c                _Xint39
                0x000000000011998a                _Xint40
                0x0000000000119998                _Xint41
                0x00000000001199a6                _Xint42
                0x00000000001199b4                _Xint43
                0x00000000001199c2                _Xint44
                0x00000000001199d0                _Xint45
                0x00000000001199de                _Xint46
                0x00000000001199ec                defevec
 .text          0x0000000000119aac        0xd binaries/pagefault_handler_disp.o
                0x0000000000119aac                pagefault_handler_disp
 .text          0x0000000000119ab9        0xf binaries/ttydispatch.o
                0x0000000000119ab9                ttydispatch
 .text          0x0000000000119ac8       0x13 binaries/ethdispatch.o
                0x0000000000119ac8                ethdispatch
 *(.rodata .rodata.*)
 *fill*         0x0000000000119adb        0x1 
 .rodata        0x0000000000119adc       0x8e binaries/ascdate.o
 .rodata        0x0000000000119b6a       0xae binaries/conf.o
 .rodata        0x0000000000119c18        0x4 binaries/control_reg.o
 .rodata        0x0000000000119c1c      0x22f binaries/evec.o
 .rodata        0x0000000000119e4b        0xa binaries/getmem.o
 *fill*         0x0000000000119e55        0x3 
 .rodata        0x0000000000119e58       0x61 binaries/getutime.o
 *fill*         0x0000000000119eb9        0x3 
 .rodata        0x0000000000119ebc       0x90 binaries/i386.o
 .rodata        0x0000000000119f4c      0x202 binaries/initialize.o
 *fill*         0x000000000011a14e        0x2 
 .rodata        0x000000000011a150       0x20 binaries/kill.o
 .rodata        0x000000000011a170       0x2a binaries/main.o
 .rodata        0x000000000011a19a       0x14 binaries/pagefault_handler.o
 .rodata        0x000000000011a1ae       0x1a binaries/paging.o
 .rodata        0x000000000011a1c8        0xf binaries/panic.o
 *fill*         0x000000000011a1d7        0x1 
 .rodata        0x000000000011a1d8      0x1ec binaries/pci.o
 .rodata        0x000000000011a3c4       0x1d binaries/ptinit.o
 *fill*         0x000000000011a3e1        0x3 
 .rodata        0x000000000011a3e4       0x25 binaries/ptsend.o
 *fill*         0x000000000011a409        0x3 
 .rodata        0x000000000011a40c       0xb7 binaries/stacktrace.o
 *fill*         0x000000000011a4c3        0x1 
 .rodata        0x000000000011a4c4       0x27 binaries/xdone.o
 *fill*         0x000000000011a4eb       0x15 
 .rodata        0x000000000011a500       0x81 binaries/ctype_.o
                0x000000000011a500                _ctype_
 *fill*         0x000000000011a581        0x3 
 .rodata        0x000000000011a584       0xee binaries/doprnt.o
 *fill*         0x000000000011a672        0x2 
 .rodata        0x000000000011a674       0x98 binaries/doscan.o
 .rodata        0x000000000011a70c       0xae binaries/fdoprnt.o
 *fill*         0x000000000011a7ba        0x2 
 .rodata        0x000000000011a7bc       0x20 binaries/ttycontrol.o
 .rodata        0x000000000011a7dc       0x34 binaries/ttyhandler.o
 .rodata        0x000000000011a810       0x80 binaries/naminit.o
 .rodata        0x000000000011a890       0x2e binaries/82545EMInit.o
 *fill*         0x000000000011a8be        0x2 
 .rodata        0x000000000011a8c0       0x78 binaries/ethinit.o
 .rodata        0x000000000011a938       0x18 binaries/ethread.o
 .rodata        0x000000000011a950       0x2c binaries/rdsbufalloc.o
 .rodata        0x000000000011a97c       0x76 binaries/rdscomm.o
 *fill*         0x000000000011a9f2        0x2 
 .rodata        0x000000000011a9f4       0x48 binaries/rdscontrol.o
 .rodata        0x000000000011aa3c       0x96 binaries/rdsinit.o
 *fill*         0x000000000011aad2        0x2 
 .rodata        0x000000000011aad4       0x22 binaries/rdsopen.o
 *fill*         0x000000000011aaf6        0x2 
 .rodata        0x000000000011aaf8       0x4d binaries/rdsprocess.o
 .rodata        0x000000000011ab45        0x9 binaries/raminit.o
 *fill*         0x000000000011ab4e        0x2 
 .rodata        0x000000000011ab50       0x37 binaries/lfdballoc.o
 .rodata        0x000000000011ab87       0x14 binaries/lfiballoc.o
 *fill*         0x000000000011ab9b        0x1 
 .rodata        0x000000000011ab9c       0x23 binaries/lflcontrol.o
 *fill*         0x000000000011abbf        0x1 
 .rodata        0x000000000011abc0      0x11b binaries/lfsckfmt.o
 *fill*         0x000000000011acdb        0x1 
 .rodata        0x000000000011acdc       0x2a binaries/lfsopen.o
 *fill*         0x000000000011ad06        0x2 
 .rodata        0x000000000011ad08       0x21 binaries/rflread.o
 *fill*         0x000000000011ad29        0x3 
 .rodata        0x000000000011ad2c       0x21 binaries/rflwrite.o
 *fill*         0x000000000011ad4d        0x3 
 .rodata        0x000000000011ad50       0x75 binaries/rfscomm.o
 *fill*         0x000000000011adc5        0x3 
 .rodata        0x000000000011adc8       0x3c binaries/rfscontrol.o
 .rodata        0x000000000011ae04       0x63 binaries/rfsinit.o
 *fill*         0x000000000011ae67        0x1 
 .rodata        0x000000000011ae68       0x2a binaries/rfsndmsg.o
 *fill*         0x000000000011ae92        0x2 
 .rodata        0x000000000011ae94       0x22 binaries/rfsopen.o
 *fill*         0x000000000011aeb6        0x2 
 .rodata        0x000000000011aeb8       0x3a binaries/arp.o
 *fill*         0x000000000011aef2        0x2 
 .rodata        0x000000000011aef4       0xcf binaries/dhcp.o
 .rodata        0x000000000011afc3       0x1a binaries/dns.o
 *fill*         0x000000000011afdd        0x3 
 .rodata        0x000000000011afe0       0xc9 binaries/hexdump.o
 *fill*         0x000000000011b0a9        0x3 
 .rodata        0x000000000011b0ac       0x29 binaries/icmp.o
 *fill*         0x000000000011b0d5        0x3 
 .rodata        0x000000000011b0d8       0x6e binaries/ip.o
 *fill*         0x000000000011b146        0x2 
 .rodata        0x000000000011b148       0x4f binaries/net.o
 *fill*         0x000000000011b197        0x1 
 .rodata        0x000000000011b198      0x26f binaries/pdump.o
 *fill*         0x000000000011b407        0x1 
 .rodata        0x000000000011b408      0x154 binaries/tftp.o
 .rodata        0x000000000011b55c      0x2c1 binaries/shell.o
 .rodata        0x000000000011b81d       0x28 binaries/xsh_argecho.o
 *fill*         0x000000000011b845        0x3 
 .rodata        0x000000000011b848      0x123 binaries/xsh_arp.o
 *fill*         0x000000000011b96b        0x1 
 .rodata        0x000000000011b96c       0xc9 binaries/xsh_cat.o
 .rodata        0x000000000011ba35       0x19 binaries/xsh_clear.o
 *fill*         0x000000000011ba4e        0x2 
 .rodata        0x000000000011ba50      0x1c3 binaries/xsh_date.o
 .rodata        0x000000000011bc13       0x5d binaries/xsh_devdump.o
 .rodata        0x000000000011bc70        0x9 binaries/xsh_echo.o
 *fill*         0x000000000011bc79        0x3 
 .rodata        0x000000000011bc7c      0x169 binaries/xsh_help.o
 *fill*         0x000000000011bde5        0x3 
 .rodata        0x000000000011bde8      0x12e binaries/xsh_kill.o
 *fill*         0x000000000011bf16        0x2 
 .rodata        0x000000000011bf18      0x266 binaries/xsh_memdump.o
 *fill*         0x000000000011c17e        0x2 
 .rodata        0x000000000011c180      0x225 binaries/xsh_memstat.o
 *fill*         0x000000000011c3a5        0x3 
 .rodata        0x000000000011c3a8      0x1b0 binaries/xsh_netinfo.o
 .rodata        0x000000000011c558      0x1a1 binaries/xsh_ping.o
 *fill*         0x000000000011c6f9        0x3 
 .rodata        0x000000000011c6fc      0x1a8 binaries/xsh_ps.o
 .rodata        0x000000000011c8a4       0xeb binaries/xsh_sleep.o
 *fill*         0x000000000011c98f        0x1 
 .rodata        0x000000000011c990      0x1b8 binaries/xsh_udpdump.o
 .rodata        0x000000000011cb48      0x215 binaries/xsh_udpecho.o
 *fill*         0x000000000011cd5d        0x3 
 .rodata        0x000000000011cd60      0x12b binaries/xsh_udpserver.o
 *fill*         0x000000000011ce8b        0x1 
 .rodata        0x000000000011ce8c      0x105 binaries/xsh_uptime.o
                0x000000000011cf91                etext = ABSOLUTE (.)
                0x000000000011d000                . = ALIGN (0x1000)
 *fill*         0x000000000011cf91       0x6f 

.eh_frame       0x000000000011d000     0x3370
 .eh_frame      0x000000000011d000       0x50 binaries/ascdate.o
 .eh_frame      0x000000000011d050       0x34 binaries/bufinit.o
                                         0x4c (size before relaxing)
 .eh_frame      0x000000000011d084       0x38 binaries/chprio.o
                                         0x50 (size before relaxing)
 .eh_frame      0x000000000011d0bc       0x24 binaries/clkhandler.o
                                         0x50 (size before relaxing)
 .eh_frame      0x000000000011d0e0       0x24 binaries/clkinit.o
                                         0x50 (size before relaxing)
 .eh_frame      0x000000000011d104       0x24 binaries/close.o
                                         0x50 (size before relaxing)
 .eh_frame      0x000000000011d128       0x24 binaries/control.o
                                         0x50 (size before relaxing)
 .eh_frame      0x000000000011d14c      0x120 binaries/control_reg.o
                                        0x14c (size before relaxing)
 .eh_frame      0x000000000011d26c       0x48 binaries/create.o
                                         0x88 (size before relaxing)
 .eh_frame      0x000000000011d2b4       0x6c binaries/evec.o
                                         0xac (size before relaxing)
 .eh_frame      0x000000000011d320       0x24 binaries/exit.o
                                         0x50 (size before relaxing)
 .eh_frame      0x000000000011d344       0x24 binaries/freebuf.o
                                         0x50 (size before relaxing)
 .eh_frame      0x000000000011d368       0x6c binaries/freemem.o
                                         0x98 (size before relaxing)
 .eh_frame      0x000000000011d3d4       0x24 binaries/getbuf.o
                                         0x50 (size before relaxing)
 .eh_frame      0x000000000011d3f8       0x24 binaries/getc.o
                                         0x50 (size before relaxing)
 .eh_frame      0x000000000011d41c       0x24 binaries/getdev.o
                                         0x50 (size before relaxing)
 .eh_frame      0x000000000011d440       0x78 binaries/getitem.o
                                         0xa4 (size before relaxing)
 .eh_frame      0x000000000011d4b8       0x6c binaries/getmem.o
                                         0x98 (size before relaxing)
 .eh_frame      0x000000000011d524       0x20 binaries/getpid.o
                                         0x4c (size before relaxing)
 .eh_frame      0x000000000011d544       0x24 binaries/getprio.o
                                         0x50 (size before relaxing)
 .eh_frame      0x000000000011d568       0x24 binaries/getstk.o
                                         0x50 (size before relaxing)
 .eh_frame      0x000000000011d58c       0x20 binaries/getticks.o
                                         0x4c (size before relaxing)
 .eh_frame      0x000000000011d5ac       0x24 binaries/gettime.o
                                         0x50 (size before relaxing)
 .eh_frame      0x000000000011d5d0       0x24 binaries/getutime.o
                                         0x50 (size before relaxing)
 .eh_frame      0x000000000011d5f4       0x9c binaries/i386.o
                                         0xc8 (size before relaxing)
 .eh_frame      0x000000000011d690       0x24 binaries/init.o
                                         0x50 (size before relaxing)
 .eh_frame      0x000000000011d6b4       0xb4 binaries/initialize.o
                                         0xf4 (size before relaxing)
 .eh_frame      0x000000000011d768       0x24 binaries/insert.o
                                         0x50 (size before relaxing)
 .eh_frame      0x000000000011d78c       0x28 binaries/insertd.o
                                         0x54 (size before relaxing)
 .eh_frame      0x000000000011d7b4       0x20 binaries/ioerr.o
                                         0x4c (size before relaxing)
 .eh_frame      0x000000000011d7d4       0x20 binaries/ionull.o
                                         0x4c (size before relaxing)
 .eh_frame      0x000000000011d7f4       0x2c binaries/kill.o
                                         0x58 (size before relaxing)
 .eh_frame      0x000000000011d820       0x6c binaries/kprintf.o
                                         0xac (size before relaxing)
 .eh_frame      0x000000000011d88c       0x28 binaries/main.o
                                         0x54 (size before relaxing)
 .eh_frame      0x000000000011d8b4       0x48 binaries/mark.o
                                         0x74 (size before relaxing)
 .eh_frame      0x000000000011d8fc       0x60 binaries/meminit.o
                                         0x8c (size before relaxing)
 .eh_frame      0x000000000011d95c       0x24 binaries/mkbufpool.o
                                         0x50 (size before relaxing)
 .eh_frame      0x000000000011d980       0x24 binaries/newqueue.o
                                         0x50 (size before relaxing)
 .eh_frame      0x000000000011d9a4       0x24 binaries/open.o
                                         0x50 (size before relaxing)
 .eh_frame      0x000000000011d9c8       0x2c binaries/pagefault_handler.o
                                         0x58 (size before relaxing)
 .eh_frame      0x000000000011d9f4       0x48 binaries/paging.o
                                         0x74 (size before relaxing)
 .eh_frame      0x000000000011da3c       0x1c binaries/panic.o
                                         0x48 (size before relaxing)
 .eh_frame      0x000000000011da58      0x1ec binaries/pci.o
                                        0x240 (size before relaxing)
 .eh_frame      0x000000000011dc44       0x24 binaries/ptclear.o
                                         0x50 (size before relaxing)
 .eh_frame      0x000000000011dc68       0x24 binaries/ptcount.o
                                         0x50 (size before relaxing)
 .eh_frame      0x000000000011dc8c       0x24 binaries/ptcreate.o
                                         0x50 (size before relaxing)
 .eh_frame      0x000000000011dcb0       0x24 binaries/ptdelete.o
                                         0x50 (size before relaxing)
 .eh_frame      0x000000000011dcd4       0x24 binaries/ptinit.o
                                         0x50 (size before relaxing)
 .eh_frame      0x000000000011dcf8       0x24 binaries/ptrecv.o
                                         0x50 (size before relaxing)
 .eh_frame      0x000000000011dd1c       0x24 binaries/ptreset.o
                                         0x50 (size before relaxing)
 .eh_frame      0x000000000011dd40       0x24 binaries/ptsend.o
                                         0x50 (size before relaxing)
 .eh_frame      0x000000000011dd64       0x24 binaries/putc.o
                                         0x50 (size before relaxing)
 .eh_frame      0x000000000011dd88       0x48 binaries/queue.o
                                         0x88 (size before relaxing)
 .eh_frame      0x000000000011ddd0       0x24 binaries/read.o
                                         0x50 (size before relaxing)
 .eh_frame      0x000000000011ddf4       0x28 binaries/ready.o
                                         0x54 (size before relaxing)
 .eh_frame      0x000000000011de1c       0x24 binaries/receive.o
                                         0x50 (size before relaxing)
 .eh_frame      0x000000000011de40       0x24 binaries/recvclr.o
                                         0x50 (size before relaxing)
 .eh_frame      0x000000000011de64       0x24 binaries/recvtime.o
                                         0x50 (size before relaxing)
 .eh_frame      0x000000000011de88       0x48 binaries/resched.o
                                         0x88 (size before relaxing)
 .eh_frame      0x000000000011ded0       0x24 binaries/resume.o
                                         0x50 (size before relaxing)
 .eh_frame      0x000000000011def4       0x24 binaries/seek.o
                                         0x50 (size before relaxing)
 .eh_frame      0x000000000011df18       0x24 binaries/semcount.o
                                         0x50 (size before relaxing)
 .eh_frame      0x000000000011df3c       0x48 binaries/semcreate.o
                                         0x88 (size before relaxing)
 .eh_frame      0x000000000011df84       0x24 binaries/semdelete.o
                                         0x50 (size before relaxing)
 .eh_frame      0x000000000011dfa8       0x24 binaries/semreset.o
                                         0x50 (size before relaxing)
 .eh_frame      0x000000000011dfcc       0x24 binaries/send.o
                                         0x50 (size before relaxing)
 .eh_frame      0x000000000011dff0       0x24 binaries/signal.o
                                         0x50 (size before relaxing)
 .eh_frame      0x000000000011e014       0x24 binaries/signaln.o
                                         0x50 (size before relaxing)
 .eh_frame      0x000000000011e038       0x44 binaries/sleep.o
                                         0x84 (size before relaxing)
 .eh_frame      0x000000000011e07c       0x24 binaries/stacktrace.o
                                         0x50 (size before relaxing)
 .eh_frame      0x000000000011e0a0       0x24 binaries/suspend.o
                                         0x50 (size before relaxing)
 .eh_frame      0x000000000011e0c4       0x24 binaries/unsleep.o
                                         0x50 (size before relaxing)
 .eh_frame      0x000000000011e0e8       0x24 binaries/userret.o
                                         0x50 (size before relaxing)
 .eh_frame      0x000000000011e10c       0x24 binaries/vcreate.o
                                         0x50 (size before relaxing)
 .eh_frame      0x000000000011e130       0x2c binaries/vmalloc.o
                                         0x58 (size before relaxing)
 .eh_frame      0x000000000011e15c       0x24 binaries/wait.o
                                         0x50 (size before relaxing)
 .eh_frame      0x000000000011e180       0x24 binaries/wakeup.o
                                         0x50 (size before relaxing)
 .eh_frame      0x000000000011e1a4       0x24 binaries/write.o
                                         0x50 (size before relaxing)
 .eh_frame      0x000000000011e1c8       0x24 binaries/xdone.o
                                         0x50 (size before relaxing)
 .eh_frame      0x000000000011e1ec       0x24 binaries/yield.o
                                         0x50 (size before relaxing)
 .eh_frame      0x000000000011e210       0x20 binaries/abs.o
                                         0x4c (size before relaxing)
 .eh_frame      0x000000000011e230       0x20 binaries/atoi.o
                                         0x4c (size before relaxing)
 .eh_frame      0x000000000011e250       0x20 binaries/atol.o
                                         0x4c (size before relaxing)
 .eh_frame      0x000000000011e270       0x20 binaries/bzero.o
                                         0x4c (size before relaxing)
 .eh_frame      0x000000000011e290       0xec binaries/doprnt.o
                                        0x140 (size before relaxing)
 .eh_frame      0x000000000011e37c       0xc8 binaries/doscan.o
                                         0xf4 (size before relaxing)
 .eh_frame      0x000000000011e444       0xcc binaries/fdoprnt.o
                                        0x10c (size before relaxing)
 .eh_frame      0x000000000011e510       0x24 binaries/fgetc.o
                                         0x50 (size before relaxing)
 .eh_frame      0x000000000011e534       0x24 binaries/fgets.o
                                         0x50 (size before relaxing)
 .eh_frame      0x000000000011e558       0x24 binaries/fprintf.o
                                         0x50 (size before relaxing)
 .eh_frame      0x000000000011e57c       0x24 binaries/fputc.o
                                         0x50 (size before relaxing)
 .eh_frame      0x000000000011e5a0       0x24 binaries/fputs.o
                                         0x50 (size before relaxing)
 .eh_frame      0x000000000011e5c4       0x68 binaries/fscanf.o
                                         0x94 (size before relaxing)
 .eh_frame      0x000000000011e62c       0x24 binaries/getchar.o
                                         0x50 (size before relaxing)
 .eh_frame      0x000000000011e650       0x20 binaries/labs.o
                                         0x4c (size before relaxing)
 .eh_frame      0x000000000011e670       0x20 binaries/memcmp.o
                                         0x4c (size before relaxing)
 .eh_frame      0x000000000011e690       0x24 binaries/memcpy.o
                                         0x50 (size before relaxing)
 .eh_frame      0x000000000011e6b4       0x24 binaries/memset.o
                                         0x50 (size before relaxing)
 .eh_frame      0x000000000011e6d8       0x24 binaries/printf.o
                                         0x50 (size before relaxing)
 .eh_frame      0x000000000011e6fc       0x24 binaries/putchar.o
                                         0x50 (size before relaxing)
 .eh_frame      0x000000000011e720       0xa4 binaries/qsort.o
                                         0xd0 (size before relaxing)
 .eh_frame      0x000000000011e7c4       0x60 binaries/rand.o
                                         0x8c (size before relaxing)
 .eh_frame      0x000000000011e824       0x44 binaries/sprintf.o
                                         0x70 (size before relaxing)
 .eh_frame      0x000000000011e868       0x64 binaries/sscanf.o
                                         0x90 (size before relaxing)
 .eh_frame      0x000000000011e8cc       0x20 binaries/strchr.o
                                         0x4c (size before relaxing)
 .eh_frame      0x000000000011e8ec       0x20 binaries/strcmp.o
                                         0x4c (size before relaxing)
 .eh_frame      0x000000000011e90c       0x20 binaries/strcpy.o
                                         0x4c (size before relaxing)
 .eh_frame      0x000000000011e92c       0x20 binaries/strlen.o
                                         0x4c (size before relaxing)
 .eh_frame      0x000000000011e94c       0x20 binaries/strncat.o
                                         0x4c (size before relaxing)
 .eh_frame      0x000000000011e96c       0x20 binaries/strncmp.o
                                         0x4c (size before relaxing)
 .eh_frame      0x000000000011e98c       0x28 binaries/strncpy.o
                                         0x54 (size before relaxing)
 .eh_frame      0x000000000011e9b4       0x20 binaries/strnlen.o
                                         0x4c (size before relaxing)
 .eh_frame      0x000000000011e9d4       0x20 binaries/strrchr.o
                                         0x4c (size before relaxing)
 .eh_frame      0x000000000011e9f4       0x20 binaries/strstr.o
                                         0x4c (size before relaxing)
 .eh_frame      0x000000000011ea14       0x24 binaries/ttycontrol.o
                                         0x50 (size before relaxing)
 .eh_frame      0x000000000011ea38       0x24 binaries/ttygetc.o
                                         0x50 (size before relaxing)
 .eh_frame      0x000000000011ea5c       0x88 binaries/ttyhandle_in.o
                                         0xdc (size before relaxing)
 .eh_frame      0x000000000011eae4       0x24 binaries/ttyhandle_out.o
                                         0x50 (size before relaxing)
 .eh_frame      0x000000000011eb08       0x24 binaries/ttyhandler.o
                                         0x50 (size before relaxing)
 .eh_frame      0x000000000011eb2c       0x24 binaries/ttyinit.o
                                         0x50 (size before relaxing)
 .eh_frame      0x000000000011eb50       0x24 binaries/ttykickout.o
                                         0x50 (size before relaxing)
 .eh_frame      0x000000000011eb74       0x24 binaries/ttyputc.o
                                         0x50 (size before relaxing)
 .eh_frame      0x000000000011eb98       0x24 binaries/ttyread.o
                                         0x50 (size before relaxing)
 .eh_frame      0x000000000011ebbc       0x24 binaries/ttywrite.o
                                         0x50 (size before relaxing)
 .eh_frame      0x000000000011ebe0       0x44 binaries/mount.o
                                         0x84 (size before relaxing)
 .eh_frame      0x000000000011ec24       0x24 binaries/naminit.o
                                         0x50 (size before relaxing)
 .eh_frame      0x000000000011ec48       0x68 binaries/nammap.o
                                         0xa8 (size before relaxing)
 .eh_frame      0x000000000011ecb0       0x24 binaries/namopen.o
                                         0x50 (size before relaxing)
 .eh_frame      0x000000000011ecd4      0x158 binaries/82545EMInit.o
                                        0x198 (size before relaxing)
 .eh_frame      0x000000000011ee2c       0xac binaries/ethcontrol.o
                                        0x100 (size before relaxing)
 .eh_frame      0x000000000011eed8       0x90 binaries/ethhandler.o
                                         0xd0 (size before relaxing)
 .eh_frame      0x000000000011ef68       0x24 binaries/ethinit.o
                                         0x50 (size before relaxing)
 .eh_frame      0x000000000011ef8c       0x6c binaries/ethread.o
                                         0x98 (size before relaxing)
 .eh_frame      0x000000000011eff8       0x6c binaries/ethwrite.o
                                         0x98 (size before relaxing)
 .eh_frame      0x000000000011f064       0x24 binaries/rdsbufalloc.o
                                         0x50 (size before relaxing)
 .eh_frame      0x000000000011f088       0x20 binaries/rdsclose.o
                                         0x4c (size before relaxing)
 .eh_frame      0x000000000011f0a8       0x24 binaries/rdscomm.o
                                         0x50 (size before relaxing)
 .eh_frame      0x000000000011f0cc       0x24 binaries/rdscontrol.o
                                         0x50 (size before relaxing)
 .eh_frame      0x000000000011f0f0       0x24 binaries/rdsinit.o
                                         0x50 (size before relaxing)
 .eh_frame      0x000000000011f114       0x24 binaries/rdsopen.o
                                         0x50 (size before relaxing)
 .eh_frame      0x000000000011f138       0x1c binaries/rdsprocess.o
                                         0x48 (size before relaxing)
 .eh_frame      0x000000000011f154       0x24 binaries/rdsread.o
                                         0x50 (size before relaxing)
 .eh_frame      0x000000000011f178       0x24 binaries/rdswrite.o
                                         0x50 (size before relaxing)
 .eh_frame      0x000000000011f19c       0x20 binaries/ramclose.o
                                         0x4c (size before relaxing)
 .eh_frame      0x000000000011f1bc       0x24 binaries/raminit.o
                                         0x50 (size before relaxing)
 .eh_frame      0x000000000011f1e0       0x20 binaries/ramopen.o
                                         0x4c (size before relaxing)
 .eh_frame      0x000000000011f200       0x24 binaries/ramread.o
                                         0x50 (size before relaxing)
 .eh_frame      0x000000000011f224       0x24 binaries/ramwrite.o
                                         0x50 (size before relaxing)
 .eh_frame      0x000000000011f248       0x24 binaries/lfdballoc.o
                                         0x50 (size before relaxing)
 .eh_frame      0x000000000011f26c       0x24 binaries/lfdbfree.o
                                         0x50 (size before relaxing)
 .eh_frame      0x000000000011f290       0x24 binaries/lfflush.o
                                         0x50 (size before relaxing)
 .eh_frame      0x000000000011f2b4       0x20 binaries/lfgetmode.o
                                         0x4c (size before relaxing)
 .eh_frame      0x000000000011f2d4       0x24 binaries/lfiballoc.o
                                         0x50 (size before relaxing)
 .eh_frame      0x000000000011f2f8       0x20 binaries/lfibclear.o
                                         0x4c (size before relaxing)
 .eh_frame      0x000000000011f318       0x24 binaries/lfibget.o
                                         0x50 (size before relaxing)
 .eh_frame      0x000000000011f33c       0x24 binaries/lfibput.o
                                         0x50 (size before relaxing)
 .eh_frame      0x000000000011f360       0x24 binaries/lflclose.o
                                         0x50 (size before relaxing)
 .eh_frame      0x000000000011f384       0x24 binaries/lflcontrol.o
                                         0x50 (size before relaxing)
 .eh_frame      0x000000000011f3a8       0x24 binaries/lflgetc.o
                                         0x50 (size before relaxing)
 .eh_frame      0x000000000011f3cc       0x24 binaries/lflinit.o
                                         0x50 (size before relaxing)
 .eh_frame      0x000000000011f3f0       0x24 binaries/lflputc.o
                                         0x50 (size before relaxing)
 .eh_frame      0x000000000011f414       0x24 binaries/lflread.o
                                         0x50 (size before relaxing)
 .eh_frame      0x000000000011f438       0x24 binaries/lflseek.o
                                         0x50 (size before relaxing)
 .eh_frame      0x000000000011f45c       0x24 binaries/lflwrite.o
                                         0x50 (size before relaxing)
 .eh_frame      0x000000000011f480       0x20 binaries/lfscheck.o
                                         0x4c (size before relaxing)
 .eh_frame      0x000000000011f4a0       0x24 binaries/lfsckfmt.o
                                         0x50 (size before relaxing)
 .eh_frame      0x000000000011f4c4       0x24 binaries/lfscreate.o
                                         0x50 (size before relaxing)
 .eh_frame      0x000000000011f4e8       0x24 binaries/lfsetup.o
                                         0x50 (size before relaxing)
 .eh_frame      0x000000000011f50c       0x24 binaries/lfsinit.o
                                         0x50 (size before relaxing)
 .eh_frame      0x000000000011f530       0x24 binaries/lfsopen.o
                                         0x50 (size before relaxing)
 .eh_frame      0x000000000011f554       0x24 binaries/lftruncate.o
                                         0x50 (size before relaxing)
 .eh_frame      0x000000000011f578       0x24 binaries/rflclose.o
                                         0x50 (size before relaxing)
 .eh_frame      0x000000000011f59c       0x24 binaries/rflgetc.o
                                         0x50 (size before relaxing)
 .eh_frame      0x000000000011f5c0       0x20 binaries/rflinit.o
                                         0x4c (size before relaxing)
 .eh_frame      0x000000000011f5e0       0x24 binaries/rflputc.o
                                         0x50 (size before relaxing)
 .eh_frame      0x000000000011f604       0x24 binaries/rflread.o
                                         0x50 (size before relaxing)
 .eh_frame      0x000000000011f628       0x24 binaries/rflseek.o
                                         0x50 (size before relaxing)
 .eh_frame      0x000000000011f64c       0x24 binaries/rflwrite.o
                                         0x50 (size before relaxing)
 .eh_frame      0x000000000011f670       0x24 binaries/rfscomm.o
                                         0x50 (size before relaxing)
 .eh_frame      0x000000000011f694       0x24 binaries/rfscontrol.o
                                         0x50 (size before relaxing)
 .eh_frame      0x000000000011f6b8       0x20 binaries/rfsgetmode.o
                                         0x4c (size before relaxing)
 .eh_frame      0x000000000011f6d8       0x24 binaries/rfsinit.o
                                         0x50 (size before relaxing)
 .eh_frame      0x000000000011f6fc       0x24 binaries/rfsndmsg.o
                                         0x50 (size before relaxing)
 .eh_frame      0x000000000011f720       0x24 binaries/rfsopen.o
                                         0x50 (size before relaxing)
 .eh_frame      0x000000000011f744       0xd0 binaries/arp.o
                                        0x124 (size before relaxing)
 .eh_frame      0x000000000011f814       0xac binaries/dhcp.o
                                         0xec (size before relaxing)
 .eh_frame      0x000000000011f8c0       0x90 binaries/dns.o
                                         0xd0 (size before relaxing)
 .eh_frame      0x000000000011f950       0x20 binaries/dot2ip.o
                                         0x4c (size before relaxing)
 .eh_frame      0x000000000011f970       0x48 binaries/hexdump.o
                                         0x74 (size before relaxing)
 .eh_frame      0x000000000011f9b8      0x168 binaries/icmp.o
                                        0x1bc (size before relaxing)
 .eh_frame      0x000000000011fb20      0x130 binaries/ip.o
                                        0x170 (size before relaxing)
 .eh_frame      0x000000000011fc50       0xa8 binaries/net.o
                                         0xfc (size before relaxing)
 .eh_frame      0x000000000011fcf8       0x60 binaries/pdump.o
                                         0xa0 (size before relaxing)
 .eh_frame      0x000000000011fd58       0x68 binaries/tftp.o
                                         0xa8 (size before relaxing)
 .eh_frame      0x000000000011fdc0      0x160 binaries/udp.o
                                        0x1b4 (size before relaxing)
 .eh_frame      0x000000000011ff20       0x24 binaries/addargs.o
                                         0x50 (size before relaxing)
 .eh_frame      0x000000000011ff44       0x20 binaries/lexan.o
                                         0x4c (size before relaxing)
 .eh_frame      0x000000000011ff64       0x2c binaries/shell.o
                                         0x58 (size before relaxing)
 .eh_frame      0x000000000011ff90       0x24 binaries/xsh_argecho.o
                                         0x50 (size before relaxing)
 .eh_frame      0x000000000011ffb4       0x48 binaries/xsh_arp.o
                                         0x74 (size before relaxing)
 .eh_frame      0x000000000011fffc       0x2c binaries/xsh_cat.o
                                         0x58 (size before relaxing)
 .eh_frame      0x0000000000120028       0x28 binaries/xsh_clear.o
                                         0x54 (size before relaxing)
 .eh_frame      0x0000000000120050       0x2c binaries/xsh_date.o
                                         0x58 (size before relaxing)
 .eh_frame      0x000000000012007c       0x24 binaries/xsh_devdump.o
                                         0x50 (size before relaxing)
 .eh_frame      0x00000000001200a0       0x24 binaries/xsh_echo.o
                                         0x50 (size before relaxing)
 .eh_frame      0x00000000001200c4       0x20 binaries/xsh_exit.o
                                         0x4c (size before relaxing)
 .eh_frame      0x00000000001200e4       0x2c binaries/xsh_help.o
                                         0x58 (size before relaxing)
 .eh_frame      0x0000000000120110       0x2c binaries/xsh_kill.o
                                         0x58 (size before relaxing)
 .eh_frame      0x000000000012013c       0x4c binaries/xsh_memdump.o
                                         0x8c (size before relaxing)
 .eh_frame      0x0000000000120188       0x74 binaries/xsh_memstat.o
                                         0xa0 (size before relaxing)
 .eh_frame      0x00000000001201fc       0x30 binaries/xsh_netinfo.o
                                         0x5c (size before relaxing)
 .eh_frame      0x000000000012022c       0x30 binaries/xsh_ping.o
                                         0x5c (size before relaxing)
 .eh_frame      0x000000000012025c       0x30 binaries/xsh_ps.o
                                         0x5c (size before relaxing)
 .eh_frame      0x000000000012028c       0x2c binaries/xsh_sleep.o
                                         0x58 (size before relaxing)
 .eh_frame      0x00000000001202b8       0x2c binaries/xsh_udpdump.o
                                         0x58 (size before relaxing)
 .eh_frame      0x00000000001202e4       0x30 binaries/xsh_udpecho.o
                                         0x5c (size before relaxing)
 .eh_frame      0x0000000000120314       0x30 binaries/xsh_udpserver.o
                                         0x5c (size before relaxing)
 .eh_frame      0x0000000000120344       0x2c binaries/xsh_uptime.o
                                         0x58 (size before relaxing)

.iplt           0x0000000000120370        0x0
 .iplt          0x0000000000120370        0x0 binaries/start.o

.rel.dyn        0x0000000000120370        0x0
 .rel.got       0x0000000000120370        0x0 binaries/start.o
 .rel.iplt      0x0000000000120370        0x0 binaries/start.o
 .rel.text      0x0000000000120370        0x0 binaries/start.o

.data           0x0000000000120380     0x1c80
                0x0000000000120380                data = ABSOLUTE (.)
 *(.data .data.*)
 .data          0x0000000000120380      0x460 binaries/start.o
                0x0000000000120380                gdt
                0x00000000001203c0                gdtr
                0x00000000001203c6                idt
                0x00000000001207c6                idtr
                0x00000000001207cc                cpudelay
                0x00000000001207d0                _bootdev
                0x00000000001207d4                _cyloffset
 .data          0x00000000001207e0        0x0 binaries/ascdate.o
 .data.rel.local
                0x00000000001207e0       0x88 binaries/ascdate.o
                0x00000000001207e0                Date
 .data          0x0000000000120868        0x0 binaries/bufinit.o
 .data          0x0000000000120868        0x0 binaries/chprio.o
 .data          0x0000000000120868        0x4 binaries/clkhandler.o
 .data          0x000000000012086c        0x0 binaries/clkinit.o
 .data          0x000000000012086c        0x0 binaries/close.o
 .data          0x000000000012086c        0x0 binaries/conf.o
 *fill*         0x000000000012086c       0x14 
 .data.rel      0x0000000000120880      0x5a0 binaries/conf.o
                0x0000000000120880                devtab
 .data          0x0000000000120e20        0x0 binaries/control.o
 .data          0x0000000000120e20        0x0 binaries/control_reg.o
 .data          0x0000000000120e20        0x4 binaries/create.o
 .data          0x0000000000120e24        0x0 binaries/evec.o
 *fill*         0x0000000000120e24       0x1c 
 .data.rel.local
                0x0000000000120e40       0x40 binaries/evec.o
                0x0000000000120e40                inames
 .data          0x0000000000120e80        0x0 binaries/exit.o
 .data          0x0000000000120e80        0x0 binaries/freebuf.o
 .data          0x0000000000120e80        0x0 binaries/freemem.o
 .data          0x0000000000120e80        0x0 binaries/getbuf.o
 .data          0x0000000000120e80        0x0 binaries/getc.o
 .data          0x0000000000120e80        0x0 binaries/getdev.o
 .data          0x0000000000120e80        0x0 binaries/getitem.o
 .data          0x0000000000120e80        0x0 binaries/getmem.o
 .data          0x0000000000120e80        0x0 binaries/getpid.o
 .data          0x0000000000120e80        0x0 binaries/getprio.o
 .data          0x0000000000120e80        0x0 binaries/getstk.o
 .data          0x0000000000120e80        0x0 binaries/getticks.o
 .data          0x0000000000120e80        0x0 binaries/gettime.o
 .data          0x0000000000120e80        0x0 binaries/getutime.o
 .data          0x0000000000120e80       0x40 binaries/i386.o
                0x0000000000120e80                gdt_copy
 .data          0x0000000000120ec0        0x0 binaries/init.o
 .data          0x0000000000120ec0        0x0 binaries/initialize.o
 .data          0x0000000000120ec0        0x0 binaries/insert.o
 .data          0x0000000000120ec0        0x0 binaries/insertd.o
 .data          0x0000000000120ec0        0x0 binaries/ioerr.o
 .data          0x0000000000120ec0        0x0 binaries/ionull.o
 .data          0x0000000000120ec0        0x0 binaries/kill.o
 .data          0x0000000000120ec0        0x0 binaries/kprintf.o
 .data          0x0000000000120ec0        0x0 binaries/main.o
 .data          0x0000000000120ec0        0x0 binaries/mark.o
 .data          0x0000000000120ec0        0x0 binaries/meminit.o
 .data          0x0000000000120ec0        0x0 binaries/mkbufpool.o
 .data          0x0000000000120ec0        0x2 binaries/newqueue.o
 .data          0x0000000000120ec2        0x0 binaries/open.o
 .data          0x0000000000120ec2        0x0 binaries/pagefault_handler.o
 .data          0x0000000000120ec2        0x0 binaries/paging.o
 .data          0x0000000000120ec2        0x0 binaries/panic.o
 *fill*         0x0000000000120ec2        0x2 
 .data          0x0000000000120ec4       0x10 binaries/pci.o
 .data          0x0000000000120ed4        0x0 binaries/ptclear.o
 .data          0x0000000000120ed4        0x0 binaries/ptcount.o
 .data          0x0000000000120ed4        0x0 binaries/ptcreate.o
 .data          0x0000000000120ed4        0x0 binaries/ptdelete.o
 .data          0x0000000000120ed4        0x0 binaries/ptinit.o
 .data          0x0000000000120ed4        0x0 binaries/ptrecv.o
 .data          0x0000000000120ed4        0x0 binaries/ptreset.o
 .data          0x0000000000120ed4        0x0 binaries/ptsend.o
 .data          0x0000000000120ed4        0x0 binaries/putc.o
 .data          0x0000000000120ed4        0x0 binaries/queue.o
 .data          0x0000000000120ed4        0x0 binaries/read.o
 .data          0x0000000000120ed4        0x0 binaries/ready.o
 .data          0x0000000000120ed4        0x0 binaries/receive.o
 .data          0x0000000000120ed4        0x0 binaries/recvclr.o
 .data          0x0000000000120ed4        0x0 binaries/recvtime.o
 .data          0x0000000000120ed4        0x0 binaries/resched.o
 .data          0x0000000000120ed4        0x0 binaries/resume.o
 .data          0x0000000000120ed4        0x0 binaries/seek.o
 .data          0x0000000000120ed4        0x0 binaries/semcount.o
 .data          0x0000000000120ed4        0x0 binaries/semcreate.o
 .data          0x0000000000120ed4        0x0 binaries/semdelete.o
 .data          0x0000000000120ed4        0x0 binaries/semreset.o
 .data          0x0000000000120ed4        0x0 binaries/send.o
 .data          0x0000000000120ed4        0x0 binaries/signal.o
 .data          0x0000000000120ed4        0x0 binaries/signaln.o
 .data          0x0000000000120ed4        0x0 binaries/sleep.o
 .data          0x0000000000120ed4        0x0 binaries/stacktrace.o
 .data          0x0000000000120ed4        0x0 binaries/suspend.o
 .data          0x0000000000120ed4        0x0 binaries/unsleep.o
 .data          0x0000000000120ed4        0x0 binaries/userret.o
 .data          0x0000000000120ed4        0x0 binaries/vcreate.o
 .data          0x0000000000120ed4        0x0 binaries/vmalloc.o
 .data          0x0000000000120ed4        0x0 binaries/wait.o
 .data          0x0000000000120ed4        0x0 binaries/wakeup.o
 .data          0x0000000000120ed4        0x0 binaries/write.o
 .data          0x0000000000120ed4        0x0 binaries/xdone.o
 .data          0x0000000000120ed4        0x0 binaries/yield.o
 .data          0x0000000000120ed4        0x0 binaries/abs.o
 .data          0x0000000000120ed4        0x0 binaries/atoi.o
 .data          0x0000000000120ed4        0x0 binaries/atol.o
 .data          0x0000000000120ed4        0x0 binaries/bzero.o
 .data          0x0000000000120ed4        0x0 binaries/ctype_.o
 .data          0x0000000000120ed4        0x0 binaries/doprnt.o
 *fill*         0x0000000000120ed4        0xc 
 .data          0x0000000000120ee0       0x80 binaries/doscan.o
                0x0000000000120ee0                _sctab
 .data          0x0000000000120f60        0x0 binaries/fdoprnt.o
 .data          0x0000000000120f60        0x0 binaries/fgetc.o
 .data          0x0000000000120f60        0x0 binaries/fgets.o
 .data          0x0000000000120f60        0x0 binaries/fprintf.o
 .data          0x0000000000120f60        0x0 binaries/fputc.o
 .data          0x0000000000120f60        0x0 binaries/fputs.o
 .data          0x0000000000120f60        0x0 binaries/fscanf.o
 .data          0x0000000000120f60        0x0 binaries/getchar.o
 .data          0x0000000000120f60        0x0 binaries/labs.o
 .data          0x0000000000120f60        0x0 binaries/memchr.o
 .data          0x0000000000120f60        0x0 binaries/memcmp.o
 .data          0x0000000000120f60        0x0 binaries/memcpy.o
 .data          0x0000000000120f60        0x0 binaries/memset.o
 .data          0x0000000000120f60        0x0 binaries/printf.o
 .data          0x0000000000120f60        0x0 binaries/putchar.o
 .data          0x0000000000120f60        0x0 binaries/qsort.o
 .data          0x0000000000120f60        0x4 binaries/rand.o
 .data          0x0000000000120f64        0x0 binaries/sprintf.o
 .data          0x0000000000120f64        0x0 binaries/sscanf.o
 .data          0x0000000000120f64        0x0 binaries/strchr.o
 .data          0x0000000000120f64        0x0 binaries/strcmp.o
 .data          0x0000000000120f64        0x0 binaries/strcpy.o
 .data          0x0000000000120f64        0x0 binaries/strlen.o
 .data          0x0000000000120f64        0x0 binaries/strncat.o
 .data          0x0000000000120f64        0x0 binaries/strncmp.o
 .data          0x0000000000120f64        0x0 binaries/strncpy.o
 .data          0x0000000000120f64        0x0 binaries/strnlen.o
 .data          0x0000000000120f64        0x0 binaries/strrchr.o
 .data          0x0000000000120f64        0x0 binaries/strstr.o
 .data          0x0000000000120f64        0x0 binaries/ttycontrol.o
 .data          0x0000000000120f64        0x0 binaries/ttygetc.o
 .data          0x0000000000120f64        0x0 binaries/ttyhandle_in.o
 .data          0x0000000000120f64        0x0 binaries/ttyhandle_out.o
 .data          0x0000000000120f64        0x0 binaries/ttyhandler.o
 .data          0x0000000000120f64        0x0 binaries/ttyinit.o
 .data          0x0000000000120f64        0x0 binaries/ttykickout.o
 .data          0x0000000000120f64        0x0 binaries/ttyputc.o
 .data          0x0000000000120f64        0x0 binaries/ttyread.o
 .data          0x0000000000120f64        0x0 binaries/ttywrite.o
 .data          0x0000000000120f64        0x0 binaries/mount.o
 .data          0x0000000000120f64        0x0 binaries/naminit.o
 .data          0x0000000000120f64        0x0 binaries/nammap.o
 .data          0x0000000000120f64        0x0 binaries/namopen.o
 .data          0x0000000000120f64        0x0 binaries/82545EMInit.o
 .data          0x0000000000120f64        0x0 binaries/ethcontrol.o
 .data          0x0000000000120f64        0x0 binaries/ethhandler.o
 .data          0x0000000000120f64        0x0 binaries/ethinit.o
 .data          0x0000000000120f64        0x0 binaries/ethread.o
 .data          0x0000000000120f64        0x0 binaries/ethwrite.o
 .data          0x0000000000120f64        0x0 binaries/rdsbufalloc.o
 .data          0x0000000000120f64        0x0 binaries/rdsclose.o
 .data          0x0000000000120f64        0x0 binaries/rdscomm.o
 .data          0x0000000000120f64        0x0 binaries/rdscontrol.o
 .data          0x0000000000120f64        0x0 binaries/rdsinit.o
 .data          0x0000000000120f64        0x0 binaries/rdsopen.o
 .data          0x0000000000120f64        0x0 binaries/rdsprocess.o
 .data          0x0000000000120f64        0x0 binaries/rdsread.o
 .data          0x0000000000120f64        0x0 binaries/rdswrite.o
 .data          0x0000000000120f64        0x0 binaries/ramclose.o
 .data          0x0000000000120f64        0x0 binaries/raminit.o
 .data          0x0000000000120f64        0x0 binaries/ramopen.o
 .data          0x0000000000120f64        0x0 binaries/ramread.o
 .data          0x0000000000120f64        0x0 binaries/ramwrite.o
 .data          0x0000000000120f64        0x0 binaries/lfdballoc.o
 .data          0x0000000000120f64        0x0 binaries/lfdbfree.o
 .data          0x0000000000120f64        0x0 binaries/lfflush.o
 .data          0x0000000000120f64        0x0 binaries/lfgetmode.o
 .data          0x0000000000120f64        0x0 binaries/lfiballoc.o
 .data          0x0000000000120f64        0x0 binaries/lfibclear.o
 .data          0x0000000000120f64        0x0 binaries/lfibget.o
 .data          0x0000000000120f64        0x0 binaries/lfibput.o
 .data          0x0000000000120f64        0x0 binaries/lflclose.o
 .data          0x0000000000120f64        0x0 binaries/lflcontrol.o
 .data          0x0000000000120f64        0x0 binaries/lflgetc.o
 .data          0x0000000000120f64        0x0 binaries/lflinit.o
 .data          0x0000000000120f64        0x0 binaries/lflputc.o
 .data          0x0000000000120f64        0x0 binaries/lflread.o
 .data          0x0000000000120f64        0x0 binaries/lflseek.o
 .data          0x0000000000120f64        0x0 binaries/lflwrite.o
 .data          0x0000000000120f64        0x0 binaries/lfscheck.o
 .data          0x0000000000120f64        0x0 binaries/lfsckfmt.o
 .data          0x0000000000120f64        0x0 binaries/lfscreate.o
 .data          0x0000000000120f64        0x0 binaries/lfsetup.o
 .data          0x0000000000120f64        0x0 binaries/lfsinit.o
 .data          0x0000000000120f64        0x0 binaries/lfsopen.o
 .data          0x0000000000120f64        0x0 binaries/lftruncate.o
 .data          0x0000000000120f64        0x0 binaries/rflclose.o
 .data          0x0000000000120f64        0x0 binaries/rflgetc.o
 .data          0x0000000000120f64        0x0 binaries/rflinit.o
 .data          0x0000000000120f64        0x0 binaries/rflputc.o
 .data          0x0000000000120f64        0x0 binaries/rflread.o
 .data          0x0000000000120f64        0x0 binaries/rflseek.o
 .data          0x0000000000120f64        0x0 binaries/rflwrite.o
 .data          0x0000000000120f64        0x0 binaries/rfscomm.o
 .data          0x0000000000120f64        0x0 binaries/rfscontrol.o
 .data          0x0000000000120f64        0x0 binaries/rfsgetmode.o
 .data          0x0000000000120f64        0x0 binaries/rfsinit.o
 .data          0x0000000000120f64        0x0 binaries/rfsndmsg.o
 .data          0x0000000000120f64        0x0 binaries/rfsopen.o
 .data          0x0000000000120f64        0x0 binaries/arp.o
 .data          0x0000000000120f64        0x0 binaries/dhcp.o
 .data          0x0000000000120f64        0x0 binaries/dns.o
 .data          0x0000000000120f64        0x0 binaries/dot2ip.o
 .data          0x0000000000120f64        0x0 binaries/hexdump.o
 .data          0x0000000000120f64        0x4 binaries/icmp.o
 .data          0x0000000000120f68        0x0 binaries/ip.o
 .data          0x0000000000120f68        0x0 binaries/net.o
 .data          0x0000000000120f68        0x0 binaries/pdump.o
 .data          0x0000000000120f68        0x0 binaries/tftp.o
 .data          0x0000000000120f68        0x4 binaries/udp.o
 .data          0x0000000000120f6c        0x0 binaries/addargs.o
 .data          0x0000000000120f6c        0x0 binaries/lexan.o
 .data          0x0000000000120f6c        0x4 binaries/shell.o
                0x0000000000120f6c                ncmd
 *fill*         0x0000000000120f70       0x10 
 .data.rel.ro   0x0000000000120f80       0xfc binaries/shell.o
                0x0000000000120f80                cmdtab
 .data          0x000000000012107c        0x0 binaries/xsh_argecho.o
 .data          0x000000000012107c        0x0 binaries/xsh_arp.o
 .data          0x000000000012107c        0x0 binaries/xsh_cat.o
 .data          0x000000000012107c        0x0 binaries/xsh_clear.o
 .data          0x000000000012107c        0x0 binaries/xsh_date.o
 .data          0x000000000012107c        0x0 binaries/xsh_devdump.o
 .data          0x000000000012107c        0x0 binaries/xsh_echo.o
 .data          0x000000000012107c        0x0 binaries/xsh_exit.o
 .data          0x000000000012107c        0x0 binaries/xsh_help.o
 .data          0x000000000012107c        0x0 binaries/xsh_kill.o
 .data          0x000000000012107c        0x0 binaries/xsh_memdump.o
 .data          0x000000000012107c        0x0 binaries/xsh_memstat.o
 .data          0x000000000012107c        0x0 binaries/xsh_netinfo.o
 .data          0x000000000012107c        0x0 binaries/xsh_ping.o
 *fill*         0x000000000012107c        0x4 
 .data          0x0000000000121080       0x20 binaries/xsh_ps.o
 .data          0x00000000001210a0        0x0 binaries/xsh_sleep.o
 .data          0x00000000001210a0        0x0 binaries/xsh_udpdump.o
 .data          0x00000000001210a0        0x0 binaries/xsh_udpecho.o
 .data          0x00000000001210a0        0x0 binaries/xsh_udpserver.o
 .data          0x00000000001210a0        0x0 binaries/xsh_uptime.o
 .data          0x00000000001210a0        0x0 binaries/clkdisp.o
 .data          0x00000000001210a0        0x0 binaries/ctxsw.o
 .data          0x00000000001210a0        0x0 binaries/intr.o
 .data          0x00000000001210a0        0x0 binaries/pagefault_handler_disp.o
 .data          0x00000000001210a0        0x0 binaries/ttydispatch.o
 .data          0x00000000001210a0        0x0 binaries/ethdispatch.o
                0x00000000001210a0                edata = ABSOLUTE (.)
                0x00000000001210a0                _edata = ABSOLUTE (.)
                0x0000000000122000                . = ALIGN (0x1000)
 *fill*         0x00000000001210a0      0xf60 

.got            0x0000000000122000        0x0
 .got           0x0000000000122000        0x0 binaries/start.o

.got.plt        0x0000000000122000        0xc
 .got.plt       0x0000000000122000        0xc binaries/start.o
                0x0000000000122000                _GLOBAL_OFFSET_TABLE_

.igot.plt       0x000000000012200c        0x0
 .igot.plt      0x000000000012200c        0x0 binaries/start.o

.bss            0x0000000000122020    0x1ffe0
                0x0000000000122020                bss = ABSOLUTE (.)
 *(.bss .bss.*)
 .bss           0x0000000000122020        0x0 binaries/start.o
 .bss           0x0000000000122020        0x0 binaries/ascdate.o
 .bss           0x0000000000122020        0x0 binaries/bufinit.o
 .bss           0x0000000000122020        0x0 binaries/chprio.o
 .bss           0x0000000000122020        0x0 binaries/clkhandler.o
 .bss           0x0000000000122020        0x4 binaries/clkinit.o
                0x0000000000122020                ctr1000
 .bss           0x0000000000122024        0x0 binaries/close.o
 .bss           0x0000000000122024        0x0 binaries/conf.o
 .bss           0x0000000000122024        0x0 binaries/control.o
 .bss           0x0000000000122024        0x0 binaries/control_reg.o
 .bss           0x0000000000122024        0x0 binaries/create.o
 .bss           0x0000000000122024        0x4 binaries/evec.o
 .bss           0x0000000000122028        0x0 binaries/exit.o
 .bss           0x0000000000122028        0x0 binaries/freebuf.o
 .bss           0x0000000000122028        0x0 binaries/freemem.o
 .bss           0x0000000000122028        0x0 binaries/getbuf.o
 .bss           0x0000000000122028        0x0 binaries/getc.o
 .bss           0x0000000000122028        0x0 binaries/getdev.o
 .bss           0x0000000000122028        0x0 binaries/getitem.o
 .bss           0x0000000000122028        0x0 binaries/getmem.o
 .bss           0x0000000000122028        0x0 binaries/getpid.o
 .bss           0x0000000000122028        0x0 binaries/getprio.o
 .bss           0x0000000000122028        0x0 binaries/getstk.o
 .bss           0x0000000000122028        0x0 binaries/getticks.o
 .bss           0x0000000000122028        0x0 binaries/gettime.o
 .bss           0x0000000000122028        0x0 binaries/getutime.o
 .bss           0x0000000000122028        0x0 binaries/i386.o
 .bss           0x0000000000122028        0x0 binaries/init.o
 .bss           0x0000000000122028        0x0 binaries/initialize.o