
Allocating common symbols
Common symbol       size              file

netbufpool          0x4               binaries/net.o
tmp                 0x4               binaries/control_reg.o
readylist           0x2               binaries/ready.o
rfltab              0x5a0             binaries/rflinit.o
netportseed         0x8               binaries/net.o
sleepq              0x2               binaries/clkinit.o
ffslist             0x8               binaries/initialize.o
nnames              0x4               binaries/naminit.o
udptab              0x168             binaries/udp.o
minheap             0x4               binaries/meminit.o
marks               0x50              binaries/mark.o
currpid             0x4               binaries/initialize.o
Lf_data             0x20c             binaries/lfsinit.o
porttab             0x2d0             binaries/ptinit.o
girmask             0x2               binaries/evec.o
ttytab              0x110             binaries/ttyinit.o
proctab             0x15e0            binaries/initialize.o
prcount             0x4               binaries/initialize.o
pdtlist             0x8               binaries/initialize.o
lfltab              0xf00             binaries/lflinit.o
rdstab              0x8c              binaries/rdsinit.o
ethertab            0x130             binaries/ethinit.o
NetData             0xb0              binaries/net.o
nmarks              0x4               binaries/mark.o
initsp              0x4               binaries/i386.o
Defer               0x8               binaries/resched.o
semtab              0x4b0             binaries/initialize.o
maxheap             0x4               binaries/meminit.o
preempt             0x4               binaries/clkinit.o
buftab              0xf0              binaries/bufinit.o
Rf_data             0x18              binaries/rfsinit.o
mkmutex             0x4               binaries/mark.o
clktime             0x4               binaries/clkinit.o
arpcache            0x140             binaries/arp.o
icmptab             0x230             binaries/icmp.o
nbpools             0x4               binaries/bufinit.o
queuetab            0x980             binaries/queue.o
ptnextid            0x4               binaries/ptinit.o
Ram                 0x19000           binaries/raminit.o
swplist             0x8               binaries/initialize.o
ipoqueue            0x2c              binaries/ip.o
memlist             0x8               binaries/initialize.o
nametab             0x19a0            binaries/naminit.o
ptfree              0x4               binaries/ptinit.o

Memory Configuration

Name             Origin             Length             Attributes
*default*        0x0000000000000000 0xffffffffffffffff

Linker script and memory map

                0x0000000000100000                physbase = 0x100000
                0x0000000000100000                . = physbase
                0x0000000000100000                . = ALIGN (0x1000)

.text           0x0000000000100000    0x1b000
                0x0000000000100000                text = ABSOLUTE (.)
 *(.text .text.*)
 .text          0x0000000000100000      0x165 binaries/start.o
                0x0000000000100020                entry
                0x000000000010003d                start
                0x00000000001000a5                inb
                0x00000000001000ad                inw
                0x00000000001000b6                inl
                0x00000000001000be                outb
                0x00000000001000c8                outw
                0x00000000001000d3                outl
                0x00000000001000dd                _rtcin
                0x00000000001000e8                ___udivsi3
                0x00000000001000f3                ___divsi3
                0x00000000001000ff                sbzero
                0x000000000010010f                bcopy
                0x0000000000100123                insw
                0x0000000000100139                outsw
                0x000000000010014f                lidt
                0x0000000000100157                jumptocode
                0x000000000010015e                jumptobootcode
 .text          0x0000000000100165      0x3e3 binaries/ascdate.o
                0x0000000000100165                ascdate
 .text          0x0000000000100548       0x14 binaries/bufinit.o
                0x0000000000100548                bufinit
 .text          0x000000000010055c       0x94 binaries/chprio.o
                0x000000000010055c                chprio
 .text          0x00000000001005f0       0x96 binaries/clkhandler.o
                0x00000000001005f0                clkhandler
 .text          0x0000000000100686       0x7e binaries/clkinit.o
                0x0000000000100686                clkinit
 .text          0x0000000000100704       0x75 binaries/close.o
                0x0000000000100704                close
 .text          0x0000000000100779        0x0 binaries/conf.o
 .text          0x0000000000100779       0x7b binaries/control.o
                0x0000000000100779                control
 .text          0x00000000001007f4      0x194 binaries/control_reg.o
                0x00000000001007f4                read_cr0
                0x0000000000100827                read_cr2
                0x000000000010085a                read_cr3
                0x000000000010088d                read_cr4
                0x00000000001008c0                write_cr0
                0x00000000001008f0                write_cr3
                0x0000000000100920                write_cr4
                0x0000000000100950                enable_paging
 .text          0x0000000000100988      0x2c0 binaries/create.o
                0x0000000000100988                create
 .text          0x0000000000100c48      0x359 binaries/evec.o
                0x0000000000100c48                initevec
                0x0000000000100c9f                set_evec
                0x0000000000100d41                trap
 .text          0x0000000000100fa1       0x19 binaries/exit.o
                0x0000000000100fa1                exit
 .text          0x0000000000100fba       0x8c binaries/freebuf.o
                0x0000000000100fba                freebuf
 .text          0x0000000000101046      0x2ca binaries/freemem.o
                0x0000000000101046                freemem
                0x00000000001011b8                freeptmem
 .text          0x0000000000101310       0x8a binaries/getbuf.o
                0x0000000000101310                getbuf
 .text          0x000000000010139a       0x75 binaries/getc.o
                0x000000000010139a                getc
 .text          0x000000000010140f       0x74 binaries/getdev.o
                0x000000000010140f                getdev
 .text          0x0000000000101483       0xd0 binaries/getitem.o
                0x0000000000101483                getfirst
                0x00000000001014c8                getlast
                0x000000000010150f                getitem
 .text          0x0000000000101553      0x231 binaries/getmem.o
                0x0000000000101553                getmem
                0x000000000010165d                getptmem
 .text          0x0000000000101784        0xa binaries/getpid.o
                0x0000000000101784                getpid
 .text          0x000000000010178e       0x7d binaries/getprio.o
                0x000000000010178e                getprio
 .text          0x000000000010180b       0xfb binaries/getstk.o
                0x000000000010180b                getstk
 .text          0x0000000000101906       0x16 binaries/getticks.o
                0x0000000000101906                getticks
 .text          0x000000000010191c       0x3a binaries/gettime.o
                0x000000000010191c                gettime
 .text          0x0000000000101956      0x1e4 binaries/getutime.o
                0x0000000000101956                getutime
 .text          0x0000000000101b3a      0x3cc binaries/i386.o
                0x0000000000101b3a                setsegs
                0x0000000000101c53                init8259
                0x0000000000101d05                pseg
                0x0000000000101ead                setirmask
 .text          0x0000000000101f06       0x75 binaries/init.o
                0x0000000000101f06                init
 .text          0x0000000000101f7b      0x46f binaries/initialize.o
                0x0000000000101f7b                nulluser
                0x0000000000102391                stop
                0x00000000001023bc                delay
 .text          0x00000000001023ea       0xde binaries/insert.o
                0x00000000001023ea                insert
 .text          0x00000000001024c8      0x110 binaries/insertd.o
                0x00000000001024c8                insertd
 .text          0x00000000001025d8        0xa binaries/ioerr.o
                0x00000000001025d8                ioerr
 .text          0x00000000001025e2        0xa binaries/ionull.o
                0x00000000001025e2                ionull
 .text          0x00000000001025ec      0x19d binaries/kill.o
                0x00000000001025ec                kill
 .text          0x0000000000102789      0x14e binaries/kprintf.o
                0x0000000000102789                kputc
                0x000000000010281c                kgetc
                0x00000000001028ad                kprintf
 .text          0x00000000001028d7       0x95 binaries/main.o
                0x00000000001028d7                main
 .text          0x000000000010296c       0xb5 binaries/mark.o
                0x000000000010296c                markinit
                0x0000000000102990                mark
 .text          0x0000000000102a21      0x177 binaries/meminit.o
                0x0000000000102a21                meminit
                0x0000000000102ae3                ptmeminit
 .text          0x0000000000102b98      0x174 binaries/mkbufpool.o
                0x0000000000102b98                mkbufpool
 .text          0x0000000000102d0c       0x94 binaries/newqueue.o
                0x0000000000102d0c                newqueue
 .text          0x0000000000102da0       0x7b binaries/open.o
                0x0000000000102da0                open
 .text          0x0000000000102e1b      0x229 binaries/paging.o
                0x0000000000102e1b                initialize_page_tables
 .text          0x0000000000103044       0x20 binaries/panic.o
                0x0000000000103044                panic
 .text          0x0000000000103064      0x489 binaries/pci.o
                0x0000000000103064                pci_init
                0x0000000000103321                find_pci_device
                0x000000000010336f                pci_bios_read_config_byte
                0x00000000001033ae                pci_bios_read_config_word
                0x00000000001033f0                pci_bios_read_config_dword
                0x000000000010342f                pci_bios_write_config_byte
                0x0000000000103470                pci_bios_write_config_word
                0x00000000001034b2                pci_bios_write_config_dword
 .text          0x00000000001034ed       0xf1 binaries/ptclear.o
                0x00000000001034ed                _ptclear
 .text          0x00000000001035de       0x9d binaries/ptcount.o
                0x00000000001035de                ptcount
 .text          0x000000000010367b      0x116 binaries/ptcreate.o
                0x000000000010367b                ptcreate
 .text          0x0000000000103791       0x7f binaries/ptdelete.o
                0x0000000000103791                ptdelete
 .text          0x0000000000103810       0xbf binaries/ptinit.o
                0x0000000000103810                ptinit
 .text          0x00000000001038cf      0x11b binaries/ptrecv.o
                0x00000000001038cf                ptrecv
 .text          0x00000000001039ea       0x77 binaries/ptreset.o
                0x00000000001039ea                ptreset
 .text          0x0000000000103a61      0x13d binaries/ptsend.o
                0x0000000000103a61                ptsend
 .text          0x0000000000103b9e       0x80 binaries/putc.o
                0x0000000000103b9e                putc
 .text          0x0000000000103c1e      0x111 binaries/queue.o
                0x0000000000103c1e                enqueue
                0x0000000000103cc2                dequeue
 .text          0x0000000000103d2f       0x7b binaries/read.o
                0x0000000000103d2f                read
 .text          0x0000000000103daa       0x7e binaries/ready.o
                0x0000000000103daa                ready
 .text          0x0000000000103e28       0x62 binaries/receive.o
                0x0000000000103e28                receive
 .text          0x0000000000103e8a       0x5e binaries/recvclr.o
                0x0000000000103e8a                recvclr
 .text          0x0000000000103ee8       0xbd binaries/recvtime.o
                0x0000000000103ee8                recvtime
 .text          0x0000000000103fa5      0x16c binaries/resched.o
                0x0000000000103fa5                resched
                0x000000000010409c                resched_cntl
 .text          0x0000000000104111       0xb1 binaries/resume.o
                0x0000000000104111                resume
 .text          0x00000000001041c2       0x79 binaries/seek.o
                0x00000000001041c2                seek
 .text          0x000000000010423b       0x70 binaries/semcount.o
                0x000000000010423b                semcount
 .text          0x00000000001042ab       0xd6 binaries/semcreate.o
                0x00000000001042ab                semcreate
 .text          0x0000000000104381       0xcd binaries/semdelete.o
                0x0000000000104381                semdelete
 .text          0x000000000010444e       0xcb binaries/semreset.o
                0x000000000010444e                semreset
 .text          0x0000000000104519       0xed binaries/send.o
                0x0000000000104519                send
 .text          0x0000000000104606       0xa8 binaries/signal.o
                0x0000000000104606                signal
 .text          0x00000000001046ae       0xd6 binaries/signaln.o
                0x00000000001046ae                signaln
 .text          0x0000000000104784       0xed binaries/sleep.o
                0x0000000000104784                sleep
                0x00000000001047d2                sleepms
 .text          0x0000000000104871      0x192 binaries/stacktrace.o
                0x0000000000104871                stacktrace
 .text          0x0000000000104a03       0xe7 binaries/suspend.o
                0x0000000000104a03                suspend
 .text          0x0000000000104aea       0xe9 binaries/unsleep.o
                0x0000000000104aea                unsleep
 .text          0x0000000000104bd3       0x19 binaries/userret.o
                0x0000000000104bd3                userret
 .text          0x0000000000104bec       0xdd binaries/wait.o
                0x0000000000104bec                wait
 .text          0x0000000000104cc9       0x72 binaries/wakeup.o
                0x0000000000104cc9                wakeup
 .text          0x0000000000104d3b       0x7b binaries/write.o
                0x0000000000104d3b                write
 .text          0x0000000000104db6       0x1d binaries/xdone.o
                0x0000000000104db6                xdone
 .text          0x0000000000104dd3       0x28 binaries/yield.o
                0x0000000000104dd3                yield
 .text          0x0000000000104dfb       0x11 binaries/abs.o
                0x0000000000104dfb                abs
 .text          0x0000000000104e0c       0x8f binaries/atoi.o
                0x0000000000104e0c                atoi
 .text          0x0000000000104e9b       0x8f binaries/atol.o
                0x0000000000104e9b                atol
 .text          0x0000000000104f2a       0x31 binaries/bzero.o
                0x0000000000104f2a                bzero
 .text          0x0000000000104f5b        0x0 binaries/ctype_.o
 .text          0x0000000000104f5b      0x8ed binaries/doprnt.o
                0x0000000000104f5b                _doprnt
 .text          0x0000000000105848      0x65c binaries/doscan.o
                0x0000000000105848                _doscan
 .text          0x0000000000105ea4      0x711 binaries/fdoprnt.o
                0x0000000000105ea4                _fdoprnt
 .text          0x00000000001065b5       0x29 binaries/fgetc.o
                0x00000000001065b5                fgetc
 .text          0x00000000001065de       0x75 binaries/fgets.o
                0x00000000001065de                fgets
 .text          0x0000000000106653       0x2a binaries/fprintf.o
                0x0000000000106653                fprintf
 .text          0x000000000010667d       0x2c binaries/fputc.o
                0x000000000010667d                fputc
 .text          0x00000000001066a9       0x43 binaries/fputs.o
                0x00000000001066a9                fputs
 .text          0x00000000001066ec       0x8a binaries/fscanf.o
                0x00000000001066ec                fscanf
 .text          0x0000000000106776       0x32 binaries/getchar.o
                0x0000000000106776                getchar
 .text          0x00000000001067a8       0x11 binaries/labs.o
                0x00000000001067a8                labs
 .text          0x00000000001067b9        0x0 binaries/memchr.o
 .text          0x00000000001067b9       0x51 binaries/memcmp.o
                0x00000000001067b9                memcmp
 .text          0x000000000010680a       0x3f binaries/memcpy.o
                0x000000000010680a                memcpy
 .text          0x0000000000106849       0x30 binaries/memset.o
                0x0000000000106849                memset
 .text          0x0000000000106879       0x48 binaries/printf.o
                0x0000000000106879                printf
 .text          0x00000000001068c1       0x35 binaries/putchar.o
                0x00000000001068c1                putchar
 .text          0x00000000001068f6      0x27e binaries/qsort.o
                0x00000000001068f6                qsort
 .text          0x0000000000106b74       0x63 binaries/rand.o
                0x0000000000106b74                rand
                0x0000000000106b8c                rand_r
                0x0000000000106bca                srand
 .text          0x0000000000106bd7       0x66 binaries/sprintf.o
                0x0000000000106bd7                sprintf
 .text          0x0000000000106c3d       0x70 binaries/sscanf.o
                0x0000000000106c3d                sscanf
 .text          0x0000000000106cad       0x3c binaries/strchr.o
                0x0000000000106cad                strchr
 .text          0x0000000000106ce9       0x45 binaries/strcmp.o
                0x0000000000106ce9                strcmp
 .text          0x0000000000106d2e       0x27 binaries/strcpy.o
                0x0000000000106d2e                strcpy
 .text          0x0000000000106d55       0x26 binaries/strlen.o
                0x0000000000106d55                strlen
 .text          0x0000000000106d7b       0x56 binaries/strncat.o
                0x0000000000106d7b                strncat
 .text          0x0000000000106dd1       0x5f binaries/strncmp.o
                0x0000000000106dd1                strncmp
 .text          0x0000000000106e30       0x4f binaries/strncpy.o
                0x0000000000106e30                strncpy
 .text          0x0000000000106e7f       0x2e binaries/strnlen.o
                0x0000000000106e7f                strnlen
 .text          0x0000000000106ead       0x45 binaries/strrchr.o
                0x0000000000106ead                strrchr
 .text          0x0000000000106ef2       0x6d binaries/strstr.o
                0x0000000000106ef2                strstr
 .text          0x0000000000106f5f       0xe4 binaries/ttycontrol.o
                0x0000000000106f5f                ttycontrol
 .text          0x0000000000107043       0x97 binaries/ttygetc.o
                0x0000000000107043                ttygetc
 .text          0x00000000001070da      0x6ee binaries/ttyhandle_in.o
                0x00000000001070da                ttyhandle_in
 .text          0x00000000001077c8      0x1ae binaries/ttyhandle_out.o
                0x00000000001077c8                ttyhandle_out
 .text          0x0000000000107976       0xce binaries/ttyhandler.o
                0x0000000000107976                ttyhandler
 .text          0x0000000000107a44      0x22f binaries/ttyinit.o
                0x0000000000107a44                ttyinit
 .text          0x0000000000107c73       0x1b binaries/ttykickout.o
                0x0000000000107c73                ttykickout
 .text          0x0000000000107c8e       0xb7 binaries/ttyputc.o
                0x0000000000107c8e                ttyputc
 .text          0x0000000000107d45      0x11b binaries/ttyread.o
                0x0000000000107d45                ttyread
 .text          0x0000000000107e60       0x4f binaries/ttywrite.o
                0x0000000000107e60                ttywrite
 .text          0x0000000000107eaf      0x14b binaries/mount.o
                0x0000000000107eaf                mount
                0x0000000000107fc4                namlen
 .text          0x0000000000107ffa      0x1ea binaries/naminit.o
                0x0000000000107ffa                naminit
 .text          0x00000000001081e4      0x211 binaries/nammap.o
                0x00000000001081e4                nammap
                0x000000000010826f                namrepl
                0x00000000001083a5                namcpy
 .text          0x00000000001083f5       0x4e binaries/namopen.o
                0x00000000001083f5                namopen
 .text          0x0000000000108443      0xec3 binaries/82545EMInit.o
                0x00000000001084a1                _82545EMInit
                0x0000000000109172                _82545EM_read_phy_reg
                0x0000000000109238                _82545EM_write_phy_reg
 .text          0x0000000000109306      0x241 binaries/ethcontrol.o
                0x0000000000109364                ethcontrol
                0x00000000001094da                ethIrqDisable
                0x000000000010950f                ethIrqEnable
 .text          0x0000000000109547      0x252 binaries/ethhandler.o
                0x00000000001096b7                ethhandler
 .text          0x0000000000109799      0x126 binaries/ethinit.o
                0x0000000000109799                ethinit
 .text          0x00000000001098bf      0x1f4 binaries/ethread.o
                0x000000000010991d                ethread
 .text          0x0000000000109ab3      0x19f binaries/ethwrite.o
                0x0000000000109b11                ethwrite
 .text          0x0000000000109c52       0x9e binaries/rdsbufalloc.o
                0x0000000000109c52                rdsbufalloc
 .text          0x0000000000109cf0       0xcc binaries/rdsclose.o
                0x0000000000109cf0                rdsclose
 .text          0x0000000000109dbc      0x2e8 binaries/rdscomm.o
                0x0000000000109dbc                rdscomm
 .text          0x000000000010a0a4      0x233 binaries/rdscontrol.o
                0x000000000010a0a4                rdscontrol
 .text          0x000000000010a2d7      0x1f3 binaries/rdsinit.o
                0x000000000010a2d7                rdsinit
 .text          0x000000000010a4ca      0x19b binaries/rdsopen.o
                0x000000000010a4ca                rdsopen
 .text          0x000000000010a665      0x461 binaries/rdsprocess.o
                0x000000000010a665                rdsprocess
 .text          0x000000000010aac6      0x259 binaries/rdsread.o
                0x000000000010aac6                rdsread
 .text          0x000000000010ad1f      0x1fe binaries/rdswrite.o
                0x000000000010ad1f                rdswrite
 .text          0x000000000010af1d        0xa binaries/ramclose.o
                0x000000000010af1d                ramclose
 .text          0x000000000010af27       0x3e binaries/raminit.o
                0x000000000010af27                raminit
 .text          0x000000000010af65        0xa binaries/ramopen.o
                0x000000000010af65                ramopen
 .text          0x000000000010af6f       0x32 binaries/ramread.o
                0x000000000010af6f                ramread
 .text          0x000000000010afa1       0x32 binaries/ramwrite.o
                0x000000000010afa1                ramwrite
 .text          0x000000000010afd3       0x98 binaries/lfdballoc.o
                0x000000000010afd3                lfdballoc
 .text          0x000000000010b06b       0x58 binaries/lfdbfree.o
                0x000000000010b06b                lfdbfree
 .text          0x000000000010b0c3       0xb6 binaries/lfflush.o
                0x000000000010b0c3                lfflush
 .text          0x000000000010b179       0xd8 binaries/lfgetmode.o
                0x000000000010b179                lfgetmode
 .text          0x000000000010b251       0x68 binaries/lfiballoc.o
                0x000000000010b251                lfiballoc
 .text          0x000000000010b2b9       0x3b binaries/lfibclear.o
                0x000000000010b2b9                lfibclear
 .text          0x000000000010b2f4       0xad binaries/lfibget.o
                0x000000000010b2f4                lfibget
 .text          0x000000000010b3a1       0xdc binaries/lfibput.o
                0x000000000010b3a1                lfibput
 .text          0x000000000010b47d       0xa2 binaries/lflclose.o
                0x000000000010b47d                lflclose
 .text          0x000000000010b51f       0xd0 binaries/lflcontrol.o
                0x000000000010b51f                lflcontrol
 .text          0x000000000010b5ef       0xf2 binaries/lflgetc.o
                0x000000000010b5ef                lflgetc
 .text          0x000000000010b6e1       0xf1 binaries/lflinit.o
                0x000000000010b6e1                lflinit
 .text          0x000000000010b7d2      0x122 binaries/lflputc.o
                0x000000000010b7d2                lflputc
 .text          0x000000000010b8f4       0x70 binaries/lflread.o
                0x000000000010b8f4                lflread
 .text          0x000000000010b964       0xac binaries/lflseek.o
                0x000000000010b964                lflseek
 .text          0x000000000010ba10       0x55 binaries/lflwrite.o
                0x000000000010ba10                lflwrite
 .text          0x000000000010ba65       0x62 binaries/lfscheck.o
                0x000000000010ba65                lfscheck
 .text          0x000000000010bac7      0x175 binaries/lfsckfmt.o
                0x000000000010bac7                lfsckfmt
 .text          0x000000000010bc3c      0x1ad binaries/lfscreate.o
                0x000000000010bc3c                lfscreate
 .text          0x000000000010bde9      0x278 binaries/lfsetup.o
                0x000000000010bde9                lfsetup
 .text          0x000000000010c061       0x51 binaries/lfsinit.o
                0x000000000010c061                lfsinit
 .text          0x000000000010c0b2      0x3c0 binaries/lfsopen.o
                0x000000000010c0b2                lfsopen
 .text          0x000000000010c472      0x15e binaries/lftruncate.o
                0x000000000010c472                lftruncate
 .text          0x000000000010c5d0       0x71 binaries/rflclose.o
                0x000000000010c5d0                rflclose
 .text          0x000000000010c641       0x32 binaries/rflgetc.o
                0x000000000010c641                rflgetc
 .text          0x000000000010c673       0x76 binaries/rflinit.o
                0x000000000010c673                rflinit
 .text          0x000000000010c6e9       0x33 binaries/rflputc.o
                0x000000000010c6e9                rflputc
 .text          0x000000000010c71c      0x360 binaries/rflread.o
                0x000000000010c71c                rflread
 .text          0x000000000010ca7c       0x74 binaries/rflseek.o
                0x000000000010ca7c                rflseek
 .text          0x000000000010caf0      0x34d binaries/rflwrite.o
                0x000000000010caf0                rflwrite
 .text          0x000000000010ce3d      0x1e2 binaries/rfscomm.o
                0x000000000010ce3d                rfscomm
 .text          0x000000000010d01f      0x26d binaries/rfscontrol.o
                0x000000000010d01f                rfscontrol
 .text          0x000000000010d28c       0xd8 binaries/rfsgetmode.o
                0x000000000010d28c                rfsgetmode
 .text          0x000000000010d364       0x86 binaries/rfsinit.o
                0x000000000010d364                rfsinit
 .text          0x000000000010d3ea      0x111 binaries/rfsndmsg.o
                0x000000000010d3ea                rfsndmsg
 .text          0x000000000010d4fb      0x2aa binaries/rfsopen.o
                0x000000000010d4fb                rfsopen
 .text          0x000000000010d7a5      0x836 binaries/arp.o
                0x000000000010d7a5                arp_init
                0x000000000010d7d7                arp_resolve
                0x000000000010da8b                arp_in
                0x000000000010dd43                arp_alloc
                0x000000000010de03                arp_ntoh
                0x000000000010deef                arp_hton
 .text          0x000000000010dfdb      0x8e3 binaries/dhcp.o
                0x000000000010dfdb                dhcp_get_opt_val
                0x000000000010e034                dhcp_bld_bootp_msg
                0x000000000010e141                dhcp_bld_disc
                0x000000000010e22a                dhcp_bld_req
                0x000000000010e39c                getlocalip
 .text          0x000000000010e8be      0x59f binaries/dns.o
                0x000000000010e8be                dnslookup
 .text          0x000000000010ee5d       0xe8 binaries/dot2ip.o
                0x000000000010ee5d                dot2ip
 .text          0x000000000010ef45      0x4c4 binaries/hexdump.o
                0x000000000010ef45                hexdump
                0x000000000010f0ec                hexadump
 .text          0x000000000010f409      0x8af binaries/icmp.o
                0x000000000010f409                icmp_init
                0x000000000010f440                icmp_in
                0x000000000010f616                icmp_register
                0x000000000010f711                icmp_recv
                0x000000000010f89d                icmp_send
                0x000000000010f925                icmp_mkpkt
                0x000000000010fa3f                icmp_release
                0x000000000010fb3d                icmp_cksum
                0x000000000010fbd0                icmp_hton
                0x000000000010fc44                icmp_ntoh
 .text          0x000000000010fcb8      0x8a5 binaries/ip.o
                0x000000000010fcb8                ip_in
                0x000000000010fe3c                ip_send
                0x000000000010ff97                ip_local
                0x000000000010ffe3                ip_out
                0x000000000011011c                ipcksum
                0x00000000001101a2                ip_ntoh
                0x000000000011028e                ip_hton
                0x000000000011037a                ipout
                0x00000000001104a9                ip_enqueue
 .text          0x000000000011055d      0x2cd binaries/net.o
                0x000000000011055d                net_init
                0x0000000000110685                netin
                0x0000000000110742                eth_hton
                0x000000000011076c                eth_ntoh
                0x0000000000110796                getport
 .text          0x000000000011082a     0x147f binaries/pdump.o
                0x000000000011082a                pdump
                0x00000000001115e7                pdumph
 .text          0x0000000000111ca9      0x613 binaries/tftp.o
                0x0000000000111ca9                tftp_send1
                0x0000000000111e21                tftpget
                0x0000000000111e53                tftpget_mb
 .text          0x00000000001122bc      0xb82 binaries/udp.o
                0x00000000001122bc                udp_init
                0x00000000001122f1                udp_in
                0x0000000000112433                udp_register
                0x0000000000112570                udp_recv
                0x000000000011270c                udp_recvaddr
                0x00000000001128c0                udp_send
                0x0000000000112aa8                udp_sendto
                0x0000000000112c59                udp_release
                0x0000000000112d54                udp_ntoh
                0x0000000000112dc9                udp_hton
 .text          0x0000000000112e3e      0x13b binaries/addargs.o
                0x0000000000112e3e                addargs
 .text          0x0000000000112f79      0x2c9 binaries/lexan.o
                0x0000000000112f79                lexan
 .text          0x0000000000113242      0x667 binaries/shell.o
                0x0000000000113242                shell
 .text          0x00000000001138a9       0x69 binaries/xsh_argecho.o
                0x00000000001138a9                xsh_argecho
 .text          0x0000000000113912      0x275 binaries/xsh_arp.o
                0x0000000000113912                xsh_arp
 .text          0x0000000000113b87      0x275 binaries/xsh_cat.o
                0x0000000000113b87                xsh_cat
 .text          0x0000000000113dfc       0x5f binaries/xsh_clear.o
                0x0000000000113dfc                xsh_clear
 .text          0x0000000000113e5b      0x2ff binaries/xsh_date.o
                0x0000000000113e5b                xsh_date
 .text          0x000000000011415a       0xaf binaries/xsh_devdump.o
                0x000000000011415a                xsh_devdump
 .text          0x0000000000114209       0x72 binaries/xsh_echo.o
                0x0000000000114209                xsh_echo
 .text          0x000000000011427b        0xa binaries/xsh_exit.o
                0x000000000011427b                xsh_exit
 .text          0x0000000000114285      0x38b binaries/xsh_help.o
                0x0000000000114285                xsh_help
 .text          0x0000000000114610      0x24e binaries/xsh_kill.o
                0x0000000000114610                xsh_kill
 .text          0x000000000011485e      0x54b binaries/xsh_memdump.o
                0x000000000011485e                xsh_memdump
 .text          0x0000000000114da9      0x2b1 binaries/xsh_memstat.o
                0x0000000000114da9                xsh_memstat
 .text          0x000000000011505a      0x511 binaries/xsh_netinfo.o
                0x000000000011505a                xsh_netinfo
 .text          0x000000000011556b      0x498 binaries/xsh_ping.o
                0x000000000011556b                xsh_ping
 .text          0x0000000000115a03      0x229 binaries/xsh_ps.o
                0x0000000000115a03                xsh_ps
 .text          0x0000000000115c2c      0x22a binaries/xsh_sleep.o
                0x0000000000115c2c                xsh_sleep
 .text          0x0000000000115e56      0x27c binaries/xsh_udpdump.o
                0x0000000000115e56                xsh_udpdump
 .text          0x00000000001160d2      0x4cc binaries/xsh_udpecho.o
                0x00000000001160d2                xsh_udpecho
 .text          0x000000000011659e      0x2b6 binaries/xsh_udpserver.o
                0x000000000011659e                xsh_udpeserver
 .text          0x0000000000116854      0x1f5 binaries/xsh_uptime.o
                0x0000000000116854                xsh_uptime
 .text          0x0000000000116a49        0xe binaries/clkdisp.o
                0x0000000000116a49                clkdisp
 .text          0x0000000000116a57       0x19 binaries/ctxsw.o
                0x0000000000116a57                ctxsw
 .text          0x0000000000116a70      0x36b binaries/intr.o
                0x0000000000116a70                disable
                0x0000000000116a79                restore
                0x0000000000116a87                enable
                0x0000000000116a89                pause
                0x0000000000116a90                halt
                0x0000000000116a96                spurious_irq7
                0x0000000000116a9b                spurious_irq15
                0x0000000000116aaa                _Xint0
                0x0000000000116ab5                _Xint1
                0x0000000000116ac0                _Xint2
                0x0000000000116acb                _Xint3
                0x0000000000116ad6                _Xint4
                0x0000000000116ae1                _Xint5
                0x0000000000116aec                _Xint6
                0x0000000000116af7                _Xint7
                0x0000000000116b02                _Xint8
                0x0000000000116b0d                _Xint9
                0x0000000000116b18                _Xint10
                0x0000000000116b23                _Xint11
                0x0000000000116b31                _Xint12
                0x0000000000116b3f                _Xint13
                0x0000000000116b4d                _Xint14
                0x0000000000116b5b                _Xint15
                0x0000000000116b69                _Xint16
                0x0000000000116b77                _Xint17
                0x0000000000116b85                _Xint18
                0x0000000000116b93                _Xint19
                0x0000000000116ba1                _Xint20
                0x0000000000116baf                _Xint21
                0x0000000000116bbd                _Xint22
                0x0000000000116bcb                _Xint23
                0x0000000000116bd9                _Xint24
                0x0000000000116be7                _Xint25
                0x0000000000116bf5                _Xint26
                0x0000000000116c03                _Xint27
                0x0000000000116c11                _Xint28
                0x0000000000116c1f                _Xint29
                0x0000000000116c2d                _Xint30
                0x0000000000116c3b                _Xint31
                0x0000000000116c49                _Xint32
                0x0000000000116c57                _Xint33
                0x0000000000116c65                _Xint34
                0x0000000000116c73                _Xint35
                0x0000000000116c81                _Xint36
                0x0000000000116c8f                _Xint37
                0x0000000000116c9d                _Xint38
                0x0000000000116cab                _Xint39
                0x0000000000116cb9                _Xint40
                0x0000000000116cc7                _Xint41
                0x0000000000116cd5                _Xint42
                0x0000000000116ce3                _Xint43
                0x0000000000116cf1                _Xint44
                0x0000000000116cff                _Xint45
                0x0000000000116d0d                _Xint46
                0x0000000000116d1b                defevec
 .text          0x0000000000116ddb        0xf binaries/ttydispatch.o
                0x0000000000116ddb                ttydispatch
 .text          0x0000000000116dea       0x13 binaries/ethdispatch.o
                0x0000000000116dea                ethdispatch
 *(.rodata .rodata.*)
 *fill*         0x0000000000116dfd        0x3 
 .rodata        0x0000000000116e00       0x8e binaries/ascdate.o
 .rodata        0x0000000000116e8e       0xae binaries/conf.o
 .rodata        0x0000000000116f3c        0x4 binaries/control_reg.o
 .rodata        0x0000000000116f40      0x22f binaries/evec.o
 .rodata        0x000000000011716f        0xa binaries/getmem.o
 *fill*         0x0000000000117179        0x3 
 .rodata        0x000000000011717c       0x61 binaries/getutime.o
 *fill*         0x00000000001171dd        0x3 
 .rodata        0x00000000001171e0       0x90 binaries/i386.o
 .rodata        0x0000000000117270      0x1fd binaries/initialize.o
 *fill*         0x000000000011746d        0x3 
 .rodata        0x0000000000117470       0x20 binaries/kill.o
 .rodata        0x0000000000117490       0x2a binaries/main.o
 .rodata        0x00000000001174ba       0x1a binaries/paging.o
 .rodata        0x00000000001174d4        0xf binaries/panic.o
 *fill*         0x00000000001174e3        0x1 
 .rodata        0x00000000001174e4      0x1ec binaries/pci.o
 .rodata        0x00000000001176d0       0x1d binaries/ptinit.o
 *fill*         0x00000000001176ed        0x3 
 .rodata        0x00000000001176f0       0x25 binaries/ptsend.o
 *fill*         0x0000000000117715        0x3 
 .rodata        0x0000000000117718       0xb7 binaries/stacktrace.o
 *fill*         0x00000000001177cf        0x1 
 .rodata        0x00000000001177d0       0x27 binaries/xdone.o
 *fill*         0x00000000001177f7        0x9 
 .rodata        0x0000000000117800       0x81 binaries/ctype_.o
                0x0000000000117800                _ctype_
 *fill*         0x0000000000117881        0x3 
 .rodata        0x0000000000117884       0xee binaries/doprnt.o
 *fill*         0x0000000000117972        0x2 
 .rodata        0x0000000000117974       0x98 binaries/doscan.o
 .rodata        0x0000000000117a0c       0xae binaries/fdoprnt.o
 *fill*         0x0000000000117aba        0x2 
 .rodata        0x0000000000117abc       0x20 binaries/ttycontrol.o
 .rodata        0x0000000000117adc       0x34 binaries/ttyhandler.o
 .rodata        0x0000000000117b10       0x80 binaries/naminit.o
 .rodata        0x0000000000117b90       0x2e binaries/82545EMInit.o
 *fill*         0x0000000000117bbe        0x2 
 .rodata        0x0000000000117bc0       0x78 binaries/ethinit.o
 .rodata        0x0000000000117c38       0x18 binaries/ethread.o
 .rodata        0x0000000000117c50       0x2c binaries/rdsbufalloc.o
 .rodata        0x0000000000117c7c       0x76 binaries/rdscomm.o
 *fill*         0x0000000000117cf2        0x2 
 .rodata        0x0000000000117cf4       0x48 binaries/rdscontrol.o
 .rodata        0x0000000000117d3c       0x96 binaries/rdsinit.o
 *fill*         0x0000000000117dd2        0x2 
 .rodata        0x0000000000117dd4       0x22 binaries/rdsopen.o
 *fill*         0x0000000000117df6        0x2 
 .rodata        0x0000000000117df8       0x4d binaries/rdsprocess.o
 .rodata        0x0000000000117e45        0x9 binaries/raminit.o
 *fill*         0x0000000000117e4e        0x2 
 .rodata        0x0000000000117e50       0x37 binaries/lfdballoc.o
 .rodata        0x0000000000117e87       0x14 binaries/lfiballoc.o
 *fill*         0x0000000000117e9b        0x1 
 .rodata        0x0000000000117e9c       0x23 binaries/lflcontrol.o
 *fill*         0x0000000000117ebf        0x1 
 .rodata        0x0000000000117ec0      0x11b binaries/lfsckfmt.o
 *fill*         0x0000000000117fdb        0x1 
 .rodata        0x0000000000117fdc       0x2a binaries/lfsopen.o
 *fill*         0x0000000000118006        0x2 
 .rodata        0x0000000000118008       0x21 binaries/rflread.o
 *fill*         0x0000000000118029        0x3 
 .rodata        0x000000000011802c       0x21 binaries/rflwrite.o
 *fill*         0x000000000011804d        0x3 
 .rodata        0x0000000000118050       0x75 binaries/rfscomm.o
 *fill*         0x00000000001180c5        0x3 
 .rodata        0x00000000001180c8       0x3c binaries/rfscontrol.o
 .rodata        0x0000000000118104       0x63 binaries/rfsinit.o
 *fill*         0x0000000000118167        0x1 
 .rodata        0x0000000000118168       0x2a binaries/rfsndmsg.o
 *fill*         0x0000000000118192        0x2 
 .rodata        0x0000000000118194       0x22 binaries/rfsopen.o
 *fill*         0x00000000001181b6        0x2 
 .rodata        0x00000000001181b8       0x3a binaries/arp.o
 *fill*         0x00000000001181f2        0x2 
 .rodata        0x00000000001181f4       0xcf binaries/dhcp.o
 .rodata        0x00000000001182c3       0x1a binaries/dns.o
 *fill*         0x00000000001182dd        0x3 
 .rodata        0x00000000001182e0       0xc9 binaries/hexdump.o
 *fill*         0x00000000001183a9        0x3 
 .rodata        0x00000000001183ac       0x29 binaries/icmp.o
 *fill*         0x00000000001183d5        0x3 
 .rodata        0x00000000001183d8       0x6e binaries/ip.o
 *fill*         0x0000000000118446        0x2 
 .rodata        0x0000000000118448       0x4f binaries/net.o
 *fill*         0x0000000000118497        0x1 
 .rodata        0x0000000000118498      0x26f binaries/pdump.o
 *fill*         0x0000000000118707        0x1 
 .rodata        0x0000000000118708      0x154 binaries/tftp.o
 *fill*         0x000000000011885c        0x4 
 .rodata        0x0000000000118860      0x3c1 binaries/shell.o
                0x00000000001188e0                cmdtab
 .rodata        0x0000000000118c21       0x28 binaries/xsh_argecho.o
 *fill*         0x0000000000118c49        0x3 
 .rodata        0x0000000000118c4c      0x123 binaries/xsh_arp.o
 *fill*         0x0000000000118d6f        0x1 
 .rodata        0x0000000000118d70       0xc9 binaries/xsh_cat.o
 .rodata        0x0000000000118e39       0x19 binaries/xsh_clear.o
 *fill*         0x0000000000118e52        0x2 
 .rodata        0x0000000000118e54      0x1c3 binaries/xsh_date.o
 .rodata        0x0000000000119017       0x5d binaries/xsh_devdump.o
 .rodata        0x0000000000119074        0x9 binaries/xsh_echo.o
 *fill*         0x000000000011907d        0x3 
 .rodata        0x0000000000119080      0x169 binaries/xsh_help.o
 *fill*         0x00000000001191e9        0x3 
 .rodata        0x00000000001191ec      0x12e binaries/xsh_kill.o
 *fill*         0x000000000011931a        0x2 
 .rodata        0x000000000011931c      0x266 binaries/xsh_memdump.o
 *fill*         0x0000000000119582        0x2 
 .rodata        0x0000000000119584      0x225 binaries/xsh_memstat.o
 *fill*         0x00000000001197a9        0x3 
 .rodata        0x00000000001197ac      0x1b0 binaries/xsh_netinfo.o
 .rodata        0x000000000011995c      0x1a1 binaries/xsh_ping.o
 *fill*         0x0000000000119afd        0x3 
 .rodata        0x0000000000119b00      0x1e0 binaries/xsh_ps.o
 .rodata        0x0000000000119ce0       0xeb binaries/xsh_sleep.o
 *fill*         0x0000000000119dcb        0x1 
 .rodata        0x0000000000119dcc      0x1b8 binaries/xsh_udpdump.o
 .rodata        0x0000000000119f84      0x215 binaries/xsh_udpecho.o
 *fill*         0x000000000011a199        0x3 
 .rodata        0x000000000011a19c      0x12b binaries/xsh_udpserver.o
 *fill*         0x000000000011a2c7        0x1 
 .rodata        0x000000000011a2c8      0x105 binaries/xsh_uptime.o
                0x000000000011a3cd                etext = ABSOLUTE (.)
                0x000000000011b000                . = ALIGN (0x1000)
 *fill*         0x000000000011a3cd      0xc33 

.eh_frame       0x000000000011b000     0x2db0
 .eh_frame      0x000000000011b000       0x38 binaries/ascdate.o
 .eh_frame      0x000000000011b038       0x20 binaries/bufinit.o
                                         0x38 (size before relaxing)
 .eh_frame      0x000000000011b058       0x20 binaries/chprio.o
                                         0x38 (size before relaxing)
 .eh_frame      0x000000000011b078       0x20 binaries/clkhandler.o
                                         0x38 (size before relaxing)
 .eh_frame      0x000000000011b098       0x20 binaries/clkinit.o
                                         0x38 (size before relaxing)
 .eh_frame      0x000000000011b0b8       0x20 binaries/close.o
                                         0x38 (size before relaxing)
 .eh_frame      0x000000000011b0d8       0x20 binaries/control.o
                                         0x38 (size before relaxing)
 .eh_frame      0x000000000011b0f8      0x100 binaries/control_reg.o
                                        0x118 (size before relaxing)
 .eh_frame      0x000000000011b1f8       0x40 binaries/create.o
                                         0x58 (size before relaxing)
 .eh_frame      0x000000000011b238       0x60 binaries/evec.o
                                         0x78 (size before relaxing)
 .eh_frame      0x000000000011b298       0x20 binaries/exit.o
                                         0x38 (size before relaxing)
 .eh_frame      0x000000000011b2b8       0x20 binaries/freebuf.o
                                         0x38 (size before relaxing)
 .eh_frame      0x000000000011b2d8       0x40 binaries/freemem.o
                                         0x58 (size before relaxing)
 .eh_frame      0x000000000011b318       0x20 binaries/getbuf.o
                                         0x38 (size before relaxing)
 .eh_frame      0x000000000011b338       0x20 binaries/getc.o
                                         0x38 (size before relaxing)
 .eh_frame      0x000000000011b358       0x20 binaries/getdev.o
                                         0x38 (size before relaxing)
 .eh_frame      0x000000000011b378       0x60 binaries/getitem.o
                                         0x78 (size before relaxing)
 .eh_frame      0x000000000011b3d8       0x40 binaries/getmem.o
                                         0x58 (size before relaxing)
 .eh_frame      0x000000000011b418       0x20 binaries/getpid.o
                                         0x38 (size before relaxing)
 .eh_frame      0x000000000011b438       0x20 binaries/getprio.o
                                         0x38 (size before relaxing)
 .eh_frame      0x000000000011b458       0x20 binaries/getstk.o
                                         0x38 (size before relaxing)
 .eh_frame      0x000000000011b478       0x20 binaries/getticks.o
                                         0x38 (size before relaxing)
 .eh_frame      0x000000000011b498       0x20 binaries/gettime.o
                                         0x38 (size before relaxing)
 .eh_frame      0x000000000011b4b8       0x20 binaries/getutime.o
                                         0x38 (size before relaxing)
 .eh_frame      0x000000000011b4d8       0x8c binaries/i386.o
                                         0xa4 (size before relaxing)
 .eh_frame      0x000000000011b564       0x20 binaries/init.o
                                         0x38 (size before relaxing)
 .eh_frame      0x000000000011b584       0xa4 binaries/initialize.o
                                         0xbc (size before relaxing)
 .eh_frame      0x000000000011b628       0x20 binaries/insert.o
                                         0x38 (size before relaxing)
 .eh_frame      0x000000000011b648       0x20 binaries/insertd.o
                                         0x38 (size before relaxing)
 .eh_frame      0x000000000011b668       0x20 binaries/ioerr.o
                                         0x38 (size before relaxing)
 .eh_frame      0x000000000011b688       0x20 binaries/ionull.o
                                         0x38 (size before relaxing)
 .eh_frame      0x000000000011b6a8       0x20 binaries/kill.o
                                         0x38 (size before relaxing)
 .eh_frame      0x000000000011b6c8       0x60 binaries/kprintf.o
                                         0x78 (size before relaxing)
 .eh_frame      0x000000000011b728       0x24 binaries/main.o
                                         0x3c (size before relaxing)
 .eh_frame      0x000000000011b74c       0x40 binaries/mark.o
                                         0x58 (size before relaxing)
 .eh_frame      0x000000000011b78c       0x40 binaries/meminit.o
                                         0x58 (size before relaxing)
 .eh_frame      0x000000000011b7cc       0x20 binaries/mkbufpool.o
                                         0x38 (size before relaxing)
 .eh_frame      0x000000000011b7ec       0x20 binaries/newqueue.o
                                         0x38 (size before relaxing)
 .eh_frame      0x000000000011b80c       0x20 binaries/open.o
                                         0x38 (size before relaxing)
 .eh_frame      0x000000000011b82c       0x24 binaries/paging.o
                                         0x3c (size before relaxing)
 .eh_frame      0x000000000011b850       0x1c binaries/panic.o
                                         0x34 (size before relaxing)
 .eh_frame      0x000000000011b86c      0x1c8 binaries/pci.o
                                        0x1e0 (size before relaxing)
 .eh_frame      0x000000000011ba34       0x20 binaries/ptclear.o
                                         0x38 (size before relaxing)
 .eh_frame      0x000000000011ba54       0x20 binaries/ptcount.o
                                         0x38 (size before relaxing)
 .eh_frame      0x000000000011ba74       0x20 binaries/ptcreate.o
                                         0x38 (size before relaxing)
 .eh_frame      0x000000000011ba94       0x20 binaries/ptdelete.o
                                         0x38 (size before relaxing)
 .eh_frame      0x000000000011bab4       0x20 binaries/ptinit.o
                                         0x38 (size before relaxing)
 .eh_frame      0x000000000011bad4       0x20 binaries/ptrecv.o
                                         0x38 (size before relaxing)
 .eh_frame      0x000000000011baf4       0x20 binaries/ptreset.o
                                         0x38 (size before relaxing)
 .eh_frame      0x000000000011bb14       0x20 binaries/ptsend.o
                                         0x38 (size before relaxing)
 .eh_frame      0x000000000011bb34       0x20 binaries/putc.o
                                         0x38 (size before relaxing)
 .eh_frame      0x000000000011bb54       0x40 binaries/queue.o
                                         0x58 (size before relaxing)
 .eh_frame      0x000000000011bb94       0x20 binaries/read.o
                                         0x38 (size before relaxing)
 .eh_frame      0x000000000011bbb4       0x24 binaries/ready.o
                                         0x3c (size before relaxing)
 .eh_frame      0x000000000011bbd8       0x20 binaries/receive.o
                                         0x38 (size before relaxing)
 .eh_frame      0x000000000011bbf8       0x20 binaries/recvclr.o
                                         0x38 (size before relaxing)
 .eh_frame      0x000000000011bc18       0x20 binaries/recvtime.o
                                         0x38 (size before relaxing)
 .eh_frame      0x000000000011bc38       0x40 binaries/resched.o
                                         0x58 (size before relaxing)
 .eh_frame      0x000000000011bc78       0x20 binaries/resume.o
                                         0x38 (size before relaxing)
 .eh_frame      0x000000000011bc98       0x20 binaries/seek.o
                                         0x38 (size before relaxing)
 .eh_frame      0x000000000011bcb8       0x20 binaries/semcount.o
                                         0x38 (size before relaxing)
 .eh_frame      0x000000000011bcd8       0x40 binaries/semcreate.o
                                         0x58 (size before relaxing)
 .eh_frame      0x000000000011bd18       0x20 binaries/semdelete.o
                                         0x38 (size before relaxing)
 .eh_frame      0x000000000011bd38       0x20 binaries/semreset.o
                                         0x38 (size before relaxing)
 .eh_frame      0x000000000011bd58       0x20 binaries/send.o
                                         0x38 (size before relaxing)
 .eh_frame      0x000000000011bd78       0x20 binaries/signal.o
                                         0x38 (size before relaxing)
 .eh_frame      0x000000000011bd98       0x20 binaries/signaln.o
                                         0x38 (size before relaxing)
 .eh_frame      0x000000000011bdb8       0x40 binaries/sleep.o
                                         0x58 (size before relaxing)
 .eh_frame      0x000000000011bdf8       0x20 binaries/stacktrace.o
                                         0x38 (size before relaxing)
 .eh_frame      0x000000000011be18       0x20 binaries/suspend.o
                                         0x38 (size before relaxing)
 .eh_frame      0x000000000011be38       0x20 binaries/unsleep.o
                                         0x38 (size before relaxing)
 .eh_frame      0x000000000011be58       0x20 binaries/userret.o
                                         0x38 (size before relaxing)
 .eh_frame      0x000000000011be78       0x20 binaries/wait.o
                                         0x38 (size before relaxing)
 .eh_frame      0x000000000011be98       0x20 binaries/wakeup.o
                                         0x38 (size before relaxing)
 .eh_frame      0x000000000011beb8       0x20 binaries/write.o
                                         0x38 (size before relaxing)
 .eh_frame      0x000000000011bed8       0x20 binaries/xdone.o
                                         0x38 (size before relaxing)
 .eh_frame      0x000000000011bef8       0x20 binaries/yield.o
                                         0x38 (size before relaxing)
 .eh_frame      0x000000000011bf18       0x20 binaries/abs.o
                                         0x38 (size before relaxing)
 .eh_frame      0x000000000011bf38       0x20 binaries/atoi.o
                                         0x38 (size before relaxing)
 .eh_frame      0x000000000011bf58       0x20 binaries/atol.o
                                         0x38 (size before relaxing)
 .eh_frame      0x000000000011bf78       0x20 binaries/bzero.o
                                         0x38 (size before relaxing)
 .eh_frame      0x000000000011bf98       0xe0 binaries/doprnt.o
                                         0xf8 (size before relaxing)
 .eh_frame      0x000000000011c078       0xb0 binaries/doscan.o
                                         0xc8 (size before relaxing)
 .eh_frame      0x000000000011c128       0xc0 binaries/fdoprnt.o
                                         0xd8 (size before relaxing)
 .eh_frame      0x000000000011c1e8       0x20 binaries/fgetc.o
                                         0x38 (size before relaxing)
 .eh_frame      0x000000000011c208       0x20 binaries/fgets.o
                                         0x38 (size before relaxing)
 .eh_frame      0x000000000011c228       0x20 binaries/fprintf.o
                                         0x38 (size before relaxing)
 .eh_frame      0x000000000011c248       0x20 binaries/fputc.o
                                         0x38 (size before relaxing)
 .eh_frame      0x000000000011c268       0x20 binaries/fputs.o
                                         0x38 (size before relaxing)
 .eh_frame      0x000000000011c288       0x60 binaries/fscanf.o
                                         0x78 (size before relaxing)
 .eh_frame      0x000000000011c2e8       0x20 binaries/getchar.o
                                         0x38 (size before relaxing)
 .eh_frame      0x000000000011c308       0x20 binaries/labs.o
                                         0x38 (size before relaxing)
 .eh_frame      0x000000000011c328       0x20 binaries/memcmp.o
                                         0x38 (size before relaxing)
 .eh_frame      0x000000000011c348       0x24 binaries/memcpy.o
                                         0x3c (size before relaxing)
 .eh_frame      0x000000000011c36c       0x24 binaries/memset.o
                                         0x3c (size before relaxing)
 .eh_frame      0x000000000011c390       0x20 binaries/printf.o
                                         0x38 (size before relaxing)
 .eh_frame      0x000000000011c3b0       0x20 binaries/putchar.o
                                         0x38 (size before relaxing)
 .eh_frame      0x000000000011c3d0       0xa8 binaries/qsort.o
                                         0xc0 (size before relaxing)
 .eh_frame      0x000000000011c478       0x60 binaries/rand.o
                                         0x78 (size before relaxing)
 .eh_frame      0x000000000011c4d8       0x40 binaries/sprintf.o
                                         0x58 (size before relaxing)
 .eh_frame      0x000000000011c518       0x60 binaries/sscanf.o
                                         0x78 (size before relaxing)
 .eh_frame      0x000000000011c578       0x20 binaries/strchr.o
                                         0x38 (size before relaxing)
 .eh_frame      0x000000000011c598       0x20 binaries/strcmp.o
                                         0x38 (size before relaxing)
 .eh_frame      0x000000000011c5b8       0x20 binaries/strcpy.o
                                         0x38 (size before relaxing)
 .eh_frame      0x000000000011c5d8       0x20 binaries/strlen.o
                                         0x38 (size before relaxing)
 .eh_frame      0x000000000011c5f8       0x20 binaries/strncat.o
                                         0x38 (size before relaxing)
 .eh_frame      0x000000000011c618       0x20 binaries/strncmp.o
                                         0x38 (size before relaxing)
 .eh_frame      0x000000000011c638       0x28 binaries/strncpy.o
                                         0x40 (size before relaxing)
 .eh_frame      0x000000000011c660       0x20 binaries/strnlen.o
                                         0x38 (size before relaxing)
 .eh_frame      0x000000000011c680       0x20 binaries/strrchr.o
                                         0x38 (size before relaxing)
 .eh_frame      0x000000000011c6a0       0x20 binaries/strstr.o
                                         0x38 (size before relaxing)
 .eh_frame      0x000000000011c6c0       0x20 binaries/ttycontrol.o
                                         0x38 (size before relaxing)
 .eh_frame      0x000000000011c6e0       0x20 binaries/ttygetc.o
                                         0x38 (size before relaxing)
 .eh_frame      0x000000000011c700       0x80 binaries/ttyhandle_in.o
                                         0x98 (size before relaxing)
 .eh_frame      0x000000000011c780       0x20 binaries/ttyhandle_out.o
                                         0x38 (size before relaxing)
 .eh_frame      0x000000000011c7a0       0x20 binaries/ttyhandler.o
                                         0x38 (size before relaxing)
 .eh_frame      0x000000000011c7c0       0x20 binaries/ttyinit.o
                                         0x38 (size before relaxing)
 .eh_frame      0x000000000011c7e0       0x20 binaries/ttykickout.o
                                         0x38 (size before relaxing)
 .eh_frame      0x000000000011c800       0x20 binaries/ttyputc.o
                                         0x38 (size before relaxing)
 .eh_frame      0x000000000011c820       0x24 binaries/ttyread.o
                                         0x3c (size before relaxing)
 .eh_frame      0x000000000011c844       0x20 binaries/ttywrite.o
                                         0x38 (size before relaxing)
 .eh_frame      0x000000000011c864       0x40 binaries/mount.o
                                         0x58 (size before relaxing)
 .eh_frame      0x000000000011c8a4       0x20 binaries/naminit.o
                                         0x38 (size before relaxing)
 .eh_frame      0x000000000011c8c4       0x60 binaries/nammap.o
                                         0x78 (size before relaxing)
 .eh_frame      0x000000000011c924       0x20 binaries/namopen.o
                                         0x38 (size before relaxing)
 .eh_frame      0x000000000011c944      0x150 binaries/82545EMInit.o
                                        0x168 (size before relaxing)
 .eh_frame      0x000000000011ca94       0xa0 binaries/ethcontrol.o
                                         0xb8 (size before relaxing)
 .eh_frame      0x000000000011cb34       0x80 binaries/ethhandler.o
                                         0x98 (size before relaxing)
 .eh_frame      0x000000000011cbb4       0x20 binaries/ethinit.o
                                         0x38 (size before relaxing)
 .eh_frame      0x000000000011cbd4       0x60 binaries/ethread.o
                                         0x78 (size before relaxing)
 .eh_frame      0x000000000011cc34       0x60 binaries/ethwrite.o
                                         0x78 (size before relaxing)
 .eh_frame      0x000000000011cc94       0x20 binaries/rdsbufalloc.o
                                         0x38 (size before relaxing)
 .eh_frame      0x000000000011ccb4       0x20 binaries/rdsclose.o
                                         0x38 (size before relaxing)
 .eh_frame      0x000000000011ccd4       0x20 binaries/rdscomm.o
                                         0x38 (size before relaxing)
 .eh_frame      0x000000000011ccf4       0x20 binaries/rdscontrol.o
                                         0x38 (size before relaxing)
 .eh_frame      0x000000000011cd14       0x20 binaries/rdsinit.o
                                         0x38 (size before relaxing)
 .eh_frame      0x000000000011cd34       0x20 binaries/rdsopen.o
                                         0x38 (size before relaxing)
 .eh_frame      0x000000000011cd54       0x1c binaries/rdsprocess.o
                                         0x34 (size before relaxing)
 .eh_frame      0x000000000011cd70       0x20 binaries/rdsread.o
                                         0x38 (size before relaxing)
 .eh_frame      0x000000000011cd90       0x20 binaries/rdswrite.o
                                         0x38 (size before relaxing)
 .eh_frame      0x000000000011cdb0       0x20 binaries/ramclose.o
                                         0x38 (size before relaxing)
 .eh_frame      0x000000000011cdd0       0x20 binaries/raminit.o
                                         0x38 (size before relaxing)
 .eh_frame      0x000000000011cdf0       0x20 binaries/ramopen.o
                                         0x38 (size before relaxing)
 .eh_frame      0x000000000011ce10       0x20 binaries/ramread.o
                                         0x38 (size before relaxing)
 .eh_frame      0x000000000011ce30       0x20 binaries/ramwrite.o
                                         0x38 (size before relaxing)
 .eh_frame      0x000000000011ce50       0x20 binaries/lfdballoc.o
                                         0x38 (size before relaxing)
 .eh_frame      0x000000000011ce70       0x20 binaries/lfdbfree.o
                                         0x38 (size before relaxing)
 .eh_frame      0x000000000011ce90       0x20 binaries/lfflush.o
                                         0x38 (size before relaxing)
 .eh_frame      0x000000000011ceb0       0x20 binaries/lfgetmode.o
                                         0x38 (size before relaxing)
 .eh_frame      0x000000000011ced0       0x20 binaries/lfiballoc.o
                                         0x38 (size before relaxing)
 .eh_frame      0x000000000011cef0       0x20 binaries/lfibclear.o
                                         0x38 (size before relaxing)
 .eh_frame      0x000000000011cf10       0x20 binaries/lfibget.o
                                         0x38 (size before relaxing)
 .eh_frame      0x000000000011cf30       0x20 binaries/lfibput.o
                                         0x38 (size before relaxing)
 .eh_frame      0x000000000011cf50       0x20 binaries/lflclose.o
                                         0x38 (size before relaxing)
 .eh_frame      0x000000000011cf70       0x20 binaries/lflcontrol.o
                                         0x38 (size before relaxing)
 .eh_frame      0x000000000011cf90       0x20 binaries/lflgetc.o
                                         0x38 (size before relaxing)
 .eh_frame      0x000000000011cfb0       0x20 binaries/lflinit.o
                                         0x38 (size before relaxing)
 .eh_frame      0x000000000011cfd0       0x20 binaries/lflputc.o
                                         0x38 (size before relaxing)
 .eh_frame      0x000000000011cff0       0x20 binaries/lflread.o
                                         0x38 (size before relaxing)
 .eh_frame      0x000000000011d010       0x20 binaries/lflseek.o
                                         0x38 (size before relaxing)
 .eh_frame      0x000000000011d030       0x20 binaries/lflwrite.o
                                         0x38 (size before relaxing)
 .eh_frame      0x000000000011d050       0x20 binaries/lfscheck.o
                                         0x38 (size before relaxing)
 .eh_frame      0x000000000011d070       0x20 binaries/lfsckfmt.o
                                         0x38 (size before relaxing)
 .eh_frame      0x000000000011d090       0x20 binaries/lfscreate.o
                                         0x38 (size before relaxing)
 .eh_frame      0x000000000011d0b0       0x20 binaries/lfsetup.o
                                         0x38 (size before relaxing)
 .eh_frame      0x000000000011d0d0       0x20 binaries/lfsinit.o
                                         0x38 (size before relaxing)
 .eh_frame      0x000000000011d0f0       0x20 binaries/lfsopen.o
                                         0x38 (size before relaxing)
 .eh_frame      0x000000000011d110       0x20 binaries/lftruncate.o
                                         0x38 (size before relaxing)
 .eh_frame      0x000000000011d130       0x20 binaries/rflclose.o
                                         0x38 (size before relaxing)
 .eh_frame      0x000000000011d150       0x20 binaries/rflgetc.o
                                         0x38 (size before relaxing)
 .eh_frame      0x000000000011d170       0x20 binaries/rflinit.o
                                         0x38 (size before relaxing)
 .eh_frame      0x000000000011d190       0x20 binaries/rflputc.o
                                         0x38 (size before relaxing)
 .eh_frame      0x000000000011d1b0       0x20 binaries/rflread.o
                                         0x38 (size before relaxing)
 .eh_frame      0x000000000011d1d0       0x20 binaries/rflseek.o
                                         0x38 (size before relaxing)
 .eh_frame      0x000000000011d1f0       0x20 binaries/rflwrite.o
                                         0x38 (size before relaxing)
 .eh_frame      0x000000000011d210       0x20 binaries/rfscomm.o
                                         0x38 (size before relaxing)
 .eh_frame      0x000000000011d230       0x20 binaries/rfscontrol.o
                                         0x38 (size before relaxing)
 .eh_frame      0x000000000011d250       0x20 binaries/rfsgetmode.o
                                         0x38 (size before relaxing)
 .eh_frame      0x000000000011d270       0x20 binaries/rfsinit.o
                                         0x38 (size before relaxing)
 .eh_frame      0x000000000011d290       0x20 binaries/rfsndmsg.o
                                         0x38 (size before relaxing)
 .eh_frame      0x000000000011d2b0       0x20 binaries/rfsopen.o
                                         0x38 (size before relaxing)
 .eh_frame      0x000000000011d2d0       0xc0 binaries/arp.o
                                         0xd8 (size before relaxing)
 .eh_frame      0x000000000011d390       0xa0 binaries/dhcp.o
                                         0xb8 (size before relaxing)
 .eh_frame      0x000000000011d430       0x80 binaries/dns.o
                                         0x98 (size before relaxing)
 .eh_frame      0x000000000011d4b0       0x20 binaries/dot2ip.o
                                         0x38 (size before relaxing)
 .eh_frame      0x000000000011d4d0       0x40 binaries/hexdump.o
                                         0x58 (size before relaxing)
 .eh_frame      0x000000000011d510      0x14c binaries/icmp.o
                                        0x164 (size before relaxing)
 .eh_frame      0x000000000011d65c      0x11c binaries/ip.o
                                        0x134 (size before relaxing)
 .eh_frame      0x000000000011d778       0xa0 binaries/net.o
                                         0xb8 (size before relaxing)
 .eh_frame      0x000000000011d818       0x60 binaries/pdump.o
                                         0x78 (size before relaxing)
 .eh_frame      0x000000000011d878       0x60 binaries/tftp.o
                                         0x78 (size before relaxing)
 .eh_frame      0x000000000011d8d8      0x140 binaries/udp.o
                                        0x158 (size before relaxing)
 .eh_frame      0x000000000011da18       0x20 binaries/addargs.o
                                         0x38 (size before relaxing)
 .eh_frame      0x000000000011da38       0x20 binaries/lexan.o
                                         0x38 (size before relaxing)
 .eh_frame      0x000000000011da58       0x20 binaries/shell.o
                                         0x38 (size before relaxing)
 .eh_frame      0x000000000011da78       0x20 binaries/xsh_argecho.o
                                         0x38 (size before relaxing)
 .eh_frame      0x000000000011da98       0x40 binaries/xsh_arp.o
                                         0x58 (size before relaxing)
 .eh_frame      0x000000000011dad8       0x20 binaries/xsh_cat.o
                                         0x38 (size before relaxing)
 .eh_frame      0x000000000011daf8       0x20 binaries/xsh_clear.o
                                         0x38 (size before relaxing)
 .eh_frame      0x000000000011db18       0x20 binaries/xsh_date.o
                                         0x38 (size before relaxing)
 .eh_frame      0x000000000011db38       0x20 binaries/xsh_devdump.o
                                         0x38 (size before relaxing)
 .eh_frame      0x000000000011db58       0x20 binaries/xsh_echo.o
                                         0x38 (size before relaxing)
 .eh_frame      0x000000000011db78       0x20 binaries/xsh_exit.o
                                         0x38 (size before relaxing)
 .eh_frame      0x000000000011db98       0x20 binaries/xsh_help.o
                                         0x38 (size before relaxing)
 .eh_frame      0x000000000011dbb8       0x20 binaries/xsh_kill.o
                                         0x38 (size before relaxing)
 .eh_frame      0x000000000011dbd8       0x40 binaries/xsh_memdump.o
                                         0x58 (size before relaxing)
 .eh_frame      0x000000000011dc18       0x60 binaries/xsh_memstat.o
                                         0x78 (size before relaxing)
 .eh_frame      0x000000000011dc78       0x30 binaries/xsh_netinfo.o
                                         0x48 (size before relaxing)
 .eh_frame      0x000000000011dca8       0x24 binaries/xsh_ping.o
                                         0x3c (size before relaxing)
 .eh_frame      0x000000000011dccc       0x30 binaries/xsh_ps.o
                                         0x48 (size before relaxing)
 .eh_frame      0x000000000011dcfc       0x20 binaries/xsh_sleep.o
                                         0x38 (size before relaxing)
 .eh_frame      0x000000000011dd1c       0x20 binaries/xsh_udpdump.o
                                         0x38 (size before relaxing)
 .eh_frame      0x000000000011dd3c       0x30 binaries/xsh_udpecho.o
                                         0x48 (size before relaxing)
 .eh_frame      0x000000000011dd6c       0x24 binaries/xsh_udpserver.o
                                         0x3c (size before relaxing)
 .eh_frame      0x000000000011dd90       0x20 binaries/xsh_uptime.o
                                         0x38 (size before relaxing)

.iplt           0x000000000011ddb0        0x0
 .iplt          0x000000000011ddb0        0x0 binaries/start.o

.rel.dyn        0x000000000011ddb0        0x0
 .rel.iplt      0x000000000011ddb0        0x0 binaries/start.o
 .rel.text      0x000000000011ddb0        0x0 binaries/start.o
 .rel.data      0x000000000011ddb0        0x0 binaries/start.o
 .rel.rodata    0x000000000011ddb0        0x0 binaries/start.o

.data           0x000000000011ddc0     0x1240
                0x000000000011ddc0                data = ABSOLUTE (.)
 *(.data .data.*)
 .data          0x000000000011ddc0      0x460 binaries/start.o
                0x000000000011ddc0                gdt
                0x000000000011de00                gdtr
                0x000000000011de06                idt
                0x000000000011e206                idtr
                0x000000000011e20c                cpudelay
                0x000000000011e210                _bootdev
                0x000000000011e214                _cyloffset
 .data          0x000000000011e220       0x88 binaries/ascdate.o
                0x000000000011e220                Date
 .data          0x000000000011e2a8        0x0 binaries/bufinit.o
 .data          0x000000000011e2a8        0x0 binaries/chprio.o
 .data          0x000000000011e2a8        0x4 binaries/clkhandler.o
 .data          0x000000000011e2ac        0x0 binaries/clkinit.o
 .data          0x000000000011e2ac        0x0 binaries/close.o
 *fill*         0x000000000011e2ac       0x14 
 .data          0x000000000011e2c0      0x5a0 binaries/conf.o
                0x000000000011e2c0                devtab
 .data          0x000000000011e860        0x0 binaries/control.o
 .data          0x000000000011e860        0x0 binaries/control_reg.o
 .data          0x000000000011e860        0x4 binaries/create.o
 *fill*         0x000000000011e864       0x1c 
 .data          0x000000000011e880       0x40 binaries/evec.o
                0x000000000011e880                inames
 .data          0x000000000011e8c0        0x0 binaries/exit.o
 .data          0x000000000011e8c0        0x0 binaries/freebuf.o
 .data          0x000000000011e8c0        0x0 binaries/freemem.o
 .data          0x000000000011e8c0        0x0 binaries/getbuf.o
 .data          0x000000000011e8c0        0x0 binaries/getc.o
 .data          0x000000000011e8c0        0x0 binaries/getdev.o
 .data          0x000000000011e8c0        0x0 binaries/getitem.o
 .data          0x000000000011e8c0        0x0 binaries/getmem.o
 .data          0x000000000011e8c0        0x0 binaries/getpid.o
 .data          0x000000000011e8c0        0x0 binaries/getprio.o
 .data          0x000000000011e8c0        0x0 binaries/getstk.o
 .data          0x000000000011e8c0        0x0 binaries/getticks.o
 .data          0x000000000011e8c0        0x0 binaries/gettime.o
 .data          0x000000000011e8c0        0x0 binaries/getutime.o
 .data          0x000000000011e8c0       0x40 binaries/i386.o
                0x000000000011e8c0                gdt_copy
 .data          0x000000000011e900        0x0 binaries/init.o
 .data          0x000000000011e900        0x0 binaries/initialize.o
 .data          0x000000000011e900        0x0 binaries/insert.o
 .data          0x000000000011e900        0x0 binaries/insertd.o
 .data          0x000000000011e900        0x0 binaries/ioerr.o
 .data          0x000000000011e900        0x0 binaries/ionull.o
 .data          0x000000000011e900        0x0 binaries/kill.o
 .data          0x000000000011e900        0x0 binaries/kprintf.o
 .data          0x000000000011e900        0x0 binaries/main.o
 .data          0x000000000011e900        0x0 binaries/mark.o
 .data          0x000000000011e900        0x0 binaries/meminit.o
 .data          0x000000000011e900        0x0 binaries/mkbufpool.o
 .data          0x000000000011e900        0x2 binaries/newqueue.o
 .data          0x000000000011e902        0x0 binaries/open.o
 .data          0x000000000011e902        0x0 binaries/paging.o
 .data          0x000000000011e902        0x0 binaries/panic.o
[...]
 .comment       0x000000000000001d       0x1e binaries/dot2ip.o
 .comment       0x000000000000001d       0x1e binaries/hexdump.o
 .comment       0x000000000000001d       0x1e binaries/icmp.o
 .comment       0x000000000000001d       0x1e binaries/ip.o
 .comment       0x000000000000001d       0x1e binaries/net.o
 .comment       0x000000000000001d       0x1e binaries/pdump.o
 .comment       0x000000000000001d       0x1e binaries/tftp.o
 .comment       0x000000000000001d       0x1e binaries/udp.o
 .comment       0x000000000000001d       0x1e binaries/addargs.o
 .comment       0x000000000000001d       0x1e binaries/lexan.o
 .comment       0x000000000000001d       0x1e binaries/shell.o
 .comment       0x000000000000001d       0x1e binaries/xsh_argecho.o
 .comment       0x000000000000001d       0x1e binaries/xsh_arp.o
 .comment       0x000000000000001d       0x1e binaries/xsh_cat.o
 .comment       0x000000000000001d       0x1e binaries/xsh_clear.o
 .comment       0x000000000000001d       0x1e binaries/xsh_date.o
 .comment       0x000000000000001d       0x1e binaries/xsh_devdump.o
 .comment       0x000000000000001d       0x1e binaries/xsh_echo.o
 .comment       0x000000000000001d       0x1e binaries/xsh_exit.o
 .comment       0x000000000000001d       0x1e binaries/xsh_help.o
 .comment       0x000000000000001d       0x1e binaries/xsh_kill.o
 .comment       0x000000000000001d       0x1e binaries/xsh_memdump.o
 .comment       0x000000000000001d       0x1e binaries/xsh_memstat.o
 .comment       0x000000000000001d       0x1e binaries/xsh_netinfo.o
 .comment       0x000000000000001d       0x1e binaries/xsh_ping.o
 .comment       0x000000000000001d       0x1e binaries/xsh_ps.o
 .comment       0x000000000000001d       0x1e binaries/xsh_sleep.o
 .comment       0x000000000000001d       0x1e binaries/xsh_udpdump.o
 .comment       0x000000000000001d       0x1e binaries/xsh_udpecho.o
 .comment       0x000000000000001d       0x1e binaries/xsh_udpserver.o
 .comment       0x000000000000001d       0x1e binaries/xsh_uptime.o

.note.GNU-stack
                0x0000000000000000        0x0
 .note.GNU-stack
                0x0000000000000000        0x0 binaries/ascdate.o
 .note.GNU-stack
                0x0000000000000000        0x0 binaries/bufinit.o
 .note.GNU-stack
                0x0000000000000000        0x0 binaries/chprio.o
 .note.GNU-stack
                0x0000000000000000        0x0 binaries/clkhandler.o
 .note.GNU-stack
                0x0000000000000000        0x0 binaries/clkinit.o
 .note.GNU-stack
                0x0000000000000000        0x0 binaries/close.o
 .note.GNU-stack
                0x0000000000000000        0x0 binaries/conf.o
 .note.GNU-stack
                0x0000000000000000        0x0 binaries/control.o
 .note.GNU-stack
                0x0000000000000000        0x0 binaries/control_reg.o
 .note.GNU-stack
                0x0000000000000000        0x0 binaries/create.o
 .note.GNU-stack
                0x0000000000000000        0x0 binaries/evec.o
 .note.GNU-stack
                0x0000000000000000        0x0 binaries/exit.o
 .note.GNU-stack
                0x0000000000000000        0x0 binaries/freebuf.o
 .note.GNU-stack
                0x0000000000000000        0x0 binaries/freemem.o
 .note.GNU-stack
                0x0000000000000000        0x0 binaries/getbuf.o
 .note.GNU-stack
                0x0000000000000000        0x0 binaries/getc.o
 .note.GNU-stack
                0x0000000000000000        0x0 binaries/getdev.o
 .note.GNU-stack
                0x0000000000000000        0x0 binaries/getitem.o
 .note.GNU-stack
                0x0000000000000000        0x0 binaries/getmem.o
 .note.GNU-stack
                0x0000000000000000        0x0 binaries/getpid.o
 .note.GNU-stack
                0x0000000000000000        0x0 binaries/getprio.o
 .note.GNU-stack
                0x0000000000000000        0x0 binaries/getstk.o
 .note.GNU-stack
                0x0000000000000000        0x0 binaries/getticks.o
 .note.GNU-stack
                0x0000000000000000        0x0 binaries/gettime.o
 .note.GNU-stack
                0x0000000000000000        0x0 binaries/getutime.o
 .note.GNU-stack
                0x0000000000000000        0x0 binaries/i386.o
 .note.GNU-stack
                0x0000000000000000        0x0 binaries/init.o
 .note.GNU-stack
                0x0000000000000000        0x0 binaries/initialize.o
 .note.GNU-stack
                0x0000000000000000        0x0 binaries/insert.o
 .note.GNU-stack
                0x0000000000000000        0x0 binaries/insertd.o
 .note.GNU-stack
                0x0000000000000000        0x0 binaries/ioerr.o
 .note.GNU-stack
                0x0000000000000000        0x0 binaries/ionull.o
 .note.GNU-stack
                0x0000000000000000        0x0 binaries/kill.o
 .note.GNU-stack
                0x0000000000000000        0x0 binaries/kprintf.o
 .note.GNU-stack
                0x0000000000000000        0x0 binaries/main.o
 .note.GNU-stack
                0x0000000000000000        0x0 binaries/mark.o
 .note.GNU-stack
                0x0000000000000000        0x0 binaries/meminit.o
 .note.GNU-stack
                0x0000000000000000        0x0 binaries/mkbufpool.o
 .note.GNU-stack
                0x0000000000000000        0x0 binaries/newqueue.o
 .note.GNU-stack
                0x0000000000000000        0x0 binaries/open.o
 .note.GNU-stack
                0x0000000000000000        0x0 binaries/paging.o
 .note.GNU-stack
                0x0000000000000000        0x0 binaries/panic.o
 .note.GNU-stack
                0x0000000000000000        0x0 binaries/pci.o
 .note.GNU-stack
                0x0000000000000000        0x0 binaries/ptclear.o
 .note.GNU-stack
                0x0000000000000000        0x0 binaries/ptcount.o
 .note.GNU-stack
                0x0000000000000000        0x0 binaries/ptcreate.o
 .note.GNU-stack
                0x0000000000000000        0x0 binaries/ptdelete.o
 .note.GNU-stack
                0x0000000000000000        0x0 binaries/ptinit.o
 .note.GNU-stack
                0x0000000000000000        0x0 binaries/ptrecv.o
 .note.GNU-stack
                0x0000000000000000        0x0 binaries/ptreset.o
 .note.GNU-stack
                0x0000000000000000        0x0 binaries/ptsend.o
 .note.GNU-stack
                0x0000000000000000        0x0 binaries/putc.o
 .note.GNU-stack
                0x0000000000000000        0x0 binaries/queue.o
 .note.GNU-stack
                0x0000000000000000        0x0 binaries/read.o
 .note.GNU-stack
                0x0000000000000000        0x0 binaries/ready.o
 .note.GNU-stack
                0x0000000000000000        0x0 binaries/receive.o
 .note.GNU-stack
                0x0000000000000000        0x0 binaries/recvclr.o
 .note.GNU-stack
                0x0000000000000000        0x0 binaries/recvtime.o
 .note.GNU-stack
                0x0000000000000000        0x0 binaries/resched.o
 .note.GNU-stack
                0x0000000000000000        0x0 binaries/resume.o
 .note.GNU-stack
                0x0000000000000000        0x0 binaries/seek.o
 .note.GNU-stack
                0x0000000000000000        0x0 binaries/semcount.o
 .note.GNU-stack
                0x0000000000000000        0x0 binaries/semcreate.o
 .note.GNU-stack
                0x0000000000000000        0x0 binaries/semdelete.o
 .note.GNU-stack
                0x0000000000000000        0x0 binaries/semreset.o
 .note.GNU-stack
                0x0000000000000000        0x0 binaries/send.o
 .note.GNU-stack
                0x0000000000000000        0x0 binaries/signal.o
 .note.GNU-stack
                0x0000000000000000        0x0 binaries/signaln.o
 .note.GNU-stack
                0x0000000000000000        0x0 binaries/sleep.o
 .note.GNU-stack
                0x0000000000000000        0x0 binaries/stacktrace.o
 .note.GNU-stack
                0x0000000000000000        0x0 binaries/suspend.o
 .note.GNU-stack
                0x0000000000000000        0x0 binaries/unsleep.o
 .note.GNU-stack
                0x0000000000000000        0x0 binaries/userret.o
 .note.GNU-stack
                0x0000000000000000        0x0 binaries/wait.o
 .note.GNU-stack
                0x0000000000000000        0x0 binaries/wakeup.o
 .note.GNU-stack
                0x0000000000000000        0x0 binaries/write.o
 .note.GNU-stack
                0x0000000000000000        0x0 binaries/xdone.o
 .note.GNU-stack
                0x0000000000000000        0x0 binaries/yield.o
 .note.GNU-stack
                0x0000000000000000        0x0 binaries/abs.o
 .note.GNU-stack
                0x0000000000000000        0x0 binaries/atoi.o
 .note.GNU-stack
                0x0000000000000000        0x0 binaries/atol.o
 .note.GNU-stack
                0x0000000000000000        0x0 binaries/bzero.o
 .note.GNU-stack
                0x0000000000000000        0x0 binaries/ctype_.o
 .note.GNU-stack
                0x0000000000000000        0x0 binaries/doprnt.o
 .note.GNU-stack
                0x0000000000000000        0x0 binaries/doscan.o
 .note.GNU-stack
                0x0000000000000000        0x0 binaries/fdoprnt.o
 .note.GNU-stack
                0x0000000000000000        0x0 binaries/fgetc.o
 .note.GNU-stack
                0x0000000000000000        0x0 binaries/fgets.o
 .note.GNU-stack
                0x0000000000000000        0x0 binaries/fprintf.o
 .note.GNU-stack
                0x0000000000000000        0x0 binaries/fputc.o
 .note.GNU-stack
                0x0000000000000000        0x0 binaries/fputs.o
 .note.GNU-stack
                0x0000000000000000        0x0 binaries/fscanf.o
 .note.GNU-stack
                0x0000000000000000        0x0 binaries/getchar.o
 .note.GNU-stack
                0x0000000000000000        0x0 binaries/labs.o
 .note.GNU-stack
                0x0000000000000000        0x0 binaries/memchr.o
 .note.GNU-stack
                0x0000000000000000        0x0 binaries/memcmp.o
 .note.GNU-stack
                0x0000000000000000        0x0 binaries/memcpy.o
 .note.GNU-stack
                0x0000000000000000        0x0 binaries/memset.o
 .note.GNU-stack
                0x0000000000000000        0x0 binaries/printf.o
 .note.GNU-stack
                0x0000000000000000        0x0 binaries/putchar.o
 .note.GNU-stack
                0x0000000000000000        0x0 binaries/qsort.o
 .note.GNU-stack
                0x0000000000000000        0x0 binaries/rand.o
 .note.GNU-stack
                0x0000000000000000        0x0 binaries/sprintf.o
 .note.GNU-stack
                0x0000000000000000        0x0 binaries/sscanf.o
 .note.GNU-stack
                0x0000000000000000        0x0 binaries/strchr.o
 .note.GNU-stack
                0x0000000000000000        0x0 binaries/strcmp.o
 .note.GNU-stack
                0x0000000000000000        0x0 binaries/strcpy.o
 .note.GNU-stack
                0x0000000000000000        0x0 binaries/strlen.o
 .note.GNU-stack
                0x0000000000000000        0x0 binaries/strncat.o
 .note.GNU-stack
                0x0000000000000000        0x0 binaries/strncmp.o
 .note.GNU-stack
                0x0000000000000000        0x0 binaries/strncpy.o
 .note.GNU-stack
                0x0000000000000000        0x0 binaries/strnlen.o
 .note.GNU-stack
                0x0000000000000000        0x0 binaries/strrchr.o
 .note.GNU-stack
                0x0000000000000000        0x0 binaries/strstr.o
 .note.GNU-stack
                0x0000000000000000        0x0 binaries/ttycontrol.o
 .note.GNU-stack
                0x0000000000000000        0x0 binaries/ttygetc.o
 .note.GNU-stack
                0x0000000000000000        0x0 binaries/ttyhandle_in.o
 .note.GNU-stack
                0x0000000000000000        0x0 binaries/ttyhandle_out.o
 .note.GNU-stack
                0x0000000000000000        0x0 binaries/ttyhandler.o
 .note.GNU-stack
                0x0000000000000000        0x0 binaries/ttyinit.o
 .note.GNU-stack
                0x0000000000000000        0x0 binaries/ttykickout.o
 .note.GNU-stack
                0x0000000000000000        0x0 binaries/ttyputc.o
 .note.GNU-stack
                0x0000000000000000        0x0 binaries/ttyread.o
 .note.GNU-stack
                0x0000000000000000        0x0 binaries/ttywrite.o
 .note.GNU-stack
                0x0000000000000000        0x0 binaries/mount.o
 .note.GNU-stack
                0x0000000000000000        0x0 binaries/naminit.o
 .note.GNU-stack
                0x0000000000000000        0x0 binaries/nammap.o
 .note.GNU-stack
                0x0000000000000000        0x0 binaries/namopen.o
 .note.GNU-stack
                0x0000000000000000        0x0 binaries/82545EMInit.o
 .note.GNU-stack
                0x0000000000000000        0x0 binaries/ethcontrol.o
 .note.GNU-stack
                0x0000000000000000        0x0 binaries/ethhandler.o
 .note.GNU-stack
                0x0000000000000000        0x0 binaries/ethinit.o
 .note.GNU-stack
                0x0000000000000000        0x0 binaries/ethread.o
 .note.GNU-stack
                0x0000000000000000        0x0 binaries/ethwrite.o
 .note.GNU-stack
                0x0000000000000000        0x0 binaries/rdsbufalloc.o
 .note.GNU-stack
                0x0000000000000000        0x0 binaries/rdsclose.o
 .note.GNU-stack
                0x0000000000000000        0x0 binaries/rdscomm.o
 .note.GNU-stack
                0x0000000000000000        0x0 binaries/rdscontrol.o
 .note.GNU-stack
                0x0000000000000000        0x0 binaries/rdsinit.o
 .note.GNU-stack
                0x0000000000000000        0x0 binaries/rdsopen.o
 .note.GNU-stack
                0x0000000000000000        0x0 binaries/rdsprocess.o
 .note.GNU-stack
                0x0000000000000000        0x0 binaries/rdsread.o
 .note.GNU-stack
                0x0000000000000000        0x0 binaries/rdswrite.o
 .note.GNU-stack
                0x0000000000000000        0x0 binaries/ramclose.o
 .note.GNU-stack
                0x0000000000000000        0x0 binaries/raminit.o
 .note.GNU-stack
                0x0000000000000000        0x0 binaries/ramopen.o
 .note.GNU-stack
                0x0000000000000000        0x0 binaries/ramread.o
 .note.GNU-stack
                0x0000000000000000        0x0 binaries/ramwrite.o
 .note.GNU-stack
                0x0000000000000000        0x0 binaries/lfdballoc.o
 .note.GNU-stack
                0x0000000000000000        0x0 binaries/lfdbfree.o
 .note.GNU-stack
                0x0000000000000000        0x0 binaries/lfflush.o
 .note.GNU-stack
                0x0000000000000000        0x0 binaries/lfgetmode.o
 .note.GNU-stack
                0x0000000000000000        0x0 binaries/lfiballoc.o
 .note.GNU-stack
                0x0000000000000000        0x0 binaries/lfibclear.o
 .note.GNU-stack
                0x0000000000000000        0x0 binaries/lfibget.o
 .note.GNU-stack
                0x0000000000000000        0x0 binaries/lfibput.o
 .note.GNU-stack
                0x0000000000000000        0x0 binaries/lflclose.o
 .note.GNU-stack
                0x0000000000000000        0x0 binaries/lflcontrol.o
 .note.GNU-stack
                0x0000000000000000        0x0 binaries/lflgetc.o
 .note.GNU-stack
                0x0000000000000000        0x0 binaries/lflinit.o
 .note.GNU-stack
                0x0000000000000000        0x0 binaries/lflputc.o
 .note.GNU-stack
                0x0000000000000000        0x0 binaries/lflread.o
 .note.GNU-stack
                0x0000000000000000        0x0 binaries/lflseek.o
 .note.GNU-stack
                0x0000000000000000        0x0 binaries/lflwrite.o
 .note.GNU-stack
                0x0000000000000000        0x0 binaries/lfscheck.o
 .note.GNU-stack
                0x0000000000000000        0x0 binaries/lfsckfmt.o
 .note.GNU-stack
                0x0000000000000000        0x0 binaries/lfscreate.o
 .note.GNU-stack
                0x0000000000000000        0x0 binaries/lfsetup.o
 .note.GNU-stack
                0x0000000000000000        0x0 binaries/lfsinit.o
 .note.GNU-stack
                0x0000000000000000        0x0 binaries/lfsopen.o
 .note.GNU-stack
                0x0000000000000000        0x0 binaries/lftruncate.o
 .note.GNU-stack
                0x0000000000000000        0x0 binaries/rflclose.o
 .note.GNU-stack
                0x0000000000000000        0x0 binaries/rflgetc.o
 .note.GNU-stack
                0x0000000000000000        0x0 binaries/rflinit.o
 .note.GNU-stack
                0x0000000000000000        0x0 binaries/rflputc.o
 .note.GNU-stack
                0x0000000000000000        0x0 binaries/rflread.o
 .note.GNU-stack
                0x0000000000000000        0x0 binaries/rflseek.o
 .note.GNU-stack
                0x0000000000000000        0x0 binaries/rflwrite.o
 .note.GNU-stack
                0x0000000000000000        0x0 binaries/rfscomm.o
 .note.GNU-stack
                0x0000000000000000        0x0 binaries/rfscontrol.o
 .note.GNU-stack
                0x0000000000000000        0x0 binaries/rfsgetmode.o
 .note.GNU-stack
                0x0000000000000000        0x0 binaries/rfsinit.o
 .note.GNU-stack
                0x0000000000000000        0x0 binaries/rfsndmsg.o
 .note.GNU-stack
                0x0000000000000000        0x0 binaries/rfsopen.o
 .note.GNU-stack
                0x0000000000000000        0x0 binaries/arp.o
 .note.GNU-stack
                0x0000000000000000        0x0 binaries/dhcp.o
 .note.GNU-stack
                0x0000000000000000        0x0 binaries/dns.o
 .note.GNU-stack
                0x0000000000000000        0x0 binaries/dot2ip.o
 .note.GNU-stack
                0x0000000000000000        0x0 binaries/hexdump.o
 .note.GNU-stack
                0x0000000000000000        0x0 binaries/icmp.o
 .note.GNU-stack
                0x0000000000000000        0x0 binaries/ip.o
 .note.GNU-stack
                0x0000000000000000        0x0 binaries/net.o
 .note.GNU-stack
                0x0000000000000000        0x0 binaries/pdump.o
 .note.GNU-stack
                0x0000000000000000        0x0 binaries/tftp.o
 .note.GNU-stack
                0x0000000000000000        0x0 binaries/udp.o
 .note.GNU-stack
                0x0000000000000000        0x0 binaries/addargs.o
 .note.GNU-stack
                0x0000000000000000        0x0 binaries/lexan.o
 .note.GNU-stack
                0x0000000000000000        0x0 binaries/shell.o
 .note.GNU-stack
                0x0000000000000000        0x0 binaries/xsh_argecho.o
 .note.GNU-stack
                0x0000000000000000        0x0 binaries/xsh_arp.o
 .note.GNU-stack
                0x0000000000000000        0x0 binaries/xsh_cat.o
 .note.GNU-stack
                0x0000000000000000        0x0 binaries/xsh_clear.o
 .note.GNU-stack
                0x0000000000000000        0x0 binaries/xsh_date.o
 .note.GNU-stack
                0x0000000000000000        0x0 binaries/xsh_devdump.o
 .note.GNU-stack
                0x0000000000000000        0x0 binaries/xsh_echo.o
 .note.GNU-stack
                0x0000000000000000        0x0 binaries/xsh_exit.o
 .note.GNU-stack
                0x0000000000000000        0x0 binaries/xsh_help.o
 .note.GNU-stack
                0x0000000000000000        0x0 binaries/xsh_kill.o
 .note.GNU-stack
                0x0000000000000000        0x0 binaries/xsh_memdump.o
 .note.GNU-stack
                0x0000000000000000        0x0 binaries/xsh_memstat.o
 .note.GNU-stack
                0x0000000000000000        0x0 binaries/xsh_netinfo.o
 .note.GNU-stack
                0x0000000000000000        0x0 binaries/xsh_ping.o
 .note.GNU-stack
                0x0000000000000000        0x0 binaries/xsh_ps.o
 .note.GNU-stack
                0x0000000000000000        0x0 binaries/xsh_sleep.o
 .note.GNU-stack
                0x0000000000000000        0x0 binaries/xsh_udpdump.o
 .note.GNU-stack
                0x0000000000000000        0x0 binaries/xsh_udpecho.o
 .note.GNU-stack
                0x0000000000000000        0x0 binaries/xsh_udpserver.o
 .note.GNU-stack
                0x0000000000000000        0x0 binaries/xsh_uptime.o
